nkStmtList
  nkImportStmt
    nkStrLit "nsharp/intrinsics"
  nkPragma
    nkIdent 'push'
    nkExprColonExpr
      nkIdent 'overflowChecks'
      nkIdent 'off'
  nkImportStmt
    nkStrLit "System"
  nkImportStmt
    nkStrLit "System/Collections/Generic"
  nkTypeSection
    nkTypeDef
      nkPostfix
        nkIdent '*'
        nkIdent 'Program'
      nkEmpty
      nkRefTy
        nkObjectTy
          nkEmpty
          nkOfInherit
            nkIdent 'RootObj'
          nkRecList
  nkProcDef
    nkIdent 'IsEven'
    nkEmpty
    nkEmpty
    nkFormalParams
      nkIdent 'bool'
      nkIdentDefs
        nkIdent 'x'
        nkIdent 'int32'
        nkEmpty
    nkEmpty
    nkEmpty
    nkStmtList
      nkReturnStmt
        nkInfix
          nkIdent '=='
          nkCall
            nkIdent 'nsMod'
            nkIdent 'x'
            nkIntLit 2
          nkIntLit 0
  nkProcDef
    nkIdent 'IsBig'
    nkEmpty
    nkEmpty
    nkFormalParams
      nkIdent 'bool'
      nkIdentDefs
        nkIdent 'x'
        nkIdent 'int32'
        nkEmpty
    nkEmpty
    nkEmpty
    nkStmtList
      nkReturnStmt
        nkInfix
          nkIdent '>'
          nkIdent 'x'
          nkIntLit 100
  nkProcDef
    nkIdent 'Descending'
    nkEmpty
    nkEmpty
    nkFormalParams
      nkIdent 'int32'
      nkIdentDefs
        nkIdent 'a'
        nkIdent 'int32'
        nkEmpty
      nkIdentDefs
        nkIdent 'b'
        nkIdent 'int32'
        nkEmpty
    nkEmpty
    nkEmpty
    nkStmtList
      nkReturnStmt
        nkInfix
          nkIdent '-'
          nkIdent 'b'
          nkIdent 'a'
  nkProcDef
    nkIdent 'Tag'
    nkEmpty
    nkEmpty
    nkFormalParams
      nkIdent 'string'
      nkIdentDefs
        nkIdent 'x'
        nkIdent 'int32'
        nkEmpty
    nkEmpty
    nkEmpty
    nkStmtList
      nkReturnStmt
        nkInfix
          nkIdent '+'
          nkStrLit "#"
          nkIdent 'x'
  nkProcDef
    nkIdent 'Print'
    nkEmpty
    nkEmpty
    nkFormalParams
      nkEmpty
      nkIdentDefs
        nkIdent 'x'
        nkIdent 'int32'
        nkEmpty
    nkEmpty
    nkEmpty
    nkStmtList
      nkCall
        nkIdent 'WriteLine'
        nkInfix
          nkIdent '+'
          nkStrLit "item "
          nkIdent 'x'
  nkProcDef
    nkIdent 'Main'
    nkEmpty
    nkEmpty
    nkFormalParams
      nkEmpty
    nkEmpty
    nkEmpty
    nkStmtList
      nkVarSection
        nkIdentDefs
          nkIdent 'xs'
          nkBracketExpr
            nkIdent 'List'
            nkIdent 'int32'
          nkCall
            nkBracketExpr
              nkIdent 'newList'
              nkIdent 'int32'
      nkCall
        nkDotExpr
          nkIdent 'xs'
          nkIdent 'Add'
        nkIntLit 5
      nkCall
        nkDotExpr
          nkIdent 'xs'
          nkIdent 'Add'
        nkIntLit 2
      nkCall
        nkDotExpr
          nkIdent 'xs'
          nkIdent 'Add'
        nkIntLit 8
      nkVarSection
        nkIdentDefs
          nkIdent 'alias'
          nkBracketExpr
            nkIdent 'List'
            nkIdent 'int32'
          nkIdent 'xs'
      nkCall
        nkDotExpr
          nkIdent 'alias'
          nkIdent 'Add'
        nkIntLit 1
      nkCall
        nkIdent 'WriteLine'
        nkDotExpr
          nkIdent 'xs'
          nkIdent 'Count'
      nkVarSection
        nkIdentDefs
          nkIdent 'none'
          nkBracketExpr
            nkIdent 'List'
            nkIdent 'int32'
          nkNilLit
      nkCall
        nkIdent 'WriteLine'
        nkInfix
          nkIdent '=='
          nkIdent 'none'
          nkNilLit
      nkAsgn
        nkBracketExpr
          nkIdent 'xs'
          nkIntLit 0
        nkInfix
          nkIdent '+'
          nkBracketExpr
            nkIdent 'xs'
            nkIntLit 0
          nkIntLit 10
      nkCall
        nkIdent 'WriteLine'
        nkBracketExpr
          nkIdent 'xs'
          nkIntLit 0
      nkVarSection
        nkIdentDefs
          nkIdent 'even'
          nkBracketExpr
            nkIdent 'Predicate'
            nkIdent 'int32'
          nkIdent 'IsEven'
      nkVarSection
        nkIdentDefs
          nkIdent 'big'
          nkBracketExpr
            nkIdent 'Predicate'
            nkIdent 'int32'
          nkIdent 'IsBig'
      nkCall
        nkIdent 'WriteLine'
        nkCall
          nkDotExpr
            nkIdent 'xs'
            nkIdent 'FindIndex'
          nkIdent 'even'
      nkCall
        nkIdent 'WriteLine'
        nkCall
          nkDotExpr
            nkIdent 'xs'
            nkIdent 'FindLastIndex'
          nkIdent 'even'
      nkCall
        nkIdent 'WriteLine'
        nkCall
          nkDotExpr
            nkIdent 'xs'
            nkIdent 'Find'
          nkIdent 'even'
      nkCall
        nkIdent 'WriteLine'
        nkCall
          nkDotExpr
            nkIdent 'xs'
            nkIdent 'FindLast'
          nkIdent 'even'
      nkCall
        nkIdent 'WriteLine'
        nkCall
          nkDotExpr
            nkIdent 'xs'
            nkIdent 'Find'
          nkIdent 'big'
      nkCall
        nkIdent 'WriteLine'
        nkCall
          nkDotExpr
            nkIdent 'xs'
            nkIdent 'Exists'
          nkIdent 'big'
      nkCall
        nkIdent 'WriteLine'
        nkCall
          nkDotExpr
            nkIdent 'xs'
            nkIdent 'TrueForAll'
          nkIdent 'even'
      nkVarSection
        nkIdentDefs
          nkIdent 'evens'
          nkBracketExpr
            nkIdent 'List'
            nkIdent 'int32'
          nkCall
            nkDotExpr
              nkIdent 'xs'
              nkIdent 'FindAll'
            nkIdent 'even'
      nkCall
        nkIdent 'WriteLine'
        nkDotExpr
          nkIdent 'evens'
          nkIdent 'Count'
      nkVarSection
        nkIdentDefs
          nkIdent 'print'
          nkBracketExpr
            nkIdent 'Action'
            nkIdent 'int32'
          nkIdent 'Print'
      nkCall
        nkDotExpr
          nkIdent 'xs'
          nkIdent 'ForEach'
        nkIdent 'print'
      nkVarSection
        nkIdentDefs
          nkIdent 'tag'
          nkBracketExpr
            nkIdent 'Converter'
            nkIdent 'int32'
            nkIdent 'string'
          nkIdent 'Tag'
      nkVarSection
        nkIdentDefs
          nkIdent 'tags'
          nkBracketExpr
            nkIdent 'List'
            nkIdent 'string'
          nkCall
            nkDotExpr
              nkIdent 'xs'
              nkIdent 'ConvertAll'
            nkIdent 'tag'
      nkCall
        nkIdent 'WriteLine'
        nkBracketExpr
          nkIdent 'tags'
          nkIntLit 0
      nkVarSection
        nkIdentDefs
          nkIdent 'desc'
          nkBracketExpr
            nkIdent 'Comparison'
            nkIdent 'int32'
          nkIdent 'Descending'
      nkCall
        nkDotExpr
          nkIdent 'xs'
          nkIdent 'Sort'
        nkIdent 'desc'
      nkCall
        nkIdent 'WriteLine'
        nkBracketExpr
          nkIdent 'xs'
          nkIntLit 0
      nkCall
        nkDotExpr
          nkIdent 'xs'
          nkIdent 'Sort'
      nkCall
        nkIdent 'WriteLine'
        nkBracketExpr
          nkIdent 'xs'
          nkIntLit 0
      nkCall
        nkIdent 'WriteLine'
        nkCall
          nkDotExpr
            nkIdent 'xs'
            nkIdent 'BinarySearch'
          nkIntLit 8
      nkCall
        nkIdent 'WriteLine'
        nkCall
          nkDotExpr
            nkIdent 'xs'
            nkIdent 'BinarySearch'
          nkIntLit 3
      nkVarSection
        nkIdentDefs
          nkIdent 'copy'
          nkBracketExpr
            nkIdent 'List'
            nkIdent 'int32'
          nkCall
            nkBracketExpr
              nkIdent 'newList'
              nkIdent 'int32'
            nkIdent 'xs'
      nkCall
        nkDotExpr
          nkIdent 'copy'
          nkIdent 'AddRange'
        nkIdent 'xs'
      nkCall
        nkIdent 'WriteLine'
        nkDotExpr
          nkIdent 'copy'
          nkIdent 'Count'
      nkCall
        nkDotExpr
          nkIdent 'copy'
          nkIdent 'RemoveRange'
        nkIntLit 0
        nkIntLit 4
      nkCall
        nkIdent 'WriteLine'
        nkDotExpr
          nkIdent 'copy'
          nkIdent 'Count'
      nkCall
        nkDotExpr
          nkIdent 'copy'
          nkIdent 'InsertRange'
        nkIntLit 1
        nkIdent 'xs'
      nkCall
        nkIdent 'WriteLine'
        nkDotExpr
          nkIdent 'copy'
          nkIdent 'Count'
      nkCall
        nkIdent 'WriteLine'
        nkCall
          nkDotExpr
            nkIdent 'copy'
            nkIdent 'IndexOf'
          nkIntLit 15
          nkIntLit 2
      nkCall
        nkIdent 'WriteLine'
        nkCall
          nkDotExpr
            nkIdent 'copy'
            nkIdent 'LastIndexOf'
          nkIntLit 1
      nkCall
        nkIdent 'WriteLine'
        nkCall
          nkDotExpr
            nkIdent 'copy'
            nkIdent 'RemoveAll'
          nkIdent 'even'
      nkCall
        nkIdent 'WriteLine'
        nkDotExpr
          nkIdent 'copy'
          nkIdent 'Count'
      nkVarSection
        nkIdentDefs
          nkIdent 'mid'
          nkBracketExpr
            nkIdent 'List'
            nkIdent 'int32'
          nkCall
            nkDotExpr
              nkIdent 'xs'
              nkIdent 'GetRange'
            nkIntLit 1
            nkIntLit 2
      nkCall
        nkIdent 'WriteLine'
        nkInfix
          nkIdent '+'
          nkBracketExpr
            nkIdent 'mid'
            nkIntLit 0
          nkBracketExpr
            nkIdent 'mid'
            nkIntLit 1
      nkVarSection
        nkIdentDefs
          nkIdent 'arr'
          nkBracketExpr
            nkIdent 'seq'
            nkIdent 'int32'
          nkCall
            nkDotExpr
              nkIdent 'xs'
              nkIdent 'ToArray'
      nkCall
        nkIdent 'WriteLine'
        nkDotExpr
          nkIdent 'arr'
          nkIdent 'Length'
      nkVarSection
        nkIdentDefs
          nkIdent 'buffer'
          nkBracketExpr
            nkIdent 'seq'
            nkIdent 'int32'
          nkCall
            nkBracketExpr
              nkIdent 'newSeq'
              nkIdent 'int32'
            nkIntLit 6
      nkCall
        nkDotExpr
          nkIdent 'xs'
          nkIdent 'CopyTo'
        nkIdent 'buffer'
        nkIntLit 2
      nkCall
        nkIdent 'WriteLine'
        nkBracketExpr
          nkIdent 'buffer'
          nkIntLit 2
      nkCall
        nkDotExpr
          nkIdent 'xs'
          nkIdent 'Reverse'
      nkCall
        nkIdent 'WriteLine'
        nkBracketExpr
          nkIdent 'xs'
          nkIntLit 0
      nkCall
        nkDotExpr
          nkIdent 'xs'
          nkIdent 'Insert'
        nkIntLit 0
        nkIntLit 42
      nkCall
        nkDotExpr
          nkIdent 'xs'
          nkIdent 'RemoveAt'
        nkIntLit 1
      nkCall
        nkIdent 'WriteLine'
        nkInfix
          nkIdent '+'
          nkBracketExpr
            nkIdent 'xs'
            nkIntLit 0
          nkBracketExpr
            nkIdent 'xs'
            nkIntLit 1
      nkTryStmt
        nkStmtList
          nkCall
            nkIdent 'WriteLine'
            nkBracketExpr
              nkIdent 'xs'
              nkIntLit 99
        nkExceptBranch
          nkInfix
            nkIdent 'as'
            nkIdent 'ArgumentOutOfRangeException'
            nkIdent 'e'
          nkStmtList
            nkCall
              nkIdent 'WriteLine'
              nkStrLit "out of range"
      nkTryStmt
        nkStmtList
          nkForStmt
            nkIdent 'x'
            nkIdent 'xs'
            nkStmtList
              nkCall
                nkDotExpr
                  nkIdent 'xs'
                  nkIdent 'Add'
                nkIdent 'x'
        nkExceptBranch
          nkInfix
            nkIdent 'as'
            nkIdent 'InvalidOperationException'
            nkIdent 'e'
          nkStmtList
            nkCall
              nkIdent 'WriteLine'
              nkDotExpr
                nkIdent 'e'
                nkIdent 'Message'
      nkCall
        nkDotExpr
          nkIdent 'xs'
          nkIdent 'Clear'
      nkCall
        nkIdent 'WriteLine'
        nkDotExpr
          nkIdent 'xs'
          nkIdent 'Count'
      nkCall
        nkIdent 'WriteLine'
        nkDotExpr
          nkIdent 'alias'
          nkIdent 'Count'
  nkProcDef
    nkPostfix
      nkIdent '*'
      nkIdent 'initProgram'
    nkEmpty
    nkEmpty
    nkFormalParams
      nkEmpty
      nkIdentDefs
        nkIdent 'self'
        nkIdent 'Program'
        nkEmpty
    nkEmpty
    nkEmpty
    nkStmtList
  nkProcDef
    nkPostfix
      nkIdent '*'
      nkIdent 'newProgram'
    nkEmpty
    nkEmpty
    nkFormalParams
      nkIdent 'Program'
    nkPragma
      nkIdent 'discardable'
    nkEmpty
    nkStmtList
      nkCall
        nkIdent 'new'
        nkIdent 'result'
      nkCall
        nkIdent 'initProgram'
        nkIdent 'result'
  nkWhenStmt
    nkElifBranch
      nkIdent 'isMainModule'
      nkStmtList
        nkCall
          nkIdent 'Main'
