nkStmtList
  nkImportStmt
    nkStrLit "nsharp/intrinsics"
  nkPragma
    nkIdent 'push'
    nkExprColonExpr
      nkIdent 'overflowChecks'
      nkIdent 'off'
  nkImportStmt
    nkStrLit "System"
  nkTypeSection
    nkTypeDef
      nkPostfix
        nkIdent '*'
        nkIdent 'nsVT_IGreeter'
      nkEmpty
      nkObjectTy
        nkEmpty
        nkEmpty
        nkRecList
          nkIdentDefs
            nkPostfix
              nkIdent '*'
              nkIdent 'nsReady'
            nkIdent 'bool'
            nkEmpty
          nkIdentDefs
            nkPostfix
              nkIdent '*'
              nkIdent 'f0'
            nkProcTy
              nkFormalParams
                nkIdent 'string'
                nkIdentDefs
                  nkIdent 'self'
                  nkIdent 'RootRef'
                  nkEmpty
              nkPragma
                nkIdent 'nimcall'
            nkEmpty
          nkIdentDefs
            nkPostfix
              nkIdent '*'
              nkIdent 'f1'
            nkProcTy
              nkFormalParams
                nkIdent 'string'
                nkIdentDefs
                  nkIdent 'self'
                  nkIdent 'RootRef'
                  nkEmpty
              nkPragma
                nkIdent 'nimcall'
            nkEmpty
          nkIdentDefs
            nkPostfix
              nkIdent '*'
              nkIdent 'f2'
            nkProcTy
              nkFormalParams
                nkIdent 'string'
                nkIdentDefs
                  nkIdent 'self'
                  nkIdent 'RootRef'
                  nkEmpty
              nkPragma
                nkIdent 'nimcall'
            nkEmpty
    nkTypeDef
      nkPostfix
        nkIdent '*'
        nkIdent 'IGreeter'
      nkEmpty
      nkObjectTy
        nkEmpty
        nkEmpty
        nkRecList
          nkIdentDefs
            nkPostfix
              nkIdent '*'
              nkIdent 'nsObj'
            nkIdent 'RootRef'
            nkEmpty
          nkIdentDefs
            nkPostfix
              nkIdent '*'
              nkIdent 'nsVt'
            nkPtrTy
              nkIdent 'nsVT_IGreeter'
            nkEmpty
    nkTypeDef
      nkPostfix
        nkIdent '*'
        nkIdent 'Plain'
      nkEmpty
      nkRefTy
        nkObjectTy
          nkEmpty
          nkOfInherit
            nkIdent 'RootObj'
          nkRecList
    nkTypeDef
      nkPostfix
        nkIdent '*'
        nkIdent 'Custom'
      nkEmpty
      nkRefTy
        nkObjectTy
          nkEmpty
          nkOfInherit
            nkIdent 'RootObj'
          nkRecList
    nkTypeDef
      nkPostfix
        nkIdent '*'
        nkIdent 'Loud'
      nkEmpty
      nkRefTy
        nkObjectTy
          nkEmpty
          nkOfInherit
            nkIdent 'RootObj'
          nkRecList
    nkTypeDef
      nkPostfix
        nkIdent '*'
        nkIdent 'Program'
      nkEmpty
      nkRefTy
        nkObjectTy
          nkEmpty
          nkOfInherit
            nkIdent 'RootObj'
          nkRecList
  nkProcDef
    nkPostfix
      nkIdent '*'
      nkIdent 'Name'
    nkEmpty
    nkEmpty
    nkFormalParams
      nkIdent 'string'
      nkIdentDefs
        nkIdent 'self'
        nkIdent 'IGreeter'
        nkEmpty
    nkEmpty
    nkEmpty
    nkEmpty
  nkProcDef
    nkPostfix
      nkIdent '*'
      nkIdent 'Greet'
    nkEmpty
    nkEmpty
    nkFormalParams
      nkIdent 'string'
      nkIdentDefs
        nkIdent 'self'
        nkIdent 'IGreeter'
        nkEmpty
    nkEmpty
    nkEmpty
    nkEmpty
  nkProcDef
    nkPostfix
      nkIdent '*'
      nkIdent 'Suffix'
    nkEmpty
    nkEmpty
    nkFormalParams
      nkIdent 'string'
      nkIdentDefs
        nkIdent 'self'
        nkIdent 'IGreeter'
        nkEmpty
    nkEmpty
    nkEmpty
    nkEmpty
  nkProcDef
    nkPostfix
      nkIdent '*'
      nkIdent 'nsDefault_IGreeter_Greet'
    nkEmpty
    nkEmpty
    nkFormalParams
      nkIdent 'string'
      nkIdentDefs
        nkIdent 'self'
        nkIdent 'IGreeter'
        nkEmpty
    nkPragma
      nkIdent 'discardable'
    nkEmpty
    nkEmpty
  nkProcDef
    nkPostfix
      nkIdent '*'
      nkIdent 'nsDefault_IGreeter_Suffix'
    nkEmpty
    nkEmpty
    nkFormalParams
      nkIdent 'string'
      nkIdentDefs
        nkIdent 'self'
        nkIdent 'IGreeter'
        nkEmpty
    nkPragma
      nkIdent 'discardable'
    nkEmpty
    nkEmpty
  nkProcDef
    nkPostfix
      nkIdent '*'
      nkIdent '$'
    nkEmpty
    nkEmpty
    nkFormalParams
      nkIdent 'string'
      nkIdentDefs
        nkIdent 'self'
        nkIdent 'IGreeter'
        nkEmpty
    nkEmpty
    nkEmpty
    nkEmpty
  nkProcDef
    nkPostfix
      nkIdent '*'
      nkIdent 'ToString'
    nkEmpty
    nkEmpty
    nkFormalParams
      nkIdent 'string'
      nkIdentDefs
        nkIdent 'self'
        nkIdent 'IGreeter'
        nkEmpty
    nkEmpty
    nkEmpty
    nkEmpty
  nkMethodDef
    nkPostfix
      nkIdent '*'
      nkIdent 'nsAsIGreeter'
    nkEmpty
    nkEmpty
    nkFormalParams
      nkIdent 'IGreeter'
      nkIdentDefs
        nkIdent 'x'
        nkIdent 'RootRef'
        nkEmpty
    nkPragma
      nkIdent 'base'
    nkEmpty
    nkEmpty
  nkMethodDef
    nkPostfix
      nkIdent '*'
      nkIdent 'ToString'
    nkEmpty
    nkEmpty
    nkFormalParams
      nkIdent 'string'
      nkIdentDefs
        nkIdent 'self'
        nkIdent 'Plain'
        nkEmpty
    nkEmpty
    nkEmpty
    nkEmpty
  nkProcDef
    nkPostfix
      nkIdent '*'
      nkIdent 'nsTypeOf'
    nkEmpty
    nkEmpty
    nkFormalParams
      nkIdent 'Type'
      nkIdentDefs
        nkIdent 't'
        nkBracketExpr
          nkIdent 'typedesc'
          nkIdent 'Plain'
        nkEmpty
    nkEmpty
    nkEmpty
    nkEmpty
  nkMethodDef
    nkPostfix
      nkIdent '*'
      nkIdent 'nsTypeName'
    nkEmpty
    nkEmpty
    nkFormalParams
      nkIdent 'string'
      nkIdentDefs
        nkIdent 'self'
        nkIdent 'Plain'
        nkEmpty
    nkEmpty
    nkEmpty
    nkEmpty
  nkProcDef
    nkPostfix
      nkIdent '*'
      nkIdent 'nsVtGet_Plain_IGreeter'
    nkEmpty
    nkEmpty
    nkFormalParams
      nkPtrTy
        nkIdent 'nsVT_IGreeter'
    nkEmpty
    nkEmpty
    nkEmpty
  nkConverterDef
    nkPostfix
      nkIdent '*'
      nkIdent 'nsTo_IGreeter'
    nkEmpty
    nkEmpty
    nkFormalParams
      nkIdent 'IGreeter'
      nkIdentDefs
        nkIdent 'x'
        nkIdent 'Plain'
        nkEmpty
    nkEmpty
    nkEmpty
    nkEmpty
  nkMethodDef
    nkPostfix
      nkIdent '*'
      nkIdent 'nsAsIGreeter'
    nkEmpty
    nkEmpty
    nkFormalParams
      nkIdent 'IGreeter'
      nkIdentDefs
        nkIdent 'x'
        nkIdent 'Plain'
        nkEmpty
    nkEmpty
    nkEmpty
    nkEmpty
  nkProcDef
    nkPostfix
      nkIdent '*'
      nkIdent 'Name'
    nkEmpty
    nkEmpty
    nkFormalParams
      nkIdent 'string'
      nkIdentDefs
        nkIdent 'self'
        nkIdent 'Plain'
        nkEmpty
    nkEmpty
    nkEmpty
    nkEmpty
  nkProcDef
    nkPostfix
      nkIdent '*'
      nkIdent 'nsCreate'
    nkEmpty
    nkEmpty
    nkFormalParams
      nkIdent 'Plain'
      nkIdentDefs
        nkIdent 't'
        nkBracketExpr
          nkIdent 'typedesc'
          nkIdent 'Plain'
        nkEmpty
    nkEmpty
    nkEmpty
    nkEmpty
  nkProcDef
    nkPostfix
      nkIdent '*'
      nkIdent 'initPlain'
    nkEmpty
    nkEmpty
    nkFormalParams
      nkEmpty
      nkIdentDefs
        nkIdent 'self'
        nkIdent 'Plain'
        nkEmpty
    nkEmpty
    nkEmpty
    nkEmpty
  nkProcDef
    nkPostfix
      nkIdent '*'
      nkIdent 'newPlain'
    nkEmpty
    nkEmpty
    nkFormalParams
      nkIdent 'Plain'
    nkPragma
      nkIdent 'discardable'
    nkEmpty
    nkEmpty
  nkMethodDef
    nkPostfix
      nkIdent '*'
      nkIdent 'ToString'
    nkEmpty
    nkEmpty
    nkFormalParams
      nkIdent 'string'
      nkIdentDefs
        nkIdent 'self'
        nkIdent 'Custom'
        nkEmpty
    nkEmpty
    nkEmpty
    nkEmpty
  nkProcDef
    nkPostfix
      nkIdent '*'
      nkIdent 'nsTypeOf'
    nkEmpty
    nkEmpty
    nkFormalParams
      nkIdent 'Type'
      nkIdentDefs
        nkIdent 't'
        nkBracketExpr
          nkIdent 'typedesc'
          nkIdent 'Custom'
        nkEmpty
    nkEmpty
    nkEmpty
    nkEmpty
  nkMethodDef
    nkPostfix
      nkIdent '*'
      nkIdent 'nsTypeName'
    nkEmpty
    nkEmpty
    nkFormalParams
      nkIdent 'string'
      nkIdentDefs
        nkIdent 'self'
        nkIdent 'Custom'
        nkEmpty
    nkEmpty
    nkEmpty
    nkEmpty
  nkProcDef
    nkPostfix
      nkIdent '*'
      nkIdent 'nsVtGet_Custom_IGreeter'
    nkEmpty
    nkEmpty
    nkFormalParams
      nkPtrTy
        nkIdent 'nsVT_IGreeter'
    nkEmpty
    nkEmpty
    nkEmpty
  nkConverterDef
    nkPostfix
      nkIdent '*'
      nkIdent 'nsTo_IGreeter'
    nkEmpty
    nkEmpty
    nkFormalParams
      nkIdent 'IGreeter'
      nkIdentDefs
        nkIdent 'x'
        nkIdent 'Custom'
        nkEmpty
    nkEmpty
    nkEmpty
    nkEmpty
  nkMethodDef
    nkPostfix
      nkIdent '*'
      nkIdent 'nsAsIGreeter'
    nkEmpty
    nkEmpty
    nkFormalParams
      nkIdent 'IGreeter'
      nkIdentDefs
        nkIdent 'x'
        nkIdent 'Custom'
        nkEmpty
    nkEmpty
    nkEmpty
    nkEmpty
  nkProcDef
    nkPostfix
      nkIdent '*'
      nkIdent 'Name'
    nkEmpty
    nkEmpty
    nkFormalParams
      nkIdent 'string'
      nkIdentDefs
        nkIdent 'self'
        nkIdent 'Custom'
        nkEmpty
    nkEmpty
    nkEmpty
    nkEmpty
  nkProcDef
    nkPostfix
      nkIdent '*'
      nkIdent 'Greet'
    nkEmpty
    nkEmpty
    nkFormalParams
      nkIdent 'string'
      nkIdentDefs
        nkIdent 'self'
        nkIdent 'Custom'
        nkEmpty
    nkPragma
      nkIdent 'discardable'
    nkEmpty
    nkEmpty
  nkProcDef
    nkPostfix
      nkIdent '*'
      nkIdent 'nsCreate'
    nkEmpty
    nkEmpty
    nkFormalParams
      nkIdent 'Custom'
      nkIdentDefs
        nkIdent 't'
        nkBracketExpr
          nkIdent 'typedesc'
          nkIdent 'Custom'
        nkEmpty
    nkEmpty
    nkEmpty
    nkEmpty
  nkProcDef
    nkPostfix
      nkIdent '*'
      nkIdent 'initCustom'
    nkEmpty
    nkEmpty
    nkFormalParams
      nkEmpty
      nkIdentDefs
        nkIdent 'self'
        nkIdent 'Custom'
        nkEmpty
    nkEmpty
    nkEmpty
    nkEmpty
  nkProcDef
    nkPostfix
      nkIdent '*'
      nkIdent 'newCustom'
    nkEmpty
    nkEmpty
    nkFormalParams
      nkIdent 'Custom'
    nkPragma
      nkIdent 'discardable'
    nkEmpty
    nkEmpty
  nkMethodDef
    nkPostfix
      nkIdent '*'
      nkIdent 'ToString'
    nkEmpty
    nkEmpty
    nkFormalParams
      nkIdent 'string'
      nkIdentDefs
        nkIdent 'self'
        nkIdent 'Loud'
        nkEmpty
    nkEmpty
    nkEmpty
    nkEmpty
  nkProcDef
    nkPostfix
      nkIdent '*'
      nkIdent 'nsTypeOf'
    nkEmpty
    nkEmpty
    nkFormalParams
      nkIdent 'Type'
      nkIdentDefs
        nkIdent 't'
        nkBracketExpr
          nkIdent 'typedesc'
          nkIdent 'Loud'
        nkEmpty
    nkEmpty
    nkEmpty
    nkEmpty
  nkMethodDef
    nkPostfix
      nkIdent '*'
      nkIdent 'nsTypeName'
    nkEmpty
    nkEmpty
    nkFormalParams
      nkIdent 'string'
      nkIdentDefs
        nkIdent 'self'
        nkIdent 'Loud'
        nkEmpty
    nkEmpty
    nkEmpty
    nkEmpty
  nkProcDef
    nkPostfix
      nkIdent '*'
      nkIdent 'nsVtGet_Loud_IGreeter'
    nkEmpty
    nkEmpty
    nkFormalParams
      nkPtrTy
        nkIdent 'nsVT_IGreeter'
    nkEmpty
    nkEmpty
    nkEmpty
  nkConverterDef
    nkPostfix
      nkIdent '*'
      nkIdent 'nsTo_IGreeter'
    nkEmpty
    nkEmpty
    nkFormalParams
      nkIdent 'IGreeter'
      nkIdentDefs
        nkIdent 'x'
        nkIdent 'Loud'
        nkEmpty
    nkEmpty
    nkEmpty
    nkEmpty
  nkMethodDef
    nkPostfix
      nkIdent '*'
      nkIdent 'nsAsIGreeter'
    nkEmpty
    nkEmpty
    nkFormalParams
      nkIdent 'IGreeter'
      nkIdentDefs
        nkIdent 'x'
        nkIdent 'Loud'
        nkEmpty
    nkEmpty
    nkEmpty
    nkEmpty
  nkProcDef
    nkPostfix
      nkIdent '*'
      nkIdent 'Name'
    nkEmpty
    nkEmpty
    nkFormalParams
      nkIdent 'string'
      nkIdentDefs
        nkIdent 'self'
        nkIdent 'Loud'
        nkEmpty
    nkEmpty
    nkEmpty
    nkEmpty
  nkProcDef
    nkPostfix
      nkIdent '*'
      nkIdent 'Suffix'
    nkEmpty
    nkEmpty
    nkFormalParams
      nkIdent 'string'
      nkIdentDefs
        nkIdent 'self'
        nkIdent 'Loud'
        nkEmpty
    nkPragma
      nkIdent 'discardable'
    nkEmpty
    nkEmpty
  nkProcDef
    nkPostfix
      nkIdent '*'
      nkIdent 'nsCreate'
    nkEmpty
    nkEmpty
    nkFormalParams
      nkIdent 'Loud'
      nkIdentDefs
        nkIdent 't'
        nkBracketExpr
          nkIdent 'typedesc'
          nkIdent 'Loud'
        nkEmpty
    nkEmpty
    nkEmpty
    nkEmpty
  nkProcDef
    nkPostfix
      nkIdent '*'
      nkIdent 'initLoud'
    nkEmpty
    nkEmpty
    nkFormalParams
      nkEmpty
      nkIdentDefs
        nkIdent 'self'
        nkIdent 'Loud'
        nkEmpty
    nkEmpty
    nkEmpty
    nkEmpty
  nkProcDef
    nkPostfix
      nkIdent '*'
      nkIdent 'newLoud'
    nkEmpty
    nkEmpty
    nkFormalParams
      nkIdent 'Loud'
    nkPragma
      nkIdent 'discardable'
    nkEmpty
    nkEmpty
  nkMethodDef
    nkPostfix
      nkIdent '*'
      nkIdent 'ToString'
    nkEmpty
    nkEmpty
    nkFormalParams
      nkIdent 'string'
      nkIdentDefs
        nkIdent 'self'
        nkIdent 'Program'
        nkEmpty
    nkEmpty
    nkEmpty
    nkEmpty
  nkProcDef
    nkPostfix
      nkIdent '*'
      nkIdent 'nsTypeOf'
    nkEmpty
    nkEmpty
    nkFormalParams
      nkIdent 'Type'
      nkIdentDefs
        nkIdent 't'
        nkBracketExpr
          nkIdent 'typedesc'
          nkIdent 'Program'
        nkEmpty
    nkEmpty
    nkEmpty
    nkEmpty
  nkMethodDef
    nkPostfix
      nkIdent '*'
      nkIdent 'nsTypeName'
    nkEmpty
    nkEmpty
    nkFormalParams
      nkIdent 'string'
      nkIdentDefs
        nkIdent 'self'
        nkIdent 'Program'
        nkEmpty
    nkEmpty
    nkEmpty
    nkEmpty
  nkProcDef
    nkIdent 'Main'
    nkEmpty
    nkEmpty
    nkFormalParams
      nkEmpty
    nkEmpty
    nkEmpty
    nkEmpty
  nkProcDef
    nkPostfix
      nkIdent '*'
      nkIdent 'nsCreate'
    nkEmpty
    nkEmpty
    nkFormalParams
      nkIdent 'Program'
      nkIdentDefs
        nkIdent 't'
        nkBracketExpr
          nkIdent 'typedesc'
          nkIdent 'Program'
        nkEmpty
    nkEmpty
    nkEmpty
    nkEmpty
  nkProcDef
    nkPostfix
      nkIdent '*'
      nkIdent 'initProgram'
    nkEmpty
    nkEmpty
    nkFormalParams
      nkEmpty
      nkIdentDefs
        nkIdent 'self'
        nkIdent 'Program'
        nkEmpty
    nkEmpty
    nkEmpty
    nkEmpty
  nkProcDef
    nkPostfix
      nkIdent '*'
      nkIdent 'newProgram'
    nkEmpty
    nkEmpty
    nkFormalParams
      nkIdent 'Program'
    nkPragma
      nkIdent 'discardable'
    nkEmpty
    nkEmpty
  nkProcDef
    nkPostfix
      nkIdent '*'
      nkIdent 'Name'
    nkEmpty
    nkEmpty
    nkFormalParams
      nkIdent 'string'
      nkIdentDefs
        nkIdent 'self'
        nkIdent 'IGreeter'
        nkEmpty
    nkEmpty
    nkEmpty
    nkStmtList
      nkCall
        nkPar
          nkDotExpr
            nkDotExpr
              nkIdent 'self'
              nkIdent 'nsVt'
            nkIdent 'f0'
        nkCall
          nkIdent 'nsCheckNil'
          nkDotExpr
            nkIdent 'self'
            nkIdent 'nsObj'
  nkProcDef
    nkPostfix
      nkIdent '*'
      nkIdent 'Greet'
    nkEmpty
    nkEmpty
    nkFormalParams
      nkIdent 'string'
      nkIdentDefs
        nkIdent 'self'
        nkIdent 'IGreeter'
        nkEmpty
    nkEmpty
    nkEmpty
    nkStmtList
      nkCall
        nkPar
          nkDotExpr
            nkDotExpr
              nkIdent 'self'
              nkIdent 'nsVt'
            nkIdent 'f1'
        nkCall
          nkIdent 'nsCheckNil'
          nkDotExpr
            nkIdent 'self'
            nkIdent 'nsObj'
  nkProcDef
    nkPostfix
      nkIdent '*'
      nkIdent 'Suffix'
    nkEmpty
    nkEmpty
    nkFormalParams
      nkIdent 'string'
      nkIdentDefs
        nkIdent 'self'
        nkIdent 'IGreeter'
        nkEmpty
    nkEmpty
    nkEmpty
    nkStmtList
      nkCall
        nkPar
          nkDotExpr
            nkDotExpr
              nkIdent 'self'
              nkIdent 'nsVt'
            nkIdent 'f2'
        nkCall
          nkIdent 'nsCheckNil'
          nkDotExpr
            nkIdent 'self'
            nkIdent 'nsObj'
  nkProcDef
    nkPostfix
      nkIdent '*'
      nkIdent 'nsDefault_IGreeter_Greet'
    nkEmpty
    nkEmpty
    nkFormalParams
      nkIdent 'string'
      nkIdentDefs
        nkIdent 'self'
        nkIdent 'IGreeter'
        nkEmpty
    nkPragma
      nkIdent 'discardable'
    nkEmpty
    nkStmtList
      nkReturnStmt
        nkInfix
          nkIdent '+'
          nkInfix
            nkIdent '+'
            nkStrLit "Hello, "
            nkDotExpr
              nkIdent 'self'
              nkIdent 'Name'
          nkCall
            nkDotExpr
              nkIdent 'self'
              nkIdent 'Suffix'
  nkProcDef
    nkPostfix
      nkIdent '*'
      nkIdent 'nsDefault_IGreeter_Suffix'
    nkEmpty
    nkEmpty
    nkFormalParams
      nkIdent 'string'
      nkIdentDefs
        nkIdent 'self'
        nkIdent 'IGreeter'
        nkEmpty
    nkPragma
      nkIdent 'discardable'
    nkEmpty
    nkStmtList
      nkReturnStmt
        nkStrLit "!"
  nkProcDef
    nkPostfix
      nkIdent '*'
      nkIdent '$'
    nkEmpty
    nkEmpty
    nkFormalParams
      nkIdent 'string'
      nkIdentDefs
        nkIdent 'self'
        nkIdent 'IGreeter'
        nkEmpty
    nkEmpty
    nkEmpty
    nkStmtList
      nkPrefix
        nkIdent '$'
        nkDotExpr
          nkIdent 'self'
          nkIdent 'nsObj'
  nkProcDef
    nkPostfix
      nkIdent '*'
      nkIdent 'ToString'
    nkEmpty
    nkEmpty
    nkFormalParams
      nkIdent 'string'
      nkIdentDefs
        nkIdent 'self'
        nkIdent 'IGreeter'
        nkEmpty
    nkEmpty
    nkEmpty
    nkStmtList
      nkPrefix
        nkIdent '$'
        nkDotExpr
          nkIdent 'self'
          nkIdent 'nsObj'
  nkMethodDef
    nkPostfix
      nkIdent '*'
      nkIdent 'nsAsIGreeter'
    nkEmpty
    nkEmpty
    nkFormalParams
      nkIdent 'IGreeter'
      nkIdentDefs
        nkIdent 'x'
        nkIdent 'RootRef'
        nkEmpty
    nkPragma
      nkIdent 'base'
    nkEmpty
    nkStmtList
      nkCall
        nkIdent 'default'
        nkIdent 'IGreeter'
  nkMethodDef
    nkPostfix
      nkIdent '*'
      nkIdent 'ToString'
    nkEmpty
    nkEmpty
    nkFormalParams
      nkIdent 'string'
      nkIdentDefs
        nkIdent 'self'
        nkIdent 'Plain'
        nkEmpty
    nkEmpty
    nkEmpty
    nkStmtList
      nkStrLit "Demo.Plain"
  nkProcDef
    nkPostfix
      nkIdent '*'
      nkIdent 'nsTypeOf'
    nkEmpty
    nkEmpty
    nkFormalParams
      nkIdent 'Type'
      nkIdentDefs
        nkIdent 't'
        nkBracketExpr
          nkIdent 'typedesc'
          nkIdent 'Plain'
        nkEmpty
    nkEmpty
    nkEmpty
    nkStmtList
      nkCall
        nkIdent 'nsTypeNamed'
        nkStrLit "Demo.Plain"
  nkMethodDef
    nkPostfix
      nkIdent '*'
      nkIdent 'nsTypeName'
    nkEmpty
    nkEmpty
    nkFormalParams
      nkIdent 'string'
      nkIdentDefs
        nkIdent 'self'
        nkIdent 'Plain'
        nkEmpty
    nkEmpty
    nkEmpty
    nkStmtList
      nkStrLit "Demo.Plain"
  nkProcDef
    nkPostfix
      nkIdent '*'
      nkIdent 'nsVtGet_Plain_IGreeter'
    nkEmpty
    nkEmpty
    nkFormalParams
      nkPtrTy
        nkIdent 'nsVT_IGreeter'
    nkEmpty
    nkEmpty
    nkStmtList
      nkVarSection
        nkIdentDefs
          nkPragmaExpr
            nkIdent 'nsStore'
            nkPragma
              nkIdent 'global'
          nkIdent 'nsVT_IGreeter'
          nkEmpty
      nkIfStmt
        nkElifBranch
          nkPrefix
            nkIdent 'not'
            nkDotExpr
              nkIdent 'nsStore'
              nkIdent 'nsReady'
          nkStmtList
            nkAsgn
              nkIdent 'nsStore'
              nkObjConstr
                nkIdent 'nsVT_IGreeter'
                nkExprColonExpr
                  nkIdent 'nsReady'
                  nkIdent 'true'
                nkExprColonExpr
                  nkIdent 'f0'
                  nkLambda
                    nkEmpty
                    nkEmpty
                    nkEmpty
                    nkFormalParams
                      nkIdent 'string'
                      nkIdentDefs
                        nkIdent 'self'
                        nkIdent 'RootRef'
                        nkEmpty
                    nkPragma
                      nkIdent 'nimcall'
                    nkEmpty
                    nkStmtList
                      nkCall
                        nkIdent 'Name'
                        nkCall
                          nkIdent 'Plain'
                          nkIdent 'self'
                nkExprColonExpr
                  nkIdent 'f1'
                  nkLambda
                    nkEmpty
                    nkEmpty
                    nkEmpty
                    nkFormalParams
                      nkIdent 'string'
                      nkIdentDefs
                        nkIdent 'self'
                        nkIdent 'RootRef'
                        nkEmpty
                    nkPragma
                      nkIdent 'nimcall'
                    nkEmpty
                    nkStmtList
                      nkCall
                        nkIdent 'nsDefault_IGreeter_Greet'
                        nkCall
                          nkIdent 'nsTo_IGreeter'
                          nkCall
                            nkIdent 'Plain'
                            nkIdent 'self'
                nkExprColonExpr
                  nkIdent 'f2'
                  nkLambda
                    nkEmpty
                    nkEmpty
                    nkEmpty
                    nkFormalParams
                      nkIdent 'string'
                      nkIdentDefs
                        nkIdent 'self'
                        nkIdent 'RootRef'
                        nkEmpty
                    nkPragma
                      nkIdent 'nimcall'
                    nkEmpty
                    nkStmtList
                      nkCall
                        nkIdent 'nsDefault_IGreeter_Suffix'
                        nkCall
                          nkIdent 'nsTo_IGreeter'
                          nkCall
                            nkIdent 'Plain'
                            nkIdent 'self'
      nkCall
        nkIdent 'addr'
        nkIdent 'nsStore'
  nkConverterDef
    nkPostfix
      nkIdent '*'
      nkIdent 'nsTo_IGreeter'
    nkEmpty
    nkEmpty
    nkFormalParams
      nkIdent 'IGreeter'
      nkIdentDefs
        nkIdent 'x'
        nkIdent 'Plain'
        nkEmpty
    nkEmpty
    nkEmpty
    nkStmtList
      nkIfExpr
        nkElifExpr
          nkCall
            nkIdent 'isNil'
            nkIdent 'x'
          nkCall
            nkIdent 'default'
            nkIdent 'IGreeter'
        nkElseExpr
          nkObjConstr
            nkIdent 'IGreeter'
            nkExprColonExpr
              nkIdent 'nsObj'
              nkIdent 'x'
            nkExprColonExpr
              nkIdent 'nsVt'
              nkCall
                nkIdent 'nsVtGet_Plain_IGreeter'
  nkMethodDef
    nkPostfix
      nkIdent '*'
      nkIdent 'nsAsIGreeter'
    nkEmpty
    nkEmpty
    nkFormalParams
      nkIdent 'IGreeter'
      nkIdentDefs
        nkIdent 'x'
        nkIdent 'Plain'
        nkEmpty
    nkEmpty
    nkEmpty
    nkStmtList
      nkCall
        nkIdent 'nsTo_IGreeter'
        nkIdent 'x'
  nkProcDef
    nkPostfix
      nkIdent '*'
      nkIdent 'Name'
    nkEmpty
    nkEmpty
    nkFormalParams
      nkIdent 'string'
      nkIdentDefs
        nkIdent 'self'
        nkIdent 'Plain'
        nkEmpty
    nkEmpty
    nkEmpty
    nkStmtList
      nkReturnStmt
        nkStrLit "plain"
  nkProcDef
    nkPostfix
      nkIdent '*'
      nkIdent 'nsCreate'
    nkEmpty
    nkEmpty
    nkFormalParams
      nkIdent 'Plain'
      nkIdentDefs
        nkIdent 't'
        nkBracketExpr
          nkIdent 'typedesc'
          nkIdent 'Plain'
        nkEmpty
    nkEmpty
    nkEmpty
    nkStmtList
      nkCall
        nkIdent 'newPlain'
  nkProcDef
    nkPostfix
      nkIdent '*'
      nkIdent 'initPlain'
    nkEmpty
    nkEmpty
    nkFormalParams
      nkEmpty
      nkIdentDefs
        nkIdent 'self'
        nkIdent 'Plain'
        nkEmpty
    nkEmpty
    nkEmpty
    nkStmtList
  nkProcDef
    nkPostfix
      nkIdent '*'
      nkIdent 'newPlain'
    nkEmpty
    nkEmpty
    nkFormalParams
      nkIdent 'Plain'
    nkPragma
      nkIdent 'discardable'
    nkEmpty
    nkStmtList
      nkCall
        nkIdent 'new'
        nkIdent 'result'
      nkCall
        nkIdent 'initPlain'
        nkIdent 'result'
  nkMethodDef
    nkPostfix
      nkIdent '*'
      nkIdent 'ToString'
    nkEmpty
    nkEmpty
    nkFormalParams
      nkIdent 'string'
      nkIdentDefs
        nkIdent 'self'
        nkIdent 'Custom'
        nkEmpty
    nkEmpty
    nkEmpty
    nkStmtList
      nkStrLit "Demo.Custom"
  nkProcDef
    nkPostfix
      nkIdent '*'
      nkIdent 'nsTypeOf'
    nkEmpty
    nkEmpty
    nkFormalParams
      nkIdent 'Type'
      nkIdentDefs
        nkIdent 't'
        nkBracketExpr
          nkIdent 'typedesc'
          nkIdent 'Custom'
        nkEmpty
    nkEmpty
    nkEmpty
    nkStmtList
      nkCall
        nkIdent 'nsTypeNamed'
        nkStrLit "Demo.Custom"
  nkMethodDef
    nkPostfix
      nkIdent '*'
      nkIdent 'nsTypeName'
    nkEmpty
    nkEmpty
    nkFormalParams
      nkIdent 'string'
      nkIdentDefs
        nkIdent 'self'
        nkIdent 'Custom'
        nkEmpty
    nkEmpty
    nkEmpty
    nkStmtList
      nkStrLit "Demo.Custom"
  nkProcDef
    nkPostfix
      nkIdent '*'
      nkIdent 'nsVtGet_Custom_IGreeter'
    nkEmpty
    nkEmpty
    nkFormalParams
      nkPtrTy
        nkIdent 'nsVT_IGreeter'
    nkEmpty
    nkEmpty
    nkStmtList
      nkVarSection
        nkIdentDefs
          nkPragmaExpr
            nkIdent 'nsStore'
            nkPragma
              nkIdent 'global'
          nkIdent 'nsVT_IGreeter'
          nkEmpty
      nkIfStmt
        nkElifBranch
          nkPrefix
            nkIdent 'not'
            nkDotExpr
              nkIdent 'nsStore'
              nkIdent 'nsReady'
          nkStmtList
            nkAsgn
              nkIdent 'nsStore'
              nkObjConstr
                nkIdent 'nsVT_IGreeter'
                nkExprColonExpr
                  nkIdent 'nsReady'
                  nkIdent 'true'
                nkExprColonExpr
                  nkIdent 'f0'
                  nkLambda
                    nkEmpty
                    nkEmpty
                    nkEmpty
                    nkFormalParams
                      nkIdent 'string'
                      nkIdentDefs
                        nkIdent 'self'
                        nkIdent 'RootRef'
                        nkEmpty
                    nkPragma
                      nkIdent 'nimcall'
                    nkEmpty
                    nkStmtList
                      nkCall
                        nkIdent 'Name'
                        nkCall
                          nkIdent 'Custom'
                          nkIdent 'self'
                nkExprColonExpr
                  nkIdent 'f1'
                  nkLambda
                    nkEmpty
                    nkEmpty
                    nkEmpty
                    nkFormalParams
                      nkIdent 'string'
                      nkIdentDefs
                        nkIdent 'self'
                        nkIdent 'RootRef'
                        nkEmpty
                    nkPragma
                      nkIdent 'nimcall'
                    nkEmpty
                    nkStmtList
                      nkCall
                        nkIdent 'Greet'
                        nkCall
                          nkIdent 'Custom'
                          nkIdent 'self'
                nkExprColonExpr
                  nkIdent 'f2'
                  nkLambda
                    nkEmpty
                    nkEmpty
                    nkEmpty
                    nkFormalParams
                      nkIdent 'string'
                      nkIdentDefs
                        nkIdent 'self'
                        nkIdent 'RootRef'
                        nkEmpty
                    nkPragma
                      nkIdent 'nimcall'
                    nkEmpty
                    nkStmtList
                      nkCall
                        nkIdent 'nsDefault_IGreeter_Suffix'
                        nkCall
                          nkIdent 'nsTo_IGreeter'
                          nkCall
                            nkIdent 'Custom'
                            nkIdent 'self'
      nkCall
        nkIdent 'addr'
        nkIdent 'nsStore'
  nkConverterDef
    nkPostfix
      nkIdent '*'
      nkIdent 'nsTo_IGreeter'
    nkEmpty
    nkEmpty
    nkFormalParams
      nkIdent 'IGreeter'
      nkIdentDefs
        nkIdent 'x'
        nkIdent 'Custom'
        nkEmpty
    nkEmpty
    nkEmpty
    nkStmtList
      nkIfExpr
        nkElifExpr
          nkCall
            nkIdent 'isNil'
            nkIdent 'x'
          nkCall
            nkIdent 'default'
            nkIdent 'IGreeter'
        nkElseExpr
          nkObjConstr
            nkIdent 'IGreeter'
            nkExprColonExpr
              nkIdent 'nsObj'
              nkIdent 'x'
            nkExprColonExpr
              nkIdent 'nsVt'
              nkCall
                nkIdent 'nsVtGet_Custom_IGreeter'
  nkMethodDef
    nkPostfix
      nkIdent '*'
      nkIdent 'nsAsIGreeter'
    nkEmpty
    nkEmpty
    nkFormalParams
      nkIdent 'IGreeter'
      nkIdentDefs
        nkIdent 'x'
        nkIdent 'Custom'
        nkEmpty
    nkEmpty
    nkEmpty
    nkStmtList
      nkCall
        nkIdent 'nsTo_IGreeter'
        nkIdent 'x'
  nkProcDef
    nkPostfix
      nkIdent '*'
      nkIdent 'Name'
    nkEmpty
    nkEmpty
    nkFormalParams
      nkIdent 'string'
      nkIdentDefs
        nkIdent 'self'
        nkIdent 'Custom'
        nkEmpty
    nkEmpty
    nkEmpty
    nkStmtList
      nkReturnStmt
        nkStrLit "custom"
  nkProcDef
    nkPostfix
      nkIdent '*'
      nkIdent 'Greet'
    nkEmpty
    nkEmpty
    nkFormalParams
      nkIdent 'string'
      nkIdentDefs
        nkIdent 'self'
        nkIdent 'Custom'
        nkEmpty
    nkPragma
      nkIdent 'discardable'
    nkEmpty
    nkStmtList
      nkReturnStmt
        nkInfix
          nkIdent '+'
          nkStrLit "Hi "
          nkDotExpr
            nkIdent 'self'
            nkIdent 'Name'
  nkProcDef
    nkPostfix
      nkIdent '*'
      nkIdent 'nsCreate'
    nkEmpty
    nkEmpty
    nkFormalParams
      nkIdent 'Custom'
      nkIdentDefs
        nkIdent 't'
        nkBracketExpr
          nkIdent 'typedesc'
          nkIdent 'Custom'
        nkEmpty
    nkEmpty
    nkEmpty
    nkStmtList
      nkCall
        nkIdent 'newCustom'
  nkProcDef
    nkPostfix
      nkIdent '*'
      nkIdent 'initCustom'
    nkEmpty
    nkEmpty
    nkFormalParams
      nkEmpty
      nkIdentDefs
        nkIdent 'self'
        nkIdent 'Custom'
        nkEmpty
    nkEmpty
    nkEmpty
    nkStmtList
  nkProcDef
    nkPostfix
      nkIdent '*'
      nkIdent 'newCustom'
    nkEmpty
    nkEmpty
    nkFormalParams
      nkIdent 'Custom'
    nkPragma
      nkIdent 'discardable'
    nkEmpty
    nkStmtList
      nkCall
        nkIdent 'new'
        nkIdent 'result'
      nkCall
        nkIdent 'initCustom'
        nkIdent 'result'
  nkMethodDef
    nkPostfix
      nkIdent '*'
      nkIdent 'ToString'
    nkEmpty
    nkEmpty
    nkFormalParams
      nkIdent 'string'
      nkIdentDefs
        nkIdent 'self'
        nkIdent 'Loud'
        nkEmpty
    nkEmpty
    nkEmpty
    nkStmtList
      nkStrLit "Demo.Loud"
  nkProcDef
    nkPostfix
      nkIdent '*'
      nkIdent 'nsTypeOf'
    nkEmpty
    nkEmpty
    nkFormalParams
      nkIdent 'Type'
      nkIdentDefs
        nkIdent 't'
        nkBracketExpr
          nkIdent 'typedesc'
          nkIdent 'Loud'
        nkEmpty
    nkEmpty
    nkEmpty
    nkStmtList
      nkCall
        nkIdent 'nsTypeNamed'
        nkStrLit "Demo.Loud"
  nkMethodDef
    nkPostfix
      nkIdent '*'
      nkIdent 'nsTypeName'
    nkEmpty
    nkEmpty
    nkFormalParams
      nkIdent 'string'
      nkIdentDefs
        nkIdent 'self'
        nkIdent 'Loud'
        nkEmpty
    nkEmpty
    nkEmpty
    nkStmtList
      nkStrLit "Demo.Loud"
  nkProcDef
    nkPostfix
      nkIdent '*'
      nkIdent 'nsVtGet_Loud_IGreeter'
    nkEmpty
    nkEmpty
    nkFormalParams
      nkPtrTy
        nkIdent 'nsVT_IGreeter'
    nkEmpty
    nkEmpty
    nkStmtList
      nkVarSection
        nkIdentDefs
          nkPragmaExpr
            nkIdent 'nsStore'
            nkPragma
              nkIdent 'global'
          nkIdent 'nsVT_IGreeter'
          nkEmpty
      nkIfStmt
        nkElifBranch
          nkPrefix
            nkIdent 'not'
            nkDotExpr
              nkIdent 'nsStore'
              nkIdent 'nsReady'
          nkStmtList
            nkAsgn
              nkIdent 'nsStore'
              nkObjConstr
                nkIdent 'nsVT_IGreeter'
                nkExprColonExpr
                  nkIdent 'nsReady'
                  nkIdent 'true'
                nkExprColonExpr
                  nkIdent 'f0'
                  nkLambda
                    nkEmpty
                    nkEmpty
                    nkEmpty
                    nkFormalParams
                      nkIdent 'string'
                      nkIdentDefs
                        nkIdent 'self'
                        nkIdent 'RootRef'
                        nkEmpty
                    nkPragma
                      nkIdent 'nimcall'
                    nkEmpty
                    nkStmtList
                      nkCall
                        nkIdent 'Name'
                        nkCall
                          nkIdent 'Loud'
                          nkIdent 'self'
                nkExprColonExpr
                  nkIdent 'f1'
                  nkLambda
                    nkEmpty
                    nkEmpty
                    nkEmpty
                    nkFormalParams
                      nkIdent 'string'
                      nkIdentDefs
                        nkIdent 'self'
                        nkIdent 'RootRef'
                        nkEmpty
                    nkPragma
                      nkIdent 'nimcall'
                    nkEmpty
                    nkStmtList
                      nkCall
                        nkIdent 'nsDefault_IGreeter_Greet'
                        nkCall
                          nkIdent 'nsTo_IGreeter'
                          nkCall
                            nkIdent 'Loud'
                            nkIdent 'self'
                nkExprColonExpr
                  nkIdent 'f2'
                  nkLambda
                    nkEmpty
                    nkEmpty
                    nkEmpty
                    nkFormalParams
                      nkIdent 'string'
                      nkIdentDefs
                        nkIdent 'self'
                        nkIdent 'RootRef'
                        nkEmpty
                    nkPragma
                      nkIdent 'nimcall'
                    nkEmpty
                    nkStmtList
                      nkCall
                        nkIdent 'Suffix'
                        nkCall
                          nkIdent 'Loud'
                          nkIdent 'self'
      nkCall
        nkIdent 'addr'
        nkIdent 'nsStore'
  nkConverterDef
    nkPostfix
      nkIdent '*'
      nkIdent 'nsTo_IGreeter'
    nkEmpty
    nkEmpty
    nkFormalParams
      nkIdent 'IGreeter'
      nkIdentDefs
        nkIdent 'x'
        nkIdent 'Loud'
        nkEmpty
    nkEmpty
    nkEmpty
    nkStmtList
      nkIfExpr
        nkElifExpr
          nkCall
            nkIdent 'isNil'
            nkIdent 'x'
          nkCall
            nkIdent 'default'
            nkIdent 'IGreeter'
        nkElseExpr
          nkObjConstr
            nkIdent 'IGreeter'
            nkExprColonExpr
              nkIdent 'nsObj'
              nkIdent 'x'
            nkExprColonExpr
              nkIdent 'nsVt'
              nkCall
                nkIdent 'nsVtGet_Loud_IGreeter'
  nkMethodDef
    nkPostfix
      nkIdent '*'
      nkIdent 'nsAsIGreeter'
    nkEmpty
    nkEmpty
    nkFormalParams
      nkIdent 'IGreeter'
      nkIdentDefs
        nkIdent 'x'
        nkIdent 'Loud'
        nkEmpty
    nkEmpty
    nkEmpty
    nkStmtList
      nkCall
        nkIdent 'nsTo_IGreeter'
        nkIdent 'x'
  nkProcDef
    nkPostfix
      nkIdent '*'
      nkIdent 'Name'
    nkEmpty
    nkEmpty
    nkFormalParams
      nkIdent 'string'
      nkIdentDefs
        nkIdent 'self'
        nkIdent 'Loud'
        nkEmpty
    nkEmpty
    nkEmpty
    nkStmtList
      nkReturnStmt
        nkStrLit "loud"
  nkProcDef
    nkPostfix
      nkIdent '*'
      nkIdent 'Suffix'
    nkEmpty
    nkEmpty
    nkFormalParams
      nkIdent 'string'
      nkIdentDefs
        nkIdent 'self'
        nkIdent 'Loud'
        nkEmpty
    nkPragma
      nkIdent 'discardable'
    nkEmpty
    nkStmtList
      nkReturnStmt
        nkStrLit "!!!"
  nkProcDef
    nkPostfix
      nkIdent '*'
      nkIdent 'nsCreate'
    nkEmpty
    nkEmpty
    nkFormalParams
      nkIdent 'Loud'
      nkIdentDefs
        nkIdent 't'
        nkBracketExpr
          nkIdent 'typedesc'
          nkIdent 'Loud'
        nkEmpty
    nkEmpty
    nkEmpty
    nkStmtList
      nkCall
        nkIdent 'newLoud'
  nkProcDef
    nkPostfix
      nkIdent '*'
      nkIdent 'initLoud'
    nkEmpty
    nkEmpty
    nkFormalParams
      nkEmpty
      nkIdentDefs
        nkIdent 'self'
        nkIdent 'Loud'
        nkEmpty
    nkEmpty
    nkEmpty
    nkStmtList
  nkProcDef
    nkPostfix
      nkIdent '*'
      nkIdent 'newLoud'
    nkEmpty
    nkEmpty
    nkFormalParams
      nkIdent 'Loud'
    nkPragma
      nkIdent 'discardable'
    nkEmpty
    nkStmtList
      nkCall
        nkIdent 'new'
        nkIdent 'result'
      nkCall
        nkIdent 'initLoud'
        nkIdent 'result'
  nkMethodDef
    nkPostfix
      nkIdent '*'
      nkIdent 'ToString'
    nkEmpty
    nkEmpty
    nkFormalParams
      nkIdent 'string'
      nkIdentDefs
        nkIdent 'self'
        nkIdent 'Program'
        nkEmpty
    nkEmpty
    nkEmpty
    nkStmtList
      nkStrLit "Demo.Program"
  nkProcDef
    nkPostfix
      nkIdent '*'
      nkIdent 'nsTypeOf'
    nkEmpty
    nkEmpty
    nkFormalParams
      nkIdent 'Type'
      nkIdentDefs
        nkIdent 't'
        nkBracketExpr
          nkIdent 'typedesc'
          nkIdent 'Program'
        nkEmpty
    nkEmpty
    nkEmpty
    nkStmtList
      nkCall
        nkIdent 'nsTypeNamed'
        nkStrLit "Demo.Program"
  nkMethodDef
    nkPostfix
      nkIdent '*'
      nkIdent 'nsTypeName'
    nkEmpty
    nkEmpty
    nkFormalParams
      nkIdent 'string'
      nkIdentDefs
        nkIdent 'self'
        nkIdent 'Program'
        nkEmpty
    nkEmpty
    nkEmpty
    nkStmtList
      nkStrLit "Demo.Program"
  nkProcDef
    nkIdent 'Main'
    nkEmpty
    nkEmpty
    nkFormalParams
      nkEmpty
    nkEmpty
    nkEmpty
    nkStmtList
      nkVarSection
        nkIdentDefs
          nkIdent 'all'
          nkBracketExpr
            nkIdent 'seq'
            nkIdent 'IGreeter'
          nkPrefix
            nkIdent '@'
            nkBracket
              nkCall
                nkIdent 'IGreeter'
                nkCall
                  nkIdent 'newPlain'
              nkCall
                nkIdent 'IGreeter'
                nkCall
                  nkIdent 'newCustom'
              nkCall
                nkIdent 'IGreeter'
                nkCall
                  nkIdent 'newLoud'
      nkForStmt
        nkIdent 'g'
        nkIdent 'all'
        nkStmtList
          nkCall
            nkIdent 'WriteLine'
            nkCall
              nkDotExpr
                nkIdent 'g'
                nkIdent 'Greet'
      nkVarSection
        nkIdentDefs
          nkIdent 'p'
          nkIdent 'IGreeter'
          nkCall
            nkIdent 'newPlain'
      nkCall
        nkIdent 'WriteLine'
        nkCall
          nkDotExpr
            nkIdent 'p'
            nkIdent 'Suffix'
  nkProcDef
    nkPostfix
      nkIdent '*'
      nkIdent 'nsCreate'
    nkEmpty
    nkEmpty
    nkFormalParams
      nkIdent 'Program'
      nkIdentDefs
        nkIdent 't'
        nkBracketExpr
          nkIdent 'typedesc'
          nkIdent 'Program'
        nkEmpty
    nkEmpty
    nkEmpty
    nkStmtList
      nkCall
        nkIdent 'newProgram'
  nkProcDef
    nkPostfix
      nkIdent '*'
      nkIdent 'initProgram'
    nkEmpty
    nkEmpty
    nkFormalParams
      nkEmpty
      nkIdentDefs
        nkIdent 'self'
        nkIdent 'Program'
        nkEmpty
    nkEmpty
    nkEmpty
    nkStmtList
  nkProcDef
    nkPostfix
      nkIdent '*'
      nkIdent 'newProgram'
    nkEmpty
    nkEmpty
    nkFormalParams
      nkIdent 'Program'
    nkPragma
      nkIdent 'discardable'
    nkEmpty
    nkStmtList
      nkCall
        nkIdent 'new'
        nkIdent 'result'
      nkCall
        nkIdent 'initProgram'
        nkIdent 'result'
  nkWhenStmt
    nkElifBranch
      nkIdent 'isMainModule'
      nkStmtList
        nkCall
          nkIdent 'Main'
