nkStmtList
  nkImportStmt
    nkStrLit "nsharp/intrinsics"
  nkPragma
    nkIdent 'push'
    nkExprColonExpr
      nkIdent 'overflowChecks'
      nkIdent 'off'
  nkImportStmt
    nkStrLit "System"
  nkTypeSection
    nkTypeDef
      nkPostfix
        nkIdent '*'
        nkIdent 'nsVT_IZero'
      nkGenericParams
        nkIdentDefs
          nkIdent 'T'
          nkEmpty
          nkEmpty
      nkObjectTy
        nkEmpty
        nkEmpty
        nkRecList
          nkIdentDefs
            nkPostfix
              nkIdent '*'
              nkIdent 'nsReady'
            nkIdent 'bool'
            nkEmpty
    nkTypeDef
      nkPostfix
        nkIdent '*'
        nkIdent 'IZero'
      nkGenericParams
        nkIdentDefs
          nkIdent 'T'
          nkEmpty
          nkEmpty
      nkObjectTy
        nkEmpty
        nkEmpty
        nkRecList
          nkIdentDefs
            nkPostfix
              nkIdent '*'
              nkIdent 'nsObj'
            nkIdent 'RootRef'
            nkEmpty
          nkIdentDefs
            nkPostfix
              nkIdent '*'
              nkIdent 'nsVt'
            nkPtrTy
              nkBracketExpr
                nkIdent 'nsVT_IZero'
                nkIdent 'T'
            nkEmpty
    nkTypeDef
      nkPostfix
        nkIdent '*'
        nkIdent 'N'
      nkEmpty
      nkRefTy
        nkObjectTy
          nkEmpty
          nkOfInherit
            nkIdent 'RootObj'
          nkRecList
            nkIdentDefs
              nkPostfix
                nkIdent '*'
                nkIdent 'V'
              nkIdent 'int32'
              nkEmpty
    nkTypeDef
      nkPostfix
        nkIdent '*'
        nkIdent 'Program'
      nkEmpty
      nkRefTy
        nkObjectTy
          nkEmpty
          nkOfInherit
            nkIdent 'RootObj'
          nkRecList
  nkProcDef
    nkPostfix
      nkIdent '*'
      nkIdent '$'
    nkEmpty
    nkGenericParams
      nkIdentDefs
        nkIdent 'T'
        nkEmpty
        nkEmpty
    nkFormalParams
      nkIdent 'string'
      nkIdentDefs
        nkIdent 'self'
        nkBracketExpr
          nkIdent 'IZero'
          nkIdent 'T'
        nkEmpty
    nkEmpty
    nkEmpty
    nkEmpty
  nkProcDef
    nkPostfix
      nkIdent '*'
      nkIdent 'ToString'
    nkEmpty
    nkGenericParams
      nkIdentDefs
        nkIdent 'T'
        nkEmpty
        nkEmpty
    nkFormalParams
      nkIdent 'string'
      nkIdentDefs
        nkIdent 'self'
        nkBracketExpr
          nkIdent 'IZero'
          nkIdent 'T'
        nkEmpty
    nkEmpty
    nkEmpty
    nkEmpty
  nkMethodDef
    nkPostfix
      nkIdent '*'
      nkIdent 'ToString'
    nkEmpty
    nkEmpty
    nkFormalParams
      nkIdent 'string'
      nkIdentDefs
        nkIdent 'self'
        nkIdent 'N'
        nkEmpty
    nkEmpty
    nkEmpty
    nkEmpty
  nkProcDef
    nkPostfix
      nkIdent '*'
      nkIdent 'nsTypeOf'
    nkEmpty
    nkEmpty
    nkFormalParams
      nkIdent 'Type'
      nkIdentDefs
        nkIdent 't'
        nkBracketExpr
          nkIdent 'typedesc'
          nkIdent 'N'
        nkEmpty
    nkEmpty
    nkEmpty
    nkEmpty
  nkMethodDef
    nkPostfix
      nkIdent '*'
      nkIdent 'nsTypeName'
    nkEmpty
    nkEmpty
    nkFormalParams
      nkIdent 'string'
      nkIdentDefs
        nkIdent 'self'
        nkIdent 'N'
        nkEmpty
    nkEmpty
    nkEmpty
    nkEmpty
  nkProcDef
    nkPostfix
      nkIdent '*'
      nkIdent 'nsVtGet_N_IZero_N'
    nkEmpty
    nkEmpty
    nkFormalParams
      nkPtrTy
        nkBracketExpr
          nkIdent 'nsVT_IZero'
          nkIdent 'N'
    nkEmpty
    nkEmpty
    nkEmpty
  nkConverterDef
    nkPostfix
      nkIdent '*'
      nkIdent 'nsTo_IZero_N'
    nkEmpty
    nkEmpty
    nkFormalParams
      nkBracketExpr
        nkIdent 'IZero'
        nkIdent 'N'
      nkIdentDefs
        nkIdent 'x'
        nkIdent 'N'
        nkEmpty
    nkEmpty
    nkEmpty
    nkEmpty
  nkMethodDef
    nkPostfix
      nkIdent '*'
      nkIdent 'nsVtByKey'
    nkEmpty
    nkEmpty
    nkFormalParams
      nkIdent 'pointer'
      nkIdentDefs
        nkIdent 'x'
        nkIdent 'N'
        nkEmpty
      nkIdentDefs
        nkIdent 'key'
        nkIdent 'string'
        nkEmpty
    nkEmpty
    nkEmpty
    nkEmpty
  nkProcDef
    nkPostfix
      nkIdent '*'
      nkIdent 'nsCreate'
    nkEmpty
    nkEmpty
    nkFormalParams
      nkIdent 'N'
      nkIdentDefs
        nkIdent 't'
        nkBracketExpr
          nkIdent 'typedesc'
          nkIdent 'N'
        nkEmpty
    nkEmpty
    nkEmpty
    nkEmpty
  nkProcDef
    nkPostfix
      nkIdent '*'
      nkIdent 'initN'
    nkEmpty
    nkEmpty
    nkFormalParams
      nkEmpty
      nkIdentDefs
        nkIdent 'self'
        nkIdent 'N'
        nkEmpty
    nkEmpty
    nkEmpty
    nkEmpty
  nkProcDef
    nkPostfix
      nkIdent '*'
      nkIdent 'newN'
    nkEmpty
    nkEmpty
    nkFormalParams
      nkIdent 'N'
    nkPragma
      nkIdent 'discardable'
    nkEmpty
    nkEmpty
  nkMethodDef
    nkPostfix
      nkIdent '*'
      nkIdent 'ToString'
    nkEmpty
    nkEmpty
    nkFormalParams
      nkIdent 'string'
      nkIdentDefs
        nkIdent 'self'
        nkIdent 'Program'
        nkEmpty
    nkEmpty
    nkEmpty
    nkEmpty
  nkProcDef
    nkPostfix
      nkIdent '*'
      nkIdent 'nsTypeOf'
    nkEmpty
    nkEmpty
    nkFormalParams
      nkIdent 'Type'
      nkIdentDefs
        nkIdent 't'
        nkBracketExpr
          nkIdent 'typedesc'
          nkIdent 'Program'
        nkEmpty
    nkEmpty
    nkEmpty
    nkEmpty
  nkMethodDef
    nkPostfix
      nkIdent '*'
      nkIdent 'nsTypeName'
    nkEmpty
    nkEmpty
    nkFormalParams
      nkIdent 'string'
      nkIdentDefs
        nkIdent 'self'
        nkIdent 'Program'
        nkEmpty
    nkEmpty
    nkEmpty
    nkEmpty
  nkProcDef
    nkIdent 'Main'
    nkEmpty
    nkEmpty
    nkFormalParams
      nkEmpty
    nkEmpty
    nkEmpty
    nkEmpty
  nkProcDef
    nkPostfix
      nkIdent '*'
      nkIdent 'nsCreate'
    nkEmpty
    nkEmpty
    nkFormalParams
      nkIdent 'Program'
      nkIdentDefs
        nkIdent 't'
        nkBracketExpr
          nkIdent 'typedesc'
          nkIdent 'Program'
        nkEmpty
    nkEmpty
    nkEmpty
    nkEmpty
  nkProcDef
    nkPostfix
      nkIdent '*'
      nkIdent 'initProgram'
    nkEmpty
    nkEmpty
    nkFormalParams
      nkEmpty
      nkIdentDefs
        nkIdent 'self'
        nkIdent 'Program'
        nkEmpty
    nkEmpty
    nkEmpty
    nkEmpty
  nkProcDef
    nkPostfix
      nkIdent '*'
      nkIdent 'newProgram'
    nkEmpty
    nkEmpty
    nkFormalParams
      nkIdent 'Program'
    nkPragma
      nkIdent 'discardable'
    nkEmpty
    nkEmpty
  nkProcDef
    nkPostfix
      nkIdent '*'
      nkIdent '$'
    nkEmpty
    nkGenericParams
      nkIdentDefs
        nkIdent 'T'
        nkEmpty
        nkEmpty
    nkFormalParams
      nkIdent 'string'
      nkIdentDefs
        nkIdent 'self'
        nkBracketExpr
          nkIdent 'IZero'
          nkIdent 'T'
        nkEmpty
    nkEmpty
    nkEmpty
    nkStmtList
      nkPrefix
        nkIdent '$'
        nkDotExpr
          nkIdent 'self'
          nkIdent 'nsObj'
  nkProcDef
    nkPostfix
      nkIdent '*'
      nkIdent 'ToString'
    nkEmpty
    nkGenericParams
      nkIdentDefs
        nkIdent 'T'
        nkEmpty
        nkEmpty
    nkFormalParams
      nkIdent 'string'
      nkIdentDefs
        nkIdent 'self'
        nkBracketExpr
          nkIdent 'IZero'
          nkIdent 'T'
        nkEmpty
    nkEmpty
    nkEmpty
    nkStmtList
      nkPrefix
        nkIdent '$'
        nkDotExpr
          nkIdent 'self'
          nkIdent 'nsObj'
  nkMethodDef
    nkPostfix
      nkIdent '*'
      nkIdent 'ToString'
    nkEmpty
    nkEmpty
    nkFormalParams
      nkIdent 'string'
      nkIdentDefs
        nkIdent 'self'
        nkIdent 'N'
        nkEmpty
    nkEmpty
    nkEmpty
    nkStmtList
      nkStrLit "Demo.N"
  nkProcDef
    nkPostfix
      nkIdent '*'
      nkIdent 'nsTypeOf'
    nkEmpty
    nkEmpty
    nkFormalParams
      nkIdent 'Type'
      nkIdentDefs
        nkIdent 't'
        nkBracketExpr
          nkIdent 'typedesc'
          nkIdent 'N'
        nkEmpty
    nkEmpty
    nkEmpty
    nkStmtList
      nkCall
        nkIdent 'nsTypeNamed'
        nkStrLit "Demo.N"
  nkMethodDef
    nkPostfix
      nkIdent '*'
      nkIdent 'nsTypeName'
    nkEmpty
    nkEmpty
    nkFormalParams
      nkIdent 'string'
      nkIdentDefs
        nkIdent 'self'
        nkIdent 'N'
        nkEmpty
    nkEmpty
    nkEmpty
    nkStmtList
      nkStrLit "Demo.N"
  nkProcDef
    nkPostfix
      nkIdent '*'
      nkIdent 'nsVtGet_N_IZero_N'
    nkEmpty
    nkEmpty
    nkFormalParams
      nkPtrTy
        nkBracketExpr
          nkIdent 'nsVT_IZero'
          nkIdent 'N'
    nkEmpty
    nkEmpty
    nkStmtList
      nkVarSection
        nkIdentDefs
          nkPragmaExpr
            nkIdent 'nsStore'
            nkPragma
              nkIdent 'global'
          nkBracketExpr
            nkIdent 'nsVT_IZero'
            nkIdent 'N'
          nkEmpty
      nkIfStmt
        nkElifBranch
          nkPrefix
            nkIdent 'not'
            nkDotExpr
              nkIdent 'nsStore'
              nkIdent 'nsReady'
          nkStmtList
            nkAsgn
              nkIdent 'nsStore'
              nkObjConstr
                nkBracketExpr
                  nkIdent 'nsVT_IZero'
                  nkIdent 'N'
                nkExprColonExpr
                  nkIdent 'nsReady'
                  nkIdent 'true'
      nkCall
        nkIdent 'addr'
        nkIdent 'nsStore'
  nkConverterDef
    nkPostfix
      nkIdent '*'
      nkIdent 'nsTo_IZero_N'
    nkEmpty
    nkEmpty
    nkFormalParams
      nkBracketExpr
        nkIdent 'IZero'
        nkIdent 'N'
      nkIdentDefs
        nkIdent 'x'
        nkIdent 'N'
        nkEmpty
    nkEmpty
    nkEmpty
    nkStmtList
      nkIfExpr
        nkElifExpr
          nkCall
            nkIdent 'isNil'
            nkIdent 'x'
          nkCall
            nkIdent 'default'
            nkBracketExpr
              nkIdent 'IZero'
              nkIdent 'N'
        nkElseExpr
          nkObjConstr
            nkBracketExpr
              nkIdent 'IZero'
              nkIdent 'N'
            nkExprColonExpr
              nkIdent 'nsObj'
              nkIdent 'x'
            nkExprColonExpr
              nkIdent 'nsVt'
              nkCall
                nkIdent 'nsVtGet_N_IZero_N'
  nkMethodDef
    nkPostfix
      nkIdent '*'
      nkIdent 'nsVtByKey'
    nkEmpty
    nkEmpty
    nkFormalParams
      nkIdent 'pointer'
      nkIdentDefs
        nkIdent 'x'
        nkIdent 'N'
        nkEmpty
      nkIdentDefs
        nkIdent 'key'
        nkIdent 'string'
        nkEmpty
    nkEmpty
    nkEmpty
    nkStmtList
      nkIfStmt
        nkElifBranch
          nkInfix
            nkIdent '=='
            nkIdent 'key'
            nkCall
              nkIdent 'nsKeyOf'
              nkBracketExpr
                nkIdent 'IZero'
                nkIdent 'N'
          nkStmtList
            nkReturnStmt
              nkCast
                nkIdent 'pointer'
                nkCall
                  nkIdent 'nsVtGet_N_IZero_N'
      nkCall
        nkIdent 'procCall'
        nkCall
          nkIdent 'nsVtByKey'
          nkCall
            nkIdent 'RootRef'
            nkIdent 'x'
          nkIdent 'key'
  nkProcDef
    nkPostfix
      nkIdent '*'
      nkIdent 'nsCreate'
    nkEmpty
    nkEmpty
    nkFormalParams
      nkIdent 'N'
      nkIdentDefs
        nkIdent 't'
        nkBracketExpr
          nkIdent 'typedesc'
          nkIdent 'N'
        nkEmpty
    nkEmpty
    nkEmpty
    nkStmtList
      nkCall
        nkIdent 'newN'
  nkProcDef
    nkPostfix
      nkIdent '*'
      nkIdent 'initN'
    nkEmpty
    nkEmpty
    nkFormalParams
      nkEmpty
      nkIdentDefs
        nkIdent 'self'
        nkIdent 'N'
        nkEmpty
    nkEmpty
    nkEmpty
    nkStmtList
  nkProcDef
    nkPostfix
      nkIdent '*'
      nkIdent 'newN'
    nkEmpty
    nkEmpty
    nkFormalParams
      nkIdent 'N'
    nkPragma
      nkIdent 'discardable'
    nkEmpty
    nkStmtList
      nkCall
        nkIdent 'new'
        nkIdent 'result'
      nkCall
        nkIdent 'initN'
        nkIdent 'result'
  nkMethodDef
    nkPostfix
      nkIdent '*'
      nkIdent 'ToString'
    nkEmpty
    nkEmpty
    nkFormalParams
      nkIdent 'string'
      nkIdentDefs
        nkIdent 'self'
        nkIdent 'Program'
        nkEmpty
    nkEmpty
    nkEmpty
    nkStmtList
      nkStrLit "Demo.Program"
  nkProcDef
    nkPostfix
      nkIdent '*'
      nkIdent 'nsTypeOf'
    nkEmpty
    nkEmpty
    nkFormalParams
      nkIdent 'Type'
      nkIdentDefs
        nkIdent 't'
        nkBracketExpr
          nkIdent 'typedesc'
          nkIdent 'Program'
        nkEmpty
    nkEmpty
    nkEmpty
    nkStmtList
      nkCall
        nkIdent 'nsTypeNamed'
        nkStrLit "Demo.Program"
  nkMethodDef
    nkPostfix
      nkIdent '*'
      nkIdent 'nsTypeName'
    nkEmpty
    nkEmpty
    nkFormalParams
      nkIdent 'string'
      nkIdentDefs
        nkIdent 'self'
        nkIdent 'Program'
        nkEmpty
    nkEmpty
    nkEmpty
    nkStmtList
      nkStrLit "Demo.Program"
  nkProcDef
    nkIdent 'Main'
    nkEmpty
    nkEmpty
    nkFormalParams
      nkEmpty
    nkEmpty
    nkEmpty
    nkStmtList
      nkCall
        nkIdent 'WriteLine'
        nkDotExpr
          nkCall
            nkIdent 'nsCheckNil'
            nkCall
              nkIdent 'newN'
          nkIdent 'V'
  nkProcDef
    nkPostfix
      nkIdent '*'
      nkIdent 'nsCreate'
    nkEmpty
    nkEmpty
    nkFormalParams
      nkIdent 'Program'
      nkIdentDefs
        nkIdent 't'
        nkBracketExpr
          nkIdent 'typedesc'
          nkIdent 'Program'
        nkEmpty
    nkEmpty
    nkEmpty
    nkStmtList
      nkCall
        nkIdent 'newProgram'
  nkProcDef
    nkPostfix
      nkIdent '*'
      nkIdent 'initProgram'
    nkEmpty
    nkEmpty
    nkFormalParams
      nkEmpty
      nkIdentDefs
        nkIdent 'self'
        nkIdent 'Program'
        nkEmpty
    nkEmpty
    nkEmpty
    nkStmtList
  nkProcDef
    nkPostfix
      nkIdent '*'
      nkIdent 'newProgram'
    nkEmpty
    nkEmpty
    nkFormalParams
      nkIdent 'Program'
    nkPragma
      nkIdent 'discardable'
    nkEmpty
    nkStmtList
      nkCall
        nkIdent 'new'
        nkIdent 'result'
      nkCall
        nkIdent 'initProgram'
        nkIdent 'result'
  nkWhenStmt
    nkElifBranch
      nkIdent 'isMainModule'
      nkStmtList
        nkCall
          nkIdent 'Main'
