nkStmtList
  nkImportStmt
    nkStrLit "ns/system"
  nkTypeSection
    nkTypeDef
      nkPostfix
        nkIdent '*'
        nkIdent 'Base'
      nkEmpty
      nkRefTy
        nkObjectTy
          nkEmpty
          nkOfInherit
            nkIdent 'RootObj'
          nkRecList
            nkIdentDefs
              nkIdent 'secret'
              nkIdent 'int32'
              nkEmpty
  nkProcDef
    nkPostfix
      nkIdent '*'
      nkIdent 'initBase'
    nkEmpty
    nkEmpty
    nkFormalParams
      nkEmpty
      nkIdentDefs
        nkIdent 'self'
        nkIdent 'Base'
        nkEmpty
      nkIdentDefs
        nkIdent 's'
        nkIdent 'int32'
        nkEmpty
    nkEmpty
    nkEmpty
    nkStmtList
      nkAsgn
        nkDotExpr
          nkIdent 'self'
          nkIdent 'secret'
        nkIdent 's'
  nkProcDef
    nkPostfix
      nkIdent '*'
      nkIdent 'newBase'
    nkEmpty
    nkEmpty
    nkFormalParams
      nkIdent 'Base'
      nkIdentDefs
        nkIdent 's'
        nkIdent 'int32'
        nkEmpty
    nkPragma
      nkIdent 'discardable'
    nkEmpty
    nkStmtList
      nkCall
        nkIdent 'new'
        nkIdent 'result'
      nkCall
        nkIdent 'initBase'
        nkIdent 'result'
        nkIdent 's'
  nkProcDef
    nkPostfix
      nkIdent '*'
      nkIdent 'GetSecret'
    nkEmpty
    nkEmpty
    nkFormalParams
      nkIdent 'int32'
      nkIdentDefs
        nkIdent 'self'
        nkIdent 'Base'
        nkEmpty
    nkEmpty
    nkEmpty
    nkStmtList
      nkReturnStmt
        nkDotExpr
          nkIdent 'self'
          nkIdent 'secret'
  nkTypeSection
    nkTypeDef
      nkPostfix
        nkIdent '*'
        nkIdent 'Derived'
      nkEmpty
      nkRefTy
        nkObjectTy
          nkEmpty
          nkOfInherit
            nkIdent 'Base'
          nkRecList
  nkProcDef
    nkPostfix
      nkIdent '*'
      nkIdent 'initDerived'
    nkEmpty
    nkEmpty
    nkFormalParams
      nkEmpty
      nkIdentDefs
        nkIdent 'self'
        nkIdent 'Derived'
        nkEmpty
      nkIdentDefs
        nkIdent 's'
        nkIdent 'int32'
        nkEmpty
    nkEmpty
    nkEmpty
    nkStmtList
      nkCall
        nkIdent 'initBase'
        nkIdent 'self'
      nkAsgn
        nkDotExpr
          nkIdent 'self'
          nkIdent 'secret'
        nkIdent 's'
  nkProcDef
    nkPostfix
      nkIdent '*'
      nkIdent 'newDerived'
    nkEmpty
    nkEmpty
    nkFormalParams
      nkIdent 'Derived'
      nkIdentDefs
        nkIdent 's'
        nkIdent 'int32'
        nkEmpty
    nkPragma
      nkIdent 'discardable'
    nkEmpty
    nkStmtList
      nkCall
        nkIdent 'new'
        nkIdent 'result'
      nkCall
        nkIdent 'initDerived'
        nkIdent 'result'
        nkIdent 's'
  nkProcDef
    nkPostfix
      nkIdent '*'
      nkIdent 'Leak'
    nkEmpty
    nkEmpty
    nkFormalParams
      nkIdent 'int32'
      nkIdentDefs
        nkIdent 'self'
        nkIdent 'Derived'
        nkEmpty
    nkEmpty
    nkEmpty
    nkStmtList
      nkReturnStmt
        nkDotExpr
          nkIdent 'self'
          nkIdent 'secret'
  nkTypeSection
    nkTypeDef
      nkPostfix
        nkIdent '*'
        nkIdent 'Program'
      nkEmpty
      nkRefTy
        nkObjectTy
          nkEmpty
          nkOfInherit
            nkIdent 'RootObj'
          nkRecList
  nkProcDef
    nkIdent 'Main'
    nkEmpty
    nkEmpty
    nkFormalParams
      nkEmpty
    nkEmpty
    nkEmpty
    nkStmtList
      nkCall
        nkIdent 'WriteLine'
        nkStrLit "should not compile"
  nkProcDef
    nkPostfix
      nkIdent '*'
      nkIdent 'initProgram'
    nkEmpty
    nkEmpty
    nkFormalParams
      nkEmpty
      nkIdentDefs
        nkIdent 'self'
        nkIdent 'Program'
        nkEmpty
    nkEmpty
    nkEmpty
    nkStmtList
  nkProcDef
    nkPostfix
      nkIdent '*'
      nkIdent 'newProgram'
    nkEmpty
    nkEmpty
    nkFormalParams
      nkIdent 'Program'
    nkPragma
      nkIdent 'discardable'
    nkEmpty
    nkStmtList
      nkCall
        nkIdent 'new'
        nkIdent 'result'
      nkCall
        nkIdent 'initProgram'
        nkIdent 'result'
  nkWhenStmt
    nkElifBranch
      nkIdent 'isMainModule'
      nkStmtList
        nkCall
          nkIdent 'Main'
