using System
using System.Collections.Generic
member Console.WriteLine = System | void
member Console.WriteLine = System | void
member Console.WriteLine = System | void
member Console.WriteLine = System | void
member Console.WriteLine = System | void
member Console.WriteLine = System | void
member Console.WriteLine = System | void
member Console.WriteLine = System | void
member Console.WriteLine = System | void
member Console.WriteLine = System | void
member Console.WriteLine = System | void
member Console.WriteLine = System | void
member Console.WriteLine = System | void
member Console.WriteLine = System | void
member Dictionary.ContainsKey = System.Collections.Generic | bool
