nkStmtList
  nkImportStmt
    nkStrLit "nsharp/intrinsics"
  nkPragma
    nkIdent 'push'
    nkExprColonExpr
      nkIdent 'overflowChecks'
      nkIdent 'off'
  nkImportStmt
    nkStrLit "System"
  nkImportStmt
    nkStrLit "System/Collections/Generic"
  nkTypeSection
    nkTypeDef
      nkPostfix
        nkIdent '*'
        nkIdent 'nsVT_IHasName'
      nkEmpty
      nkObjectTy
        nkEmpty
        nkEmpty
        nkRecList
          nkIdentDefs
            nkPostfix
              nkIdent '*'
              nkIdent 'nsReady'
            nkIdent 'bool'
            nkEmpty
          nkIdentDefs
            nkPostfix
              nkIdent '*'
              nkIdent 'f0'
            nkProcTy
              nkFormalParams
                nkIdent 'string'
                nkIdentDefs
                  nkIdent 'self'
                  nkIdent 'RootRef'
                  nkEmpty
              nkPragma
                nkIdent 'nimcall'
            nkEmpty
    nkTypeDef
      nkPostfix
        nkIdent '*'
        nkIdent 'IHasName'
      nkEmpty
      nkObjectTy
        nkEmpty
        nkEmpty
        nkRecList
          nkIdentDefs
            nkPostfix
              nkIdent '*'
              nkIdent 'nsObj'
            nkIdent 'RootRef'
            nkEmpty
          nkIdentDefs
            nkPostfix
              nkIdent '*'
              nkIdent 'nsVt'
            nkPtrTy
              nkIdent 'nsVT_IHasName'
            nkEmpty
    nkTypeDef
      nkPostfix
        nkIdent '*'
        nkIdent 'Box'
      nkGenericParams
        nkIdentDefs
          nkIdent 'T'
          nkEmpty
          nkEmpty
      nkRefTy
        nkObjectTy
          nkEmpty
          nkOfInherit
            nkIdent 'RootObj'
          nkRecList
            nkIdentDefs
              nkIdent 'value'
              nkIdent 'T'
              nkEmpty
    nkTypeDef
      nkPostfix
        nkIdent '*'
        nkIdent 'Pair'
      nkGenericParams
        nkIdentDefs
          nkIdent 'K'
          nkIdent 'V'
          nkEmpty
          nkEmpty
      nkRefTy
        nkObjectTy
          nkEmpty
          nkOfInherit
            nkIdent 'RootObj'
          nkRecList
            nkIdentDefs
              nkPostfix
                nkIdent '*'
                nkIdent 'Key'
              nkIdent 'K'
              nkEmpty
            nkIdentDefs
              nkPostfix
                nkIdent '*'
                nkIdent 'Val'
              nkIdent 'V'
              nkEmpty
    nkTypeDef
      nkPostfix
        nkIdent '*'
        nkIdent 'Item'
      nkEmpty
      nkRefTy
        nkObjectTy
          nkEmpty
          nkOfInherit
            nkIdent 'RootObj'
          nkRecList
            nkIdentDefs
              nkIdent 'n'
              nkIdent 'string'
              nkEmpty
    nkTypeDef
      nkPostfix
        nkIdent '*'
        nkIdent 'Program'
      nkEmpty
      nkRefTy
        nkObjectTy
          nkEmpty
          nkOfInherit
            nkIdent 'RootObj'
          nkRecList
  nkTemplateDef
    nkPostfix
      nkIdent '*'
      nkIdent 'Made'
    nkEmpty
    nkGenericParams
      nkIdentDefs
        nkIdent 'T'
        nkEmpty
        nkEmpty
    nkFormalParams
      nkIdent 'untyped'
      nkIdentDefs
        nkIdent 't'
        nkBracketExpr
          nkIdent 'typedesc'
          nkBracketExpr
            nkIdent 'Box'
            nkIdent 'T'
        nkEmpty
    nkEmpty
    nkEmpty
    nkStmtList
      nkCall
        nkBracketExpr
          nkIdent 'nsBox_Made'
          nkIdent 'T'
  nkProcDef
    nkPostfix
      nkIdent '*'
      nkIdent 'Name'
    nkEmpty
    nkEmpty
    nkFormalParams
      nkIdent 'string'
      nkIdentDefs
        nkIdent 'self'
        nkIdent 'IHasName'
        nkEmpty
    nkEmpty
    nkEmpty
    nkEmpty
  nkProcDef
    nkPostfix
      nkIdent '*'
      nkIdent '$'
    nkEmpty
    nkEmpty
    nkFormalParams
      nkIdent 'string'
      nkIdentDefs
        nkIdent 'self'
        nkIdent 'IHasName'
        nkEmpty
    nkEmpty
    nkEmpty
    nkEmpty
  nkProcDef
    nkPostfix
      nkIdent '*'
      nkIdent 'ToString'
    nkEmpty
    nkEmpty
    nkFormalParams
      nkIdent 'string'
      nkIdentDefs
        nkIdent 'self'
        nkIdent 'IHasName'
        nkEmpty
    nkEmpty
    nkEmpty
    nkEmpty
  nkMethodDef
    nkPostfix
      nkIdent '*'
      nkIdent 'nsAsIHasName'
    nkEmpty
    nkEmpty
    nkFormalParams
      nkIdent 'IHasName'
      nkIdentDefs
        nkIdent 'x'
        nkIdent 'RootRef'
        nkEmpty
    nkPragma
      nkIdent 'base'
    nkEmpty
    nkEmpty
  nkProcDef
    nkPostfix
      nkIdent '*'
      nkIdent 'nsBox_Made'
    nkEmpty
    nkGenericParams
      nkIdentDefs
        nkIdent 'T'
        nkEmpty
        nkEmpty
    nkFormalParams
      nkVarTy
        nkIdent 'int32'
    nkEmpty
    nkEmpty
    nkEmpty
  nkProcDef
    nkPostfix
      nkIdent '*'
      nkIdent 'initBox'
    nkEmpty
    nkGenericParams
      nkIdentDefs
        nkIdent 'T'
        nkEmpty
        nkEmpty
    nkFormalParams
      nkEmpty
      nkIdentDefs
        nkIdent 'self'
        nkBracketExpr
          nkIdent 'Box'
          nkIdent 'T'
        nkEmpty
      nkIdentDefs
        nkIdent 'v'
        nkIdent 'T'
        nkEmpty
    nkEmpty
    nkEmpty
    nkEmpty
  nkProcDef
    nkPostfix
      nkIdent '*'
      nkIdent 'newBox'
    nkEmpty
    nkGenericParams
      nkIdentDefs
        nkIdent 'T'
        nkEmpty
        nkEmpty
    nkFormalParams
      nkBracketExpr
        nkIdent 'Box'
        nkIdent 'T'
      nkIdentDefs
        nkIdent 'v'
        nkIdent 'T'
        nkEmpty
    nkPragma
      nkIdent 'discardable'
    nkEmpty
    nkEmpty
  nkProcDef
    nkPostfix
      nkIdent '*'
      nkIdent 'Get'
    nkEmpty
    nkGenericParams
      nkIdentDefs
        nkIdent 'T'
        nkEmpty
        nkEmpty
    nkFormalParams
      nkIdent 'T'
      nkIdentDefs
        nkIdent 'self'
        nkBracketExpr
          nkIdent 'Box'
          nkIdent 'T'
        nkEmpty
    nkPragma
      nkIdent 'discardable'
    nkEmpty
    nkEmpty
  nkProcDef
    nkPostfix
      nkIdent '*'
      nkIdent 'Set'
    nkEmpty
    nkGenericParams
      nkIdentDefs
        nkIdent 'T'
        nkEmpty
        nkEmpty
    nkFormalParams
      nkEmpty
      nkIdentDefs
        nkIdent 'self'
        nkBracketExpr
          nkIdent 'Box'
          nkIdent 'T'
        nkEmpty
      nkIdentDefs
        nkIdent 'v'
        nkIdent 'T'
        nkEmpty
    nkEmpty
    nkEmpty
    nkEmpty
  nkProcDef
    nkPostfix
      nkIdent '*'
      nkIdent 'Map'
    nkEmpty
    nkGenericParams
      nkIdentDefs
        nkIdent 'T'
        nkIdent 'U'
        nkEmpty
        nkEmpty
    nkFormalParams
      nkBracketExpr
        nkIdent 'Box'
        nkIdent 'U'
      nkIdentDefs
        nkIdent 'self'
        nkBracketExpr
          nkIdent 'Box'
          nkIdent 'T'
        nkEmpty
      nkIdentDefs
        nkIdent 'f'
        nkBracketExpr
          nkIdent 'Func2'
          nkIdent 'T'
          nkIdent 'U'
        nkEmpty
    nkPragma
      nkIdent 'discardable'
    nkEmpty
    nkEmpty
  nkMethodDef
    nkPostfix
      nkIdent '*'
      nkIdent 'ToString'
    nkEmpty
    nkGenericParams
      nkIdentDefs
        nkIdent 'T'
        nkEmpty
        nkEmpty
    nkFormalParams
      nkIdent 'string'
      nkIdentDefs
        nkIdent 'self'
        nkBracketExpr
          nkIdent 'Box'
          nkIdent 'T'
        nkEmpty
    nkPragma
      nkIdent 'discardable'
    nkEmpty
    nkEmpty
  nkMethodDef
    nkPostfix
      nkIdent '*'
      nkIdent 'ToString'
    nkEmpty
    nkGenericParams
      nkIdentDefs
        nkIdent 'K'
        nkIdent 'V'
        nkEmpty
        nkEmpty
    nkFormalParams
      nkIdent 'string'
      nkIdentDefs
        nkIdent 'self'
        nkBracketExpr
          nkIdent 'Pair'
          nkIdent 'K'
          nkIdent 'V'
        nkEmpty
    nkEmpty
    nkEmpty
    nkEmpty
  nkProcDef
    nkPostfix
      nkIdent '*'
      nkIdent 'initPair'
    nkEmpty
    nkGenericParams
      nkIdentDefs
        nkIdent 'K'
        nkIdent 'V'
        nkEmpty
        nkEmpty
    nkFormalParams
      nkEmpty
      nkIdentDefs
        nkIdent 'self'
        nkBracketExpr
          nkIdent 'Pair'
          nkIdent 'K'
          nkIdent 'V'
        nkEmpty
      nkIdentDefs
        nkIdent 'k'
        nkIdent 'K'
        nkEmpty
      nkIdentDefs
        nkIdent 'v'
        nkIdent 'V'
        nkEmpty
    nkEmpty
    nkEmpty
    nkEmpty
  nkProcDef
    nkPostfix
      nkIdent '*'
      nkIdent 'newPair'
    nkEmpty
    nkGenericParams
      nkIdentDefs
        nkIdent 'K'
        nkIdent 'V'
        nkEmpty
        nkEmpty
    nkFormalParams
      nkBracketExpr
        nkIdent 'Pair'
        nkIdent 'K'
        nkIdent 'V'
      nkIdentDefs
        nkIdent 'k'
        nkIdent 'K'
        nkEmpty
      nkIdentDefs
        nkIdent 'v'
        nkIdent 'V'
        nkEmpty
    nkPragma
      nkIdent 'discardable'
    nkEmpty
    nkEmpty
  nkMethodDef
    nkPostfix
      nkIdent '*'
      nkIdent 'ToString'
    nkEmpty
    nkEmpty
    nkFormalParams
      nkIdent 'string'
      nkIdentDefs
        nkIdent 'self'
        nkIdent 'Item'
        nkEmpty
    nkEmpty
    nkEmpty
    nkEmpty
  nkProcDef
    nkPostfix
      nkIdent '*'
      nkIdent 'nsVtGet_Item_IHasName'
    nkEmpty
    nkEmpty
    nkFormalParams
      nkPtrTy
        nkIdent 'nsVT_IHasName'
    nkEmpty
    nkEmpty
    nkEmpty
  nkConverterDef
    nkPostfix
      nkIdent '*'
      nkIdent 'nsTo_IHasName'
    nkEmpty
    nkEmpty
    nkFormalParams
      nkIdent 'IHasName'
      nkIdentDefs
        nkIdent 'x'
        nkIdent 'Item'
        nkEmpty
    nkEmpty
    nkEmpty
    nkEmpty
  nkMethodDef
    nkPostfix
      nkIdent '*'
      nkIdent 'nsAsIHasName'
    nkEmpty
    nkEmpty
    nkFormalParams
      nkIdent 'IHasName'
      nkIdentDefs
        nkIdent 'x'
        nkIdent 'Item'
        nkEmpty
    nkEmpty
    nkEmpty
    nkEmpty
  nkProcDef
    nkPostfix
      nkIdent '*'
      nkIdent 'initItem'
    nkEmpty
    nkEmpty
    nkFormalParams
      nkEmpty
      nkIdentDefs
        nkIdent 'self'
        nkIdent 'Item'
        nkEmpty
      nkIdentDefs
        nkIdent 'n'
        nkIdent 'string'
        nkEmpty
    nkEmpty
    nkEmpty
    nkEmpty
  nkProcDef
    nkPostfix
      nkIdent '*'
      nkIdent 'newItem'
    nkEmpty
    nkEmpty
    nkFormalParams
      nkIdent 'Item'
      nkIdentDefs
        nkIdent 'n'
        nkIdent 'string'
        nkEmpty
    nkPragma
      nkIdent 'discardable'
    nkEmpty
    nkEmpty
  nkProcDef
    nkPostfix
      nkIdent '*'
      nkIdent 'Name'
    nkEmpty
    nkEmpty
    nkFormalParams
      nkIdent 'string'
      nkIdentDefs
        nkIdent 'self'
        nkIdent 'Item'
        nkEmpty
    nkPragma
      nkIdent 'discardable'
    nkEmpty
    nkEmpty
  nkMethodDef
    nkPostfix
      nkIdent '*'
      nkIdent 'ToString'
    nkEmpty
    nkEmpty
    nkFormalParams
      nkIdent 'string'
      nkIdentDefs
        nkIdent 'self'
        nkIdent 'Program'
        nkEmpty
    nkEmpty
    nkEmpty
    nkEmpty
  nkProcDef
    nkIdent 'Max'
    nkEmpty
    nkGenericParams
      nkIdentDefs
        nkIdent 'T'
        nkEmpty
        nkEmpty
    nkFormalParams
      nkIdent 'T'
      nkIdentDefs
        nkIdent 't'
        nkBracketExpr
          nkIdent 'typedesc'
          nkIdent 'Program'
        nkEmpty
      nkIdentDefs
        nkIdent 'a'
        nkIdent 'T'
        nkEmpty
      nkIdentDefs
        nkIdent 'b'
        nkIdent 'T'
        nkEmpty
    nkPragma
      nkIdent 'discardable'
    nkEmpty
    nkEmpty
  nkProcDef
    nkIdent 'Swap'
    nkEmpty
    nkGenericParams
      nkIdentDefs
        nkIdent 'T'
        nkEmpty
        nkEmpty
    nkFormalParams
      nkEmpty
      nkIdentDefs
        nkIdent 't'
        nkBracketExpr
          nkIdent 'typedesc'
          nkIdent 'Program'
        nkEmpty
      nkIdentDefs
        nkIdent 'xs'
        nkBracketExpr
          nkIdent 'List'
          nkIdent 'T'
        nkEmpty
      nkIdentDefs
        nkIdent 'i'
        nkIdent 'int32'
        nkEmpty
      nkIdentDefs
        nkIdent 'j'
        nkIdent 'int32'
        nkEmpty
    nkEmpty
    nkEmpty
    nkEmpty
  nkProcDef
    nkIdent 'Names'
    nkEmpty
    nkGenericParams
      nkIdentDefs
        nkIdent 'T'
        nkEmpty
        nkEmpty
    nkFormalParams
      nkIdent 'string'
      nkIdentDefs
        nkIdent 't'
        nkBracketExpr
          nkIdent 'typedesc'
          nkIdent 'Program'
        nkEmpty
      nkIdentDefs
        nkIdent 'items'
        nkBracketExpr
          nkIdent 'List'
          nkIdent 'T'
        nkEmpty
    nkPragma
      nkIdent 'discardable'
    nkEmpty
    nkEmpty
  nkProcDef
    nkIdent 'First'
    nkEmpty
    nkGenericParams
      nkIdentDefs
        nkIdent 'T'
        nkEmpty
        nkEmpty
    nkFormalParams
      nkIdent 'T'
      nkIdentDefs
        nkIdent 't'
        nkBracketExpr
          nkIdent 'typedesc'
          nkIdent 'Program'
        nkEmpty
      nkIdentDefs
        nkIdent 'xs'
        nkBracketExpr
          nkIdent 'seq'
          nkIdent 'T'
        nkEmpty
    nkPragma
      nkIdent 'discardable'
    nkEmpty
    nkEmpty
  nkProcDef
    nkIdent 'Main'
    nkEmpty
    nkEmpty
    nkFormalParams
      nkEmpty
    nkEmpty
    nkEmpty
    nkEmpty
  nkProcDef
    nkPostfix
      nkIdent '*'
      nkIdent 'nsCreate'
    nkEmpty
    nkEmpty
    nkFormalParams
      nkIdent 'Program'
      nkIdentDefs
        nkIdent 't'
        nkBracketExpr
          nkIdent 'typedesc'
          nkIdent 'Program'
        nkEmpty
    nkEmpty
    nkEmpty
    nkEmpty
  nkProcDef
    nkPostfix
      nkIdent '*'
      nkIdent 'initProgram'
    nkEmpty
    nkEmpty
    nkFormalParams
      nkEmpty
      nkIdentDefs
        nkIdent 'self'
        nkIdent 'Program'
        nkEmpty
    nkEmpty
    nkEmpty
    nkEmpty
  nkProcDef
    nkPostfix
      nkIdent '*'
      nkIdent 'newProgram'
    nkEmpty
    nkEmpty
    nkFormalParams
      nkIdent 'Program'
    nkPragma
      nkIdent 'discardable'
    nkEmpty
    nkEmpty
  nkProcDef
    nkPostfix
      nkIdent '*'
      nkIdent 'Name'
    nkEmpty
    nkEmpty
    nkFormalParams
      nkIdent 'string'
      nkIdentDefs
        nkIdent 'self'
        nkIdent 'IHasName'
        nkEmpty
    nkEmpty
    nkEmpty
    nkStmtList
      nkCall
        nkPar
          nkDotExpr
            nkDotExpr
              nkIdent 'self'
              nkIdent 'nsVt'
            nkIdent 'f0'
        nkCall
          nkIdent 'nsCheckNil'
          nkDotExpr
            nkIdent 'self'
            nkIdent 'nsObj'
  nkProcDef
    nkPostfix
      nkIdent '*'
      nkIdent '$'
    nkEmpty
    nkEmpty
    nkFormalParams
      nkIdent 'string'
      nkIdentDefs
        nkIdent 'self'
        nkIdent 'IHasName'
        nkEmpty
    nkEmpty
    nkEmpty
    nkStmtList
      nkPrefix
        nkIdent '$'
        nkDotExpr
          nkIdent 'self'
          nkIdent 'nsObj'
  nkProcDef
    nkPostfix
      nkIdent '*'
      nkIdent 'ToString'
    nkEmpty
    nkEmpty
    nkFormalParams
      nkIdent 'string'
      nkIdentDefs
        nkIdent 'self'
        nkIdent 'IHasName'
        nkEmpty
    nkEmpty
    nkEmpty
    nkStmtList
      nkPrefix
        nkIdent '$'
        nkDotExpr
          nkIdent 'self'
          nkIdent 'nsObj'
  nkMethodDef
    nkPostfix
      nkIdent '*'
      nkIdent 'nsAsIHasName'
    nkEmpty
    nkEmpty
    nkFormalParams
      nkIdent 'IHasName'
      nkIdentDefs
        nkIdent 'x'
        nkIdent 'RootRef'
        nkEmpty
    nkPragma
      nkIdent 'base'
    nkEmpty
    nkStmtList
      nkCall
        nkIdent 'default'
        nkIdent 'IHasName'
  nkProcDef
    nkPostfix
      nkIdent '*'
      nkIdent 'nsBox_Made'
    nkEmpty
    nkGenericParams
      nkIdentDefs
        nkIdent 'T'
        nkEmpty
        nkEmpty
    nkFormalParams
      nkVarTy
        nkIdent 'int32'
    nkEmpty
    nkEmpty
    nkStmtList
      nkVarSection
        nkIdentDefs
          nkPragmaExpr
            nkIdent 'nsV'
            nkPragma
              nkIdent 'global'
          nkIdent 'int32'
          nkEmpty
      nkVarSection
        nkIdentDefs
          nkPragmaExpr
            nkIdent 'nsReady'
            nkPragma
              nkIdent 'global'
          nkEmpty
          nkIdent 'false'
      nkIfStmt
        nkElifBranch
          nkPrefix
            nkIdent 'not'
            nkIdent 'nsReady'
          nkStmtList
            nkAsgn
              nkIdent 'nsReady'
              nkIdent 'true'
            nkAsgn
              nkIdent 'nsV'
              nkIntLit 0
      nkIdent 'nsV'
  nkProcDef
    nkPostfix
      nkIdent '*'
      nkIdent 'initBox'
    nkEmpty
    nkGenericParams
      nkIdentDefs
        nkIdent 'T'
        nkEmpty
        nkEmpty
    nkFormalParams
      nkEmpty
      nkIdentDefs
        nkIdent 'self'
        nkBracketExpr
          nkIdent 'Box'
          nkIdent 'T'
        nkEmpty
      nkIdentDefs
        nkIdent 'v'
        nkIdent 'T'
        nkEmpty
    nkEmpty
    nkEmpty
    nkStmtList
      nkAsgn
        nkDotExpr
          nkIdent 'self'
          nkIdent 'value'
        nkIdent 'v'
      nkCommand
        nkIdent 'inc'
        nkDotExpr
          nkBracketExpr
            nkIdent 'Box'
            nkIdent 'T'
          nkIdent 'Made'
  nkProcDef
    nkPostfix
      nkIdent '*'
      nkIdent 'newBox'
    nkEmpty
    nkGenericParams
      nkIdentDefs
        nkIdent 'T'
        nkEmpty
        nkEmpty
    nkFormalParams
      nkBracketExpr
        nkIdent 'Box'
        nkIdent 'T'
      nkIdentDefs
        nkIdent 'v'
        nkIdent 'T'
        nkEmpty
    nkPragma
      nkIdent 'discardable'
    nkEmpty
    nkStmtList
      nkCall
        nkIdent 'new'
        nkIdent 'result'
      nkCall
        nkIdent 'initBox'
        nkIdent 'result'
        nkIdent 'v'
  nkProcDef
    nkPostfix
      nkIdent '*'
      nkIdent 'Get'
    nkEmpty
    nkGenericParams
      nkIdentDefs
        nkIdent 'T'
        nkEmpty
        nkEmpty
    nkFormalParams
      nkIdent 'T'
      nkIdentDefs
        nkIdent 'self'
        nkBracketExpr
          nkIdent 'Box'
          nkIdent 'T'
        nkEmpty
    nkPragma
      nkIdent 'discardable'
    nkEmpty
    nkStmtList
      nkReturnStmt
        nkDotExpr
          nkIdent 'self'
          nkIdent 'value'
  nkProcDef
    nkPostfix
      nkIdent '*'
      nkIdent 'Set'
    nkEmpty
    nkGenericParams
      nkIdentDefs
        nkIdent 'T'
        nkEmpty
        nkEmpty
    nkFormalParams
      nkEmpty
      nkIdentDefs
        nkIdent 'self'
        nkBracketExpr
          nkIdent 'Box'
          nkIdent 'T'
        nkEmpty
      nkIdentDefs
        nkIdent 'v'
        nkIdent 'T'
        nkEmpty
    nkEmpty
    nkEmpty
    nkStmtList
      nkAsgn
        nkDotExpr
          nkIdent 'self'
          nkIdent 'value'
        nkIdent 'v'
  nkProcDef
    nkPostfix
      nkIdent '*'
      nkIdent 'Map'
    nkEmpty
    nkGenericParams
      nkIdentDefs
        nkIdent 'T'
        nkIdent 'U'
        nkEmpty
        nkEmpty
    nkFormalParams
      nkBracketExpr
        nkIdent 'Box'
        nkIdent 'U'
      nkIdentDefs
        nkIdent 'self'
        nkBracketExpr
          nkIdent 'Box'
          nkIdent 'T'
        nkEmpty
      nkIdentDefs
        nkIdent 'f'
        nkBracketExpr
          nkIdent 'Func2'
          nkIdent 'T'
          nkIdent 'U'
        nkEmpty
    nkPragma
      nkIdent 'discardable'
    nkEmpty
    nkStmtList
      nkReturnStmt
        nkCall
          nkBracketExpr
            nkIdent 'newBox'
            nkIdent 'U'
          nkCall
            nkIdent 'f'
            nkDotExpr
              nkIdent 'self'
              nkIdent 'value'
  nkMethodDef
    nkPostfix
      nkIdent '*'
      nkIdent 'ToString'
    nkEmpty
    nkGenericParams
      nkIdentDefs
        nkIdent 'T'
        nkEmpty
        nkEmpty
    nkFormalParams
      nkIdent 'string'
      nkIdentDefs
        nkIdent 'self'
        nkBracketExpr
          nkIdent 'Box'
          nkIdent 'T'
        nkEmpty
    nkPragma
      nkIdent 'discardable'
    nkEmpty
    nkStmtList
      nkReturnStmt
        nkInfix
          nkIdent '+'
          nkInfix
            nkIdent '+'
            nkStrLit "Box("
            nkDotExpr
              nkIdent 'self'
              nkIdent 'value'
          nkStrLit ")"
  nkMethodDef
    nkPostfix
      nkIdent '*'
      nkIdent 'ToString'
    nkEmpty
    nkGenericParams
      nkIdentDefs
        nkIdent 'K'
        nkIdent 'V'
        nkEmpty
        nkEmpty
    nkFormalParams
      nkIdent 'string'
      nkIdentDefs
        nkIdent 'self'
        nkBracketExpr
          nkIdent 'Pair'
          nkIdent 'K'
          nkIdent 'V'
        nkEmpty
    nkEmpty
    nkEmpty
    nkStmtList
      nkStrLit "Demo.Pair"
  nkProcDef
    nkPostfix
      nkIdent '*'
      nkIdent 'initPair'
    nkEmpty
    nkGenericParams
      nkIdentDefs
        nkIdent 'K'
        nkIdent 'V'
        nkEmpty
        nkEmpty
    nkFormalParams
      nkEmpty
      nkIdentDefs
        nkIdent 'self'
        nkBracketExpr
          nkIdent 'Pair'
          nkIdent 'K'
          nkIdent 'V'
        nkEmpty
      nkIdentDefs
        nkIdent 'k'
        nkIdent 'K'
        nkEmpty
      nkIdentDefs
        nkIdent 'v'
        nkIdent 'V'
        nkEmpty
    nkEmpty
    nkEmpty
    nkStmtList
      nkAsgn
        nkDotExpr
          nkIdent 'self'
          nkIdent 'Key'
        nkIdent 'k'
      nkAsgn
        nkDotExpr
          nkIdent 'self'
          nkIdent 'Val'
        nkIdent 'v'
  nkProcDef
    nkPostfix
      nkIdent '*'
      nkIdent 'newPair'
    nkEmpty
    nkGenericParams
      nkIdentDefs
        nkIdent 'K'
        nkIdent 'V'
        nkEmpty
        nkEmpty
    nkFormalParams
      nkBracketExpr
        nkIdent 'Pair'
        nkIdent 'K'
        nkIdent 'V'
      nkIdentDefs
        nkIdent 'k'
        nkIdent 'K'
        nkEmpty
      nkIdentDefs
        nkIdent 'v'
        nkIdent 'V'
        nkEmpty
    nkPragma
      nkIdent 'discardable'
    nkEmpty
    nkStmtList
      nkCall
        nkIdent 'new'
        nkIdent 'result'
      nkCall
        nkIdent 'initPair'
        nkIdent 'result'
        nkIdent 'k'
        nkIdent 'v'
  nkMethodDef
    nkPostfix
      nkIdent '*'
      nkIdent 'ToString'
    nkEmpty
    nkEmpty
    nkFormalParams
      nkIdent 'string'
      nkIdentDefs
        nkIdent 'self'
        nkIdent 'Item'
        nkEmpty
    nkEmpty
    nkEmpty
    nkStmtList
      nkStrLit "Demo.Item"
  nkProcDef
    nkPostfix
      nkIdent '*'
      nkIdent 'nsVtGet_Item_IHasName'
    nkEmpty
    nkEmpty
    nkFormalParams
      nkPtrTy
        nkIdent 'nsVT_IHasName'
    nkEmpty
    nkEmpty
    nkStmtList
      nkVarSection
        nkIdentDefs
          nkPragmaExpr
            nkIdent 'nsStore'
            nkPragma
              nkIdent 'global'
          nkIdent 'nsVT_IHasName'
          nkEmpty
      nkIfStmt
        nkElifBranch
          nkPrefix
            nkIdent 'not'
            nkDotExpr
              nkIdent 'nsStore'
              nkIdent 'nsReady'
          nkStmtList
            nkAsgn
              nkIdent 'nsStore'
              nkObjConstr
                nkIdent 'nsVT_IHasName'
                nkExprColonExpr
                  nkIdent 'nsReady'
                  nkIdent 'true'
                nkExprColonExpr
                  nkIdent 'f0'
                  nkLambda
                    nkEmpty
                    nkEmpty
                    nkEmpty
                    nkFormalParams
                      nkIdent 'string'
                      nkIdentDefs
                        nkIdent 'self'
                        nkIdent 'RootRef'
                        nkEmpty
                    nkPragma
                      nkIdent 'nimcall'
                    nkEmpty
                    nkStmtList
                      nkCall
                        nkIdent 'Name'
                        nkCall
                          nkIdent 'Item'
                          nkIdent 'self'
      nkCall
        nkIdent 'addr'
        nkIdent 'nsStore'
  nkConverterDef
    nkPostfix
      nkIdent '*'
      nkIdent 'nsTo_IHasName'
    nkEmpty
    nkEmpty
    nkFormalParams
      nkIdent 'IHasName'
      nkIdentDefs
        nkIdent 'x'
        nkIdent 'Item'
        nkEmpty
    nkEmpty
    nkEmpty
    nkStmtList
      nkIfExpr
        nkElifExpr
          nkCall
            nkIdent 'isNil'
            nkIdent 'x'
          nkCall
            nkIdent 'default'
            nkIdent 'IHasName'
        nkElseExpr
          nkObjConstr
            nkIdent 'IHasName'
            nkExprColonExpr
              nkIdent 'nsObj'
              nkIdent 'x'
            nkExprColonExpr
              nkIdent 'nsVt'
              nkCall
                nkIdent 'nsVtGet_Item_IHasName'
  nkMethodDef
    nkPostfix
      nkIdent '*'
      nkIdent 'nsAsIHasName'
    nkEmpty
    nkEmpty
    nkFormalParams
      nkIdent 'IHasName'
      nkIdentDefs
        nkIdent 'x'
        nkIdent 'Item'
        nkEmpty
    nkEmpty
    nkEmpty
    nkStmtList
      nkCall
        nkIdent 'nsTo_IHasName'
        nkIdent 'x'
  nkProcDef
    nkPostfix
      nkIdent '*'
      nkIdent 'initItem'
    nkEmpty
    nkEmpty
    nkFormalParams
      nkEmpty
      nkIdentDefs
        nkIdent 'self'
        nkIdent 'Item'
        nkEmpty
      nkIdentDefs
        nkIdent 'n'
        nkIdent 'string'
        nkEmpty
    nkEmpty
    nkEmpty
    nkStmtList
      nkAsgn
        nkDotExpr
          nkIdent 'self'
          nkIdent 'n'
        nkIdent 'n'
  nkProcDef
    nkPostfix
      nkIdent '*'
      nkIdent 'newItem'
    nkEmpty
    nkEmpty
    nkFormalParams
      nkIdent 'Item'
      nkIdentDefs
        nkIdent 'n'
        nkIdent 'string'
        nkEmpty
    nkPragma
      nkIdent 'discardable'
    nkEmpty
    nkStmtList
      nkCall
        nkIdent 'new'
        nkIdent 'result'
      nkCall
        nkIdent 'initItem'
        nkIdent 'result'
        nkIdent 'n'
  nkProcDef
    nkPostfix
      nkIdent '*'
      nkIdent 'Name'
    nkEmpty
    nkEmpty
    nkFormalParams
      nkIdent 'string'
      nkIdentDefs
        nkIdent 'self'
        nkIdent 'Item'
        nkEmpty
    nkPragma
      nkIdent 'discardable'
    nkEmpty
    nkStmtList
      nkReturnStmt
        nkDotExpr
          nkIdent 'self'
          nkIdent 'n'
  nkMethodDef
    nkPostfix
      nkIdent '*'
      nkIdent 'ToString'
    nkEmpty
    nkEmpty
    nkFormalParams
      nkIdent 'string'
      nkIdentDefs
        nkIdent 'self'
        nkIdent 'Program'
        nkEmpty
    nkEmpty
    nkEmpty
    nkStmtList
      nkStrLit "Demo.Program"
  nkProcDef
    nkIdent 'Max'
    nkEmpty
    nkGenericParams
      nkIdentDefs
        nkIdent 'T'
        nkEmpty
        nkEmpty
    nkFormalParams
      nkIdent 'T'
      nkIdentDefs
        nkIdent 't'
        nkBracketExpr
          nkIdent 'typedesc'
          nkIdent 'Program'
        nkEmpty
      nkIdentDefs
        nkIdent 'a'
        nkIdent 'T'
        nkEmpty
      nkIdentDefs
        nkIdent 'b'
        nkIdent 'T'
        nkEmpty
    nkPragma
      nkIdent 'discardable'
    nkEmpty
    nkStmtList
      nkReturnStmt
        nkIfExpr
          nkElifExpr
            nkInfix
              nkIdent '>'
              nkCall
                nkDotExpr
                  nkIdent 'a'
                  nkIdent 'CompareTo'
                nkIdent 'b'
              nkIntLit 0
            nkIdent 'a'
          nkElseExpr
            nkIdent 'b'
  nkProcDef
    nkIdent 'Swap'
    nkEmpty
    nkGenericParams
      nkIdentDefs
        nkIdent 'T'
        nkEmpty
        nkEmpty
    nkFormalParams
      nkEmpty
      nkIdentDefs
        nkIdent 't'
        nkBracketExpr
          nkIdent 'typedesc'
          nkIdent 'Program'
        nkEmpty
      nkIdentDefs
        nkIdent 'xs'
        nkBracketExpr
          nkIdent 'List'
          nkIdent 'T'
        nkEmpty
      nkIdentDefs
        nkIdent 'i'
        nkIdent 'int32'
        nkEmpty
      nkIdentDefs
        nkIdent 'j'
        nkIdent 'int32'
        nkEmpty
    nkEmpty
    nkEmpty
    nkStmtList
      nkVarSection
        nkIdentDefs
          nkIdent 't'
          nkIdent 'T'
          nkBracketExpr
            nkIdent 'xs'
            nkIdent 'i'
      nkAsgn
        nkBracketExpr
          nkIdent 'xs'
          nkIdent 'i'
        nkBracketExpr
          nkIdent 'xs'
          nkIdent 'j'
      nkAsgn
        nkBracketExpr
          nkIdent 'xs'
          nkIdent 'j'
        nkIdent 't'
  nkProcDef
    nkIdent 'Names'
    nkEmpty
    nkGenericParams
      nkIdentDefs
        nkIdent 'T'
        nkEmpty
        nkEmpty
    nkFormalParams
      nkIdent 'string'
      nkIdentDefs
        nkIdent 't'
        nkBracketExpr
          nkIdent 'typedesc'
          nkIdent 'Program'
        nkEmpty
      nkIdentDefs
        nkIdent 'items'
        nkBracketExpr
          nkIdent 'List'
          nkIdent 'T'
        nkEmpty
    nkPragma
      nkIdent 'discardable'
    nkEmpty
    nkStmtList
      nkVarSection
        nkIdentDefs
          nkIdent 's'
          nkIdent 'string'
          nkStrLit ""
      nkForStmt
        nkIdent 'it'
        nkIdent 'items'
        nkStmtList
          nkAsgn
            nkIdent 's'
            nkInfix
              nkIdent '+'
              nkIdent 's'
              nkInfix
                nkIdent '+'
                nkCall
                  nkDotExpr
                    nkIdent 'it'
                    nkIdent 'Name'
                nkStrLit ";"
      nkReturnStmt
        nkIdent 's'
  nkProcDef
    nkIdent 'First'
    nkEmpty
    nkGenericParams
      nkIdentDefs
        nkIdent 'T'
        nkEmpty
        nkEmpty
    nkFormalParams
      nkIdent 'T'
      nkIdentDefs
        nkIdent 't'
        nkBracketExpr
          nkIdent 'typedesc'
          nkIdent 'Program'
        nkEmpty
      nkIdentDefs
        nkIdent 'xs'
        nkBracketExpr
          nkIdent 'seq'
          nkIdent 'T'
        nkEmpty
    nkPragma
      nkIdent 'discardable'
    nkEmpty
    nkStmtList
      nkReturnStmt
        nkBracketExpr
          nkIdent 'xs'
          nkIntLit 0
  nkProcDef
    nkIdent 'Main'
    nkEmpty
    nkEmpty
    nkFormalParams
      nkEmpty
    nkEmpty
    nkEmpty
    nkStmtList
      nkVarSection
        nkIdentDefs
          nkIdent 'b'
          nkBracketExpr
            nkIdent 'Box'
            nkIdent 'int32'
          nkCall
            nkBracketExpr
              nkIdent 'newBox'
              nkIdent 'int32'
            nkCall
              nkIdent 'int32'
              nkIntLit 41
      nkCall
        nkDotExpr
          nkCall
            nkIdent 'nsCheckNil'
            nkIdent 'b'
          nkIdent 'Set'
        nkInfix
          nkIdent '+'
          nkCall
            nkDotExpr
              nkCall
                nkIdent 'nsCheckNil'
                nkIdent 'b'
              nkIdent 'Get'
          nkIntLit 1
      nkCall
        nkIdent 'WriteLine'
        nkCall
          nkDotExpr
            nkCall
              nkIdent 'nsCheckNil'
              nkIdent 'b'
            nkIdent 'Get'
      nkVarSection
        nkIdentDefs
          nkIdent 's'
          nkBracketExpr
            nkIdent 'Box'
            nkIdent 'string'
          nkCall
            nkBracketExpr
              nkIdent 'newBox'
              nkIdent 'string'
            nkStrLit "hi"
      nkCall
        nkIdent 'WriteLine'
        nkDotExpr
          nkCall
            nkDotExpr
              nkCall
                nkIdent 'nsCheckNil'
                nkIdent 's'
              nkIdent 'Get'
          nkIdent 'Length'
      nkCall
        nkIdent 'WriteLine'
        nkIdent 'b'
      nkVarSection
        nkIdentDefs
          nkIdent 'p'
          nkBracketExpr
            nkIdent 'Pair'
            nkIdent 'string'
            nkIdent 'int32'
          nkCall
            nkBracketExpr
              nkIdent 'newPair'
              nkIdent 'string'
              nkIdent 'int32'
            nkStrLit "a"
            nkCall
              nkIdent 'int32'
              nkIntLit 1
      nkCall
        nkIdent 'WriteLine'
        nkInfix
          nkIdent '+'
          nkDotExpr
            nkCall
              nkIdent 'nsCheckNil'
              nkIdent 'p'
            nkIdent 'Key'
          nkDotExpr
            nkCall
              nkIdent 'nsCheckNil'
              nkIdent 'p'
            nkIdent 'Val'
      nkCall
        nkIdent 'WriteLine'
        nkCall
          nkIdent 'Max'
          nkIdent 'Program'
          nkCall
            nkIdent 'int32'
            nkIntLit 3
          nkCall
            nkIdent 'int32'
            nkIntLit 7
      nkCall
        nkIdent 'WriteLine'
        nkCall
          nkBracketExpr
            nkIdent 'Max'
            nkIdent 'string'
          nkIdent 'Program'
          nkStrLit "pear"
          nkStrLit "apple"
      nkVarSection
        nkIdentDefs
          nkIdent 'xs'
          nkBracketExpr
            nkIdent 'List'
            nkIdent 'int32'
          nkCall
            nkBracketExpr
              nkIdent 'newList'
              nkIdent 'int32'
      nkCall
        nkDotExpr
          nkIdent 'xs'
          nkIdent 'Add'
        nkIntLit 1
      nkCall
        nkDotExpr
          nkIdent 'xs'
          nkIdent 'Add'
        nkIntLit 2
      nkCall
        nkDotExpr
          nkIdent 'xs'
          nkIdent 'Add'
        nkIntLit 3
      nkCall
        nkIdent 'Swap'
        nkIdent 'Program'
        nkIdent 'xs'
        nkIntLit 0
        nkIntLit 2
      nkCall
        nkIdent 'WriteLine'
        nkBracketExpr
          nkIdent 'xs'
          nkIntLit 0
      nkVarSection
        nkIdentDefs
          nkIdent 'items'
          nkBracketExpr
            nkIdent 'List'
            nkIdent 'Item'
          nkCall
            nkBracketExpr
              nkIdent 'newList'
              nkIdent 'Item'
      nkCall
        nkDotExpr
          nkIdent 'items'
          nkIdent 'Add'
        nkCall
          nkIdent 'newItem'
          nkStrLit "x"
      nkCall
        nkDotExpr
          nkIdent 'items'
          nkIdent 'Add'
        nkCall
          nkIdent 'newItem'
          nkStrLit "y"
      nkCall
        nkIdent 'WriteLine'
        nkCall
          nkIdent 'Names'
          nkIdent 'Program'
          nkIdent 'items'
      nkCall
        nkIdent 'WriteLine'
        nkCall
          nkIdent 'First'
          nkIdent 'Program'
          nkPrefix
            nkIdent '@'
            nkBracket
              nkCall
                nkIdent 'string'
                nkStrLit "z"
      nkCall
        nkIdent 'WriteLine'
        nkCall
          nkIdent 'default'
          nkIdent 'int32'
  nkProcDef
    nkPostfix
      nkIdent '*'
      nkIdent 'nsCreate'
    nkEmpty
    nkEmpty
    nkFormalParams
      nkIdent 'Program'
      nkIdentDefs
        nkIdent 't'
        nkBracketExpr
          nkIdent 'typedesc'
          nkIdent 'Program'
        nkEmpty
    nkEmpty
    nkEmpty
    nkStmtList
      nkCall
        nkIdent 'newProgram'
  nkProcDef
    nkPostfix
      nkIdent '*'
      nkIdent 'initProgram'
    nkEmpty
    nkEmpty
    nkFormalParams
      nkEmpty
      nkIdentDefs
        nkIdent 'self'
        nkIdent 'Program'
        nkEmpty
    nkEmpty
    nkEmpty
    nkStmtList
  nkProcDef
    nkPostfix
      nkIdent '*'
      nkIdent 'newProgram'
    nkEmpty
    nkEmpty
    nkFormalParams
      nkIdent 'Program'
    nkPragma
      nkIdent 'discardable'
    nkEmpty
    nkStmtList
      nkCall
        nkIdent 'new'
        nkIdent 'result'
      nkCall
        nkIdent 'initProgram'
        nkIdent 'result'
  nkWhenStmt
    nkElifBranch
      nkIdent 'isMainModule'
      nkStmtList
        nkCall
          nkIdent 'Main'
