nkStmtList
  nkImportStmt
    nkStrLit "nsharp/intrinsics"
  nkPragma
    nkIdent 'push'
    nkExprColonExpr
      nkIdent 'overflowChecks'
      nkIdent 'off'
  nkImportStmt
    nkStrLit "System"
  nkImportStmt
    nkStrLit "System/Collections/Generic"
  nkTypeSection
    nkTypeDef
      nkPostfix
        nkIdent '*'
        nkIdent 'nsVT_IRepo'
      nkGenericParams
        nkIdentDefs
          nkIdent 'T'
          nkEmpty
          nkEmpty
      nkObjectTy
        nkEmpty
        nkEmpty
        nkRecList
          nkIdentDefs
            nkPostfix
              nkIdent '*'
              nkIdent 'nsReady'
            nkIdent 'bool'
            nkEmpty
          nkIdentDefs
            nkPostfix
              nkIdent '*'
              nkIdent 'f0'
            nkProcTy
              nkFormalParams
                nkEmpty
                nkIdentDefs
                  nkIdent 'self'
                  nkIdent 'RootRef'
                  nkEmpty
                nkIdentDefs
                  nkIdent 'item'
                  nkIdent 'T'
                  nkEmpty
              nkPragma
                nkIdent 'nimcall'
            nkEmpty
          nkIdentDefs
            nkPostfix
              nkIdent '*'
              nkIdent 'f1'
            nkProcTy
              nkFormalParams
                nkIdent 'T'
                nkIdentDefs
                  nkIdent 'self'
                  nkIdent 'RootRef'
                  nkEmpty
                nkIdentDefs
                  nkIdent 'i'
                  nkIdent 'int32'
                  nkEmpty
              nkPragma
                nkIdent 'nimcall'
            nkEmpty
          nkIdentDefs
            nkPostfix
              nkIdent '*'
              nkIdent 'f2'
            nkProcTy
              nkFormalParams
                nkIdent 'int32'
                nkIdentDefs
                  nkIdent 'self'
                  nkIdent 'RootRef'
                  nkEmpty
              nkPragma
                nkIdent 'nimcall'
            nkEmpty
    nkTypeDef
      nkPostfix
        nkIdent '*'
        nkIdent 'IRepo'
      nkGenericParams
        nkIdentDefs
          nkIdent 'T'
          nkEmpty
          nkEmpty
      nkObjectTy
        nkEmpty
        nkEmpty
        nkRecList
          nkIdentDefs
            nkPostfix
              nkIdent '*'
              nkIdent 'nsObj'
            nkIdent 'RootRef'
            nkEmpty
          nkIdentDefs
            nkPostfix
              nkIdent '*'
              nkIdent 'nsVt'
            nkPtrTy
              nkBracketExpr
                nkIdent 'nsVT_IRepo'
                nkIdent 'T'
            nkEmpty
    nkTypeDef
      nkPostfix
        nkIdent '*'
        nkIdent 'nsVT_INamedRepo'
      nkGenericParams
        nkIdentDefs
          nkIdent 'T'
          nkEmpty
          nkEmpty
      nkObjectTy
        nkEmpty
        nkEmpty
        nkRecList
          nkIdentDefs
            nkPostfix
              nkIdent '*'
              nkIdent 'nsReady'
            nkIdent 'bool'
            nkEmpty
          nkIdentDefs
            nkPostfix
              nkIdent '*'
              nkIdent 'f0'
            nkProcTy
              nkFormalParams
                nkIdent 'string'
                nkIdentDefs
                  nkIdent 'self'
                  nkIdent 'RootRef'
                  nkEmpty
              nkPragma
                nkIdent 'nimcall'
            nkEmpty
          nkIdentDefs
            nkPostfix
              nkIdent '*'
              nkIdent 'f1'
            nkProcTy
              nkFormalParams
                nkEmpty
                nkIdentDefs
                  nkIdent 'self'
                  nkIdent 'RootRef'
                  nkEmpty
                nkIdentDefs
                  nkIdent 'item'
                  nkIdent 'T'
                  nkEmpty
              nkPragma
                nkIdent 'nimcall'
            nkEmpty
          nkIdentDefs
            nkPostfix
              nkIdent '*'
              nkIdent 'f2'
            nkProcTy
              nkFormalParams
                nkIdent 'T'
                nkIdentDefs
                  nkIdent 'self'
                  nkIdent 'RootRef'
                  nkEmpty
                nkIdentDefs
                  nkIdent 'i'
                  nkIdent 'int32'
                  nkEmpty
              nkPragma
                nkIdent 'nimcall'
            nkEmpty
          nkIdentDefs
            nkPostfix
              nkIdent '*'
              nkIdent 'f3'
            nkProcTy
              nkFormalParams
                nkIdent 'int32'
                nkIdentDefs
                  nkIdent 'self'
                  nkIdent 'RootRef'
                  nkEmpty
              nkPragma
                nkIdent 'nimcall'
            nkEmpty
          nkIdentDefs
            nkPostfix
              nkIdent '*'
              nkIdent 'up0'
            nkPtrTy
              nkBracketExpr
                nkIdent 'nsVT_IRepo'
                nkIdent 'T'
            nkEmpty
    nkTypeDef
      nkPostfix
        nkIdent '*'
        nkIdent 'INamedRepo'
      nkGenericParams
        nkIdentDefs
          nkIdent 'T'
          nkEmpty
          nkEmpty
      nkObjectTy
        nkEmpty
        nkEmpty
        nkRecList
          nkIdentDefs
            nkPostfix
              nkIdent '*'
              nkIdent 'nsObj'
            nkIdent 'RootRef'
            nkEmpty
          nkIdentDefs
            nkPostfix
              nkIdent '*'
              nkIdent 'nsVt'
            nkPtrTy
              nkBracketExpr
                nkIdent 'nsVT_INamedRepo'
                nkIdent 'T'
            nkEmpty
    nkTypeDef
      nkPostfix
        nkIdent '*'
        nkIdent 'IntRepo'
      nkEmpty
      nkRefTy
        nkObjectTy
          nkEmpty
          nkOfInherit
            nkIdent 'RootObj'
          nkRecList
            nkIdentDefs
              nkIdent 'items'
              nkBracketExpr
                nkIdent 'List'
                nkIdent 'int32'
              nkEmpty
    nkTypeDef
      nkPostfix
        nkIdent '*'
        nkIdent 'Repo'
      nkGenericParams
        nkIdentDefs
          nkIdent 'T'
          nkEmpty
          nkEmpty
      nkRefTy
        nkObjectTy
          nkEmpty
          nkOfInherit
            nkIdent 'RootObj'
          nkRecList
            nkIdentDefs
              nkIdent 'items'
              nkBracketExpr
                nkIdent 'List'
                nkIdent 'T'
              nkEmpty
    nkTypeDef
      nkPostfix
        nkIdent '*'
        nkIdent 'Money'
      nkEmpty
      nkRefTy
        nkObjectTy
          nkEmpty
          nkOfInherit
            nkIdent 'RootObj'
          nkRecList
            nkIdentDefs
              nkPostfix
                nkIdent '*'
                nkIdent 'Cents'
              nkIdent 'int32'
              nkEmpty
    nkTypeDef
      nkPostfix
        nkIdent '*'
        nkIdent 'Program'
      nkEmpty
      nkRefTy
        nkObjectTy
          nkEmpty
          nkOfInherit
            nkIdent 'RootObj'
          nkRecList
  nkProcDef
    nkPostfix
      nkIdent '*'
      nkIdent 'Add'
    nkEmpty
    nkGenericParams
      nkIdentDefs
        nkIdent 'T'
        nkEmpty
        nkEmpty
    nkFormalParams
      nkEmpty
      nkIdentDefs
        nkIdent 'self'
        nkBracketExpr
          nkIdent 'IRepo'
          nkIdent 'T'
        nkEmpty
      nkIdentDefs
        nkIdent 'item'
        nkIdent 'T'
        nkEmpty
    nkEmpty
    nkEmpty
    nkEmpty
  nkProcDef
    nkPostfix
      nkIdent '*'
      nkIdent 'Get'
    nkEmpty
    nkGenericParams
      nkIdentDefs
        nkIdent 'T'
        nkEmpty
        nkEmpty
    nkFormalParams
      nkIdent 'T'
      nkIdentDefs
        nkIdent 'self'
        nkBracketExpr
          nkIdent 'IRepo'
          nkIdent 'T'
        nkEmpty
      nkIdentDefs
        nkIdent 'i'
        nkIdent 'int32'
        nkEmpty
    nkEmpty
    nkEmpty
    nkEmpty
  nkProcDef
    nkPostfix
      nkIdent '*'
      nkIdent 'Count'
    nkEmpty
    nkGenericParams
      nkIdentDefs
        nkIdent 'T'
        nkEmpty
        nkEmpty
    nkFormalParams
      nkIdent 'int32'
      nkIdentDefs
        nkIdent 'self'
        nkBracketExpr
          nkIdent 'IRepo'
          nkIdent 'T'
        nkEmpty
    nkEmpty
    nkEmpty
    nkEmpty
  nkProcDef
    nkPostfix
      nkIdent '*'
      nkIdent '$'
    nkEmpty
    nkGenericParams
      nkIdentDefs
        nkIdent 'T'
        nkEmpty
        nkEmpty
    nkFormalParams
      nkIdent 'string'
      nkIdentDefs
        nkIdent 'self'
        nkBracketExpr
          nkIdent 'IRepo'
          nkIdent 'T'
        nkEmpty
    nkEmpty
    nkEmpty
    nkEmpty
  nkProcDef
    nkPostfix
      nkIdent '*'
      nkIdent 'ToString'
    nkEmpty
    nkGenericParams
      nkIdentDefs
        nkIdent 'T'
        nkEmpty
        nkEmpty
    nkFormalParams
      nkIdent 'string'
      nkIdentDefs
        nkIdent 'self'
        nkBracketExpr
          nkIdent 'IRepo'
          nkIdent 'T'
        nkEmpty
    nkEmpty
    nkEmpty
    nkEmpty
  nkProcDef
    nkPostfix
      nkIdent '*'
      nkIdent 'Name'
    nkEmpty
    nkGenericParams
      nkIdentDefs
        nkIdent 'T'
        nkEmpty
        nkEmpty
    nkFormalParams
      nkIdent 'string'
      nkIdentDefs
        nkIdent 'self'
        nkBracketExpr
          nkIdent 'INamedRepo'
          nkIdent 'T'
        nkEmpty
    nkEmpty
    nkEmpty
    nkEmpty
  nkProcDef
    nkPostfix
      nkIdent '*'
      nkIdent 'Add'
    nkEmpty
    nkGenericParams
      nkIdentDefs
        nkIdent 'T'
        nkEmpty
        nkEmpty
    nkFormalParams
      nkEmpty
      nkIdentDefs
        nkIdent 'self'
        nkBracketExpr
          nkIdent 'INamedRepo'
          nkIdent 'T'
        nkEmpty
      nkIdentDefs
        nkIdent 'item'
        nkIdent 'T'
        nkEmpty
    nkEmpty
    nkEmpty
    nkEmpty
  nkProcDef
    nkPostfix
      nkIdent '*'
      nkIdent 'Get'
    nkEmpty
    nkGenericParams
      nkIdentDefs
        nkIdent 'T'
        nkEmpty
        nkEmpty
    nkFormalParams
      nkIdent 'T'
      nkIdentDefs
        nkIdent 'self'
        nkBracketExpr
          nkIdent 'INamedRepo'
          nkIdent 'T'
        nkEmpty
      nkIdentDefs
        nkIdent 'i'
        nkIdent 'int32'
        nkEmpty
    nkEmpty
    nkEmpty
    nkEmpty
  nkProcDef
    nkPostfix
      nkIdent '*'
      nkIdent 'Count'
    nkEmpty
    nkGenericParams
      nkIdentDefs
        nkIdent 'T'
        nkEmpty
        nkEmpty
    nkFormalParams
      nkIdent 'int32'
      nkIdentDefs
        nkIdent 'self'
        nkBracketExpr
          nkIdent 'INamedRepo'
          nkIdent 'T'
        nkEmpty
    nkEmpty
    nkEmpty
    nkEmpty
  nkProcDef
    nkPostfix
      nkIdent '*'
      nkIdent '$'
    nkEmpty
    nkGenericParams
      nkIdentDefs
        nkIdent 'T'
        nkEmpty
        nkEmpty
    nkFormalParams
      nkIdent 'string'
      nkIdentDefs
        nkIdent 'self'
        nkBracketExpr
          nkIdent 'INamedRepo'
          nkIdent 'T'
        nkEmpty
    nkEmpty
    nkEmpty
    nkEmpty
  nkProcDef
    nkPostfix
      nkIdent '*'
      nkIdent 'ToString'
    nkEmpty
    nkGenericParams
      nkIdentDefs
        nkIdent 'T'
        nkEmpty
        nkEmpty
    nkFormalParams
      nkIdent 'string'
      nkIdentDefs
        nkIdent 'self'
        nkBracketExpr
          nkIdent 'INamedRepo'
          nkIdent 'T'
        nkEmpty
    nkEmpty
    nkEmpty
    nkEmpty
  nkConverterDef
    nkPostfix
      nkIdent '*'
      nkIdent 'nsTo_IRepo_T'
    nkEmpty
    nkGenericParams
      nkIdentDefs
        nkIdent 'T'
        nkEmpty
        nkEmpty
    nkFormalParams
      nkBracketExpr
        nkIdent 'IRepo'
        nkIdent 'T'
      nkIdentDefs
        nkIdent 'x'
        nkBracketExpr
          nkIdent 'INamedRepo'
          nkIdent 'T'
        nkEmpty
    nkEmpty
    nkEmpty
    nkEmpty
  nkMethodDef
    nkPostfix
      nkIdent '*'
      nkIdent 'ToString'
    nkEmpty
    nkEmpty
    nkFormalParams
      nkIdent 'string'
      nkIdentDefs
        nkIdent 'self'
        nkIdent 'IntRepo'
        nkEmpty
    nkEmpty
    nkEmpty
    nkEmpty
  nkProcDef
    nkPostfix
      nkIdent '*'
      nkIdent 'nsTypeOf'
    nkEmpty
    nkEmpty
    nkFormalParams
      nkIdent 'Type'
      nkIdentDefs
        nkIdent 't'
        nkBracketExpr
          nkIdent 'typedesc'
          nkIdent 'IntRepo'
        nkEmpty
    nkEmpty
    nkEmpty
    nkEmpty
  nkMethodDef
    nkPostfix
      nkIdent '*'
      nkIdent 'nsTypeName'
    nkEmpty
    nkEmpty
    nkFormalParams
      nkIdent 'string'
      nkIdentDefs
        nkIdent 'self'
        nkIdent 'IntRepo'
        nkEmpty
    nkEmpty
    nkEmpty
    nkEmpty
  nkProcDef
    nkPostfix
      nkIdent '*'
      nkIdent 'nsVtGet_IntRepo_INamedRepo_int'
    nkEmpty
    nkEmpty
    nkFormalParams
      nkPtrTy
        nkBracketExpr
          nkIdent 'nsVT_INamedRepo'
          nkIdent 'int32'
    nkEmpty
    nkEmpty
    nkEmpty
  nkConverterDef
    nkPostfix
      nkIdent '*'
      nkIdent 'nsTo_INamedRepo_int'
    nkEmpty
    nkEmpty
    nkFormalParams
      nkBracketExpr
        nkIdent 'INamedRepo'
        nkIdent 'int32'
      nkIdentDefs
        nkIdent 'x'
        nkIdent 'IntRepo'
        nkEmpty
    nkEmpty
    nkEmpty
    nkEmpty
  nkProcDef
    nkPostfix
      nkIdent '*'
      nkIdent 'nsVtGet_IntRepo_IRepo_int'
    nkEmpty
    nkEmpty
    nkFormalParams
      nkPtrTy
        nkBracketExpr
          nkIdent 'nsVT_IRepo'
          nkIdent 'int32'
    nkEmpty
    nkEmpty
    nkEmpty
  nkConverterDef
    nkPostfix
      nkIdent '*'
      nkIdent 'nsTo_IRepo_int'
    nkEmpty
    nkEmpty
    nkFormalParams
      nkBracketExpr
        nkIdent 'IRepo'
        nkIdent 'int32'
      nkIdentDefs
        nkIdent 'x'
        nkIdent 'IntRepo'
        nkEmpty
    nkEmpty
    nkEmpty
    nkEmpty
  nkProcDef
    nkPostfix
      nkIdent '*'
      nkIdent 'Add'
    nkEmpty
    nkEmpty
    nkFormalParams
      nkEmpty
      nkIdentDefs
        nkIdent 'self'
        nkIdent 'IntRepo'
        nkEmpty
      nkIdentDefs
        nkIdent 'item'
        nkIdent 'int32'
        nkEmpty
    nkEmpty
    nkEmpty
    nkEmpty
  nkProcDef
    nkPostfix
      nkIdent '*'
      nkIdent 'Get'
    nkEmpty
    nkEmpty
    nkFormalParams
      nkIdent 'int32'
      nkIdentDefs
        nkIdent 'self'
        nkIdent 'IntRepo'
        nkEmpty
      nkIdentDefs
        nkIdent 'i'
        nkIdent 'int32'
        nkEmpty
    nkPragma
      nkIdent 'discardable'
    nkEmpty
    nkEmpty
  nkProcDef
    nkPostfix
      nkIdent '*'
      nkIdent 'Count'
    nkEmpty
    nkEmpty
    nkFormalParams
      nkIdent 'int32'
      nkIdentDefs
        nkIdent 'self'
        nkIdent 'IntRepo'
        nkEmpty
    nkEmpty
    nkEmpty
    nkEmpty
  nkProcDef
    nkPostfix
      nkIdent '*'
      nkIdent 'Name'
    nkEmpty
    nkEmpty
    nkFormalParams
      nkIdent 'string'
      nkIdentDefs
        nkIdent 'self'
        nkIdent 'IntRepo'
        nkEmpty
    nkPragma
      nkIdent 'discardable'
    nkEmpty
    nkEmpty
  nkProcDef
    nkPostfix
      nkIdent '*'
      nkIdent 'nsCreate'
    nkEmpty
    nkEmpty
    nkFormalParams
      nkIdent 'IntRepo'
      nkIdentDefs
        nkIdent 't'
        nkBracketExpr
          nkIdent 'typedesc'
          nkIdent 'IntRepo'
        nkEmpty
    nkEmpty
    nkEmpty
    nkEmpty
  nkProcDef
    nkPostfix
      nkIdent '*'
      nkIdent 'initIntRepo'
    nkEmpty
    nkEmpty
    nkFormalParams
      nkEmpty
      nkIdentDefs
        nkIdent 'self'
        nkIdent 'IntRepo'
        nkEmpty
    nkEmpty
    nkEmpty
    nkEmpty
  nkProcDef
    nkPostfix
      nkIdent '*'
      nkIdent 'newIntRepo'
    nkEmpty
    nkEmpty
    nkFormalParams
      nkIdent 'IntRepo'
    nkPragma
      nkIdent 'discardable'
    nkEmpty
    nkEmpty
  nkMethodDef
    nkPostfix
      nkIdent '*'
      nkIdent 'ToString'
    nkEmpty
    nkGenericParams
      nkIdentDefs
        nkIdent 'T'
        nkEmpty
        nkEmpty
    nkFormalParams
      nkIdent 'string'
      nkIdentDefs
        nkIdent 'self'
        nkBracketExpr
          nkIdent 'Repo'
          nkIdent 'T'
        nkEmpty
    nkEmpty
    nkEmpty
    nkEmpty
  nkProcDef
    nkPostfix
      nkIdent '*'
      nkIdent 'nsTypeOf'
    nkEmpty
    nkGenericParams
      nkIdentDefs
        nkIdent 'T'
        nkEmpty
        nkEmpty
    nkFormalParams
      nkIdent 'Type'
      nkIdentDefs
        nkIdent 't'
        nkBracketExpr
          nkIdent 'typedesc'
          nkBracketExpr
            nkIdent 'Repo'
            nkIdent 'T'
        nkEmpty
    nkEmpty
    nkEmpty
    nkEmpty
  nkMethodDef
    nkPostfix
      nkIdent '*'
      nkIdent 'nsTypeName'
    nkEmpty
    nkGenericParams
      nkIdentDefs
        nkIdent 'T'
        nkEmpty
        nkEmpty
    nkFormalParams
      nkIdent 'string'
      nkIdentDefs
        nkIdent 'self'
        nkBracketExpr
          nkIdent 'Repo'
          nkIdent 'T'
        nkEmpty
    nkEmpty
    nkEmpty
    nkEmpty
  nkProcDef
    nkPostfix
      nkIdent '*'
      nkIdent 'nsVtGet_Repo_IRepo_T'
    nkEmpty
    nkGenericParams
      nkIdentDefs
        nkIdent 'T'
        nkEmpty
        nkEmpty
    nkFormalParams
      nkPtrTy
        nkBracketExpr
          nkIdent 'nsVT_IRepo'
          nkIdent 'T'
    nkEmpty
    nkEmpty
    nkEmpty
  nkConverterDef
    nkPostfix
      nkIdent '*'
      nkIdent 'nsTo_IRepo_T'
    nkEmpty
    nkGenericParams
      nkIdentDefs
        nkIdent 'T'
        nkEmpty
        nkEmpty
    nkFormalParams
      nkBracketExpr
        nkIdent 'IRepo'
        nkIdent 'T'
      nkIdentDefs
        nkIdent 'x'
        nkBracketExpr
          nkIdent 'Repo'
          nkIdent 'T'
        nkEmpty
    nkEmpty
    nkEmpty
    nkEmpty
  nkProcDef
    nkPostfix
      nkIdent '*'
      nkIdent 'Add'
    nkEmpty
    nkGenericParams
      nkIdentDefs
        nkIdent 'T'
        nkEmpty
        nkEmpty
    nkFormalParams
      nkEmpty
      nkIdentDefs
        nkIdent 'self'
        nkBracketExpr
          nkIdent 'Repo'
          nkIdent 'T'
        nkEmpty
      nkIdentDefs
        nkIdent 'item'
        nkIdent 'T'
        nkEmpty
    nkEmpty
    nkEmpty
    nkEmpty
  nkProcDef
    nkPostfix
      nkIdent '*'
      nkIdent 'Get'
    nkEmpty
    nkGenericParams
      nkIdentDefs
        nkIdent 'T'
        nkEmpty
        nkEmpty
    nkFormalParams
      nkIdent 'T'
      nkIdentDefs
        nkIdent 'self'
        nkBracketExpr
          nkIdent 'Repo'
          nkIdent 'T'
        nkEmpty
      nkIdentDefs
        nkIdent 'i'
        nkIdent 'int32'
        nkEmpty
    nkPragma
      nkIdent 'discardable'
    nkEmpty
    nkEmpty
  nkProcDef
    nkPostfix
      nkIdent '*'
      nkIdent 'Count'
    nkEmpty
    nkGenericParams
      nkIdentDefs
        nkIdent 'T'
        nkEmpty
        nkEmpty
    nkFormalParams
      nkIdent 'int32'
      nkIdentDefs
        nkIdent 'self'
        nkBracketExpr
          nkIdent 'Repo'
          nkIdent 'T'
        nkEmpty
    nkEmpty
    nkEmpty
    nkEmpty
  nkProcDef
    nkPostfix
      nkIdent '*'
      nkIdent 'nsCreate'
    nkEmpty
    nkGenericParams
      nkIdentDefs
        nkIdent 'T'
        nkEmpty
        nkEmpty
    nkFormalParams
      nkBracketExpr
        nkIdent 'Repo'
        nkIdent 'T'
      nkIdentDefs
        nkIdent 't'
        nkBracketExpr
          nkIdent 'typedesc'
          nkBracketExpr
            nkIdent 'Repo'
            nkIdent 'T'
        nkEmpty
    nkEmpty
    nkEmpty
    nkEmpty
  nkProcDef
    nkPostfix
      nkIdent '*'
      nkIdent 'initRepo'
    nkEmpty
    nkGenericParams
      nkIdentDefs
        nkIdent 'T'
        nkEmpty
        nkEmpty
    nkFormalParams
      nkEmpty
      nkIdentDefs
        nkIdent 'self'
        nkBracketExpr
          nkIdent 'Repo'
          nkIdent 'T'
        nkEmpty
    nkEmpty
    nkEmpty
    nkEmpty
  nkProcDef
    nkPostfix
      nkIdent '*'
      nkIdent 'newRepo'
    nkEmpty
    nkGenericParams
      nkIdentDefs
        nkIdent 'T'
        nkEmpty
        nkEmpty
    nkFormalParams
      nkBracketExpr
        nkIdent 'Repo'
        nkIdent 'T'
    nkPragma
      nkIdent 'discardable'
    nkEmpty
    nkEmpty
  nkMethodDef
    nkPostfix
      nkIdent '*'
      nkIdent 'ToString'
    nkEmpty
    nkEmpty
    nkFormalParams
      nkIdent 'string'
      nkIdentDefs
        nkIdent 'self'
        nkIdent 'Money'
        nkEmpty
    nkEmpty
    nkEmpty
    nkEmpty
  nkProcDef
    nkPostfix
      nkIdent '*'
      nkIdent 'nsTypeOf'
    nkEmpty
    nkEmpty
    nkFormalParams
      nkIdent 'Type'
      nkIdentDefs
        nkIdent 't'
        nkBracketExpr
          nkIdent 'typedesc'
          nkIdent 'Money'
        nkEmpty
    nkEmpty
    nkEmpty
    nkEmpty
  nkMethodDef
    nkPostfix
      nkIdent '*'
      nkIdent 'nsTypeName'
    nkEmpty
    nkEmpty
    nkFormalParams
      nkIdent 'string'
      nkIdentDefs
        nkIdent 'self'
        nkIdent 'Money'
        nkEmpty
    nkEmpty
    nkEmpty
    nkEmpty
  nkProcDef
    nkPostfix
      nkIdent '*'
      nkIdent 'initMoney'
    nkEmpty
    nkEmpty
    nkFormalParams
      nkEmpty
      nkIdentDefs
        nkIdent 'self'
        nkIdent 'Money'
        nkEmpty
      nkIdentDefs
        nkIdent 'c'
        nkIdent 'int32'
        nkEmpty
    nkEmpty
    nkEmpty
    nkEmpty
  nkProcDef
    nkPostfix
      nkIdent '*'
      nkIdent 'newMoney'
    nkEmpty
    nkEmpty
    nkFormalParams
      nkIdent 'Money'
      nkIdentDefs
        nkIdent 'c'
        nkIdent 'int32'
        nkEmpty
    nkPragma
      nkIdent 'discardable'
    nkEmpty
    nkEmpty
  nkProcDef
    nkPostfix
      nkIdent '*'
      nkIdent 'CompareTo'
    nkEmpty
    nkEmpty
    nkFormalParams
      nkIdent 'int32'
      nkIdentDefs
        nkIdent 'self'
        nkIdent 'Money'
        nkEmpty
      nkIdentDefs
        nkIdent 'other'
        nkIdent 'Money'
        nkEmpty
    nkPragma
      nkIdent 'discardable'
    nkEmpty
    nkEmpty
  nkMethodDef
    nkPostfix
      nkIdent '*'
      nkIdent 'ToString'
    nkEmpty
    nkEmpty
    nkFormalParams
      nkIdent 'string'
      nkIdentDefs
        nkIdent 'self'
        nkIdent 'Program'
        nkEmpty
    nkEmpty
    nkEmpty
    nkEmpty
  nkProcDef
    nkPostfix
      nkIdent '*'
      nkIdent 'nsTypeOf'
    nkEmpty
    nkEmpty
    nkFormalParams
      nkIdent 'Type'
      nkIdentDefs
        nkIdent 't'
        nkBracketExpr
          nkIdent 'typedesc'
          nkIdent 'Program'
        nkEmpty
    nkEmpty
    nkEmpty
    nkEmpty
  nkMethodDef
    nkPostfix
      nkIdent '*'
      nkIdent 'nsTypeName'
    nkEmpty
    nkEmpty
    nkFormalParams
      nkIdent 'string'
      nkIdentDefs
        nkIdent 'self'
        nkIdent 'Program'
        nkEmpty
    nkEmpty
    nkEmpty
    nkEmpty
  nkProcDef
    nkIdent 'Fill'
    nkEmpty
    nkGenericParams
      nkIdentDefs
        nkIdent 'T'
        nkEmpty
        nkEmpty
    nkFormalParams
      nkEmpty
      nkIdentDefs
        nkIdent 't'
        nkBracketExpr
          nkIdent 'typedesc'
          nkIdent 'Program'
        nkEmpty
      nkIdentDefs
        nkIdent 'r'
        nkBracketExpr
          nkIdent 'IRepo'
          nkIdent 'T'
        nkEmpty
      nkIdentDefs
        nkIdent 'a'
        nkIdent 'T'
        nkEmpty
      nkIdentDefs
        nkIdent 'b'
        nkIdent 'T'
        nkEmpty
    nkEmpty
    nkEmpty
    nkEmpty
  nkProcDef
    nkIdent 'Main'
    nkEmpty
    nkEmpty
    nkFormalParams
      nkEmpty
    nkEmpty
    nkEmpty
    nkEmpty
  nkProcDef
    nkPostfix
      nkIdent '*'
      nkIdent 'nsCreate'
    nkEmpty
    nkEmpty
    nkFormalParams
      nkIdent 'Program'
      nkIdentDefs
        nkIdent 't'
        nkBracketExpr
          nkIdent 'typedesc'
          nkIdent 'Program'
        nkEmpty
    nkEmpty
    nkEmpty
    nkEmpty
  nkProcDef
    nkPostfix
      nkIdent '*'
      nkIdent 'initProgram'
    nkEmpty
    nkEmpty
    nkFormalParams
      nkEmpty
      nkIdentDefs
        nkIdent 'self'
        nkIdent 'Program'
        nkEmpty
    nkEmpty
    nkEmpty
    nkEmpty
  nkProcDef
    nkPostfix
      nkIdent '*'
      nkIdent 'newProgram'
    nkEmpty
    nkEmpty
    nkFormalParams
      nkIdent 'Program'
    nkPragma
      nkIdent 'discardable'
    nkEmpty
    nkEmpty
  nkProcDef
    nkPostfix
      nkIdent '*'
      nkIdent 'Add'
    nkEmpty
    nkGenericParams
      nkIdentDefs
        nkIdent 'T'
        nkEmpty
        nkEmpty
    nkFormalParams
      nkEmpty
      nkIdentDefs
        nkIdent 'self'
        nkBracketExpr
          nkIdent 'IRepo'
          nkIdent 'T'
        nkEmpty
      nkIdentDefs
        nkIdent 'item'
        nkIdent 'T'
        nkEmpty
    nkEmpty
    nkEmpty
    nkStmtList
      nkCall
        nkPar
          nkDotExpr
            nkDotExpr
              nkIdent 'self'
              nkIdent 'nsVt'
            nkIdent 'f0'
        nkCall
          nkIdent 'nsCheckNil'
          nkDotExpr
            nkIdent 'self'
            nkIdent 'nsObj'
        nkIdent 'item'
  nkProcDef
    nkPostfix
      nkIdent '*'
      nkIdent 'Get'
    nkEmpty
    nkGenericParams
      nkIdentDefs
        nkIdent 'T'
        nkEmpty
        nkEmpty
    nkFormalParams
      nkIdent 'T'
      nkIdentDefs
        nkIdent 'self'
        nkBracketExpr
          nkIdent 'IRepo'
          nkIdent 'T'
        nkEmpty
      nkIdentDefs
        nkIdent 'i'
        nkIdent 'int32'
        nkEmpty
    nkEmpty
    nkEmpty
    nkStmtList
      nkCall
        nkPar
          nkDotExpr
            nkDotExpr
              nkIdent 'self'
              nkIdent 'nsVt'
            nkIdent 'f1'
        nkCall
          nkIdent 'nsCheckNil'
          nkDotExpr
            nkIdent 'self'
            nkIdent 'nsObj'
        nkIdent 'i'
  nkProcDef
    nkPostfix
      nkIdent '*'
      nkIdent 'Count'
    nkEmpty
    nkGenericParams
      nkIdentDefs
        nkIdent 'T'
        nkEmpty
        nkEmpty
    nkFormalParams
      nkIdent 'int32'
      nkIdentDefs
        nkIdent 'self'
        nkBracketExpr
          nkIdent 'IRepo'
          nkIdent 'T'
        nkEmpty
    nkEmpty
    nkEmpty
    nkStmtList
      nkCall
        nkPar
          nkDotExpr
            nkDotExpr
              nkIdent 'self'
              nkIdent 'nsVt'
            nkIdent 'f2'
        nkCall
          nkIdent 'nsCheckNil'
          nkDotExpr
            nkIdent 'self'
            nkIdent 'nsObj'
  nkProcDef
    nkPostfix
      nkIdent '*'
      nkIdent '$'
    nkEmpty
    nkGenericParams
      nkIdentDefs
        nkIdent 'T'
        nkEmpty
        nkEmpty
    nkFormalParams
      nkIdent 'string'
      nkIdentDefs
        nkIdent 'self'
        nkBracketExpr
          nkIdent 'IRepo'
          nkIdent 'T'
        nkEmpty
    nkEmpty
    nkEmpty
    nkStmtList
      nkPrefix
        nkIdent '$'
        nkDotExpr
          nkIdent 'self'
          nkIdent 'nsObj'
  nkProcDef
    nkPostfix
      nkIdent '*'
      nkIdent 'ToString'
    nkEmpty
    nkGenericParams
      nkIdentDefs
        nkIdent 'T'
        nkEmpty
        nkEmpty
    nkFormalParams
      nkIdent 'string'
      nkIdentDefs
        nkIdent 'self'
        nkBracketExpr
          nkIdent 'IRepo'
          nkIdent 'T'
        nkEmpty
    nkEmpty
    nkEmpty
    nkStmtList
      nkPrefix
        nkIdent '$'
        nkDotExpr
          nkIdent 'self'
          nkIdent 'nsObj'
  nkProcDef
    nkPostfix
      nkIdent '*'
      nkIdent 'Name'
    nkEmpty
    nkGenericParams
      nkIdentDefs
        nkIdent 'T'
        nkEmpty
        nkEmpty
    nkFormalParams
      nkIdent 'string'
      nkIdentDefs
        nkIdent 'self'
        nkBracketExpr
          nkIdent 'INamedRepo'
          nkIdent 'T'
        nkEmpty
    nkEmpty
    nkEmpty
    nkStmtList
      nkCall
        nkPar
          nkDotExpr
            nkDotExpr
              nkIdent 'self'
              nkIdent 'nsVt'
            nkIdent 'f0'
        nkCall
          nkIdent 'nsCheckNil'
          nkDotExpr
            nkIdent 'self'
            nkIdent 'nsObj'
  nkProcDef
    nkPostfix
      nkIdent '*'
      nkIdent 'Add'
    nkEmpty
    nkGenericParams
      nkIdentDefs
        nkIdent 'T'
        nkEmpty
        nkEmpty
    nkFormalParams
      nkEmpty
      nkIdentDefs
        nkIdent 'self'
        nkBracketExpr
          nkIdent 'INamedRepo'
          nkIdent 'T'
        nkEmpty
      nkIdentDefs
        nkIdent 'item'
        nkIdent 'T'
        nkEmpty
    nkEmpty
    nkEmpty
    nkStmtList
      nkCall
        nkPar
          nkDotExpr
            nkDotExpr
              nkIdent 'self'
              nkIdent 'nsVt'
            nkIdent 'f1'
        nkCall
          nkIdent 'nsCheckNil'
          nkDotExpr
            nkIdent 'self'
            nkIdent 'nsObj'
        nkIdent 'item'
  nkProcDef
    nkPostfix
      nkIdent '*'
      nkIdent 'Get'
    nkEmpty
    nkGenericParams
      nkIdentDefs
        nkIdent 'T'
        nkEmpty
        nkEmpty
    nkFormalParams
      nkIdent 'T'
      nkIdentDefs
        nkIdent 'self'
        nkBracketExpr
          nkIdent 'INamedRepo'
          nkIdent 'T'
        nkEmpty
      nkIdentDefs
        nkIdent 'i'
        nkIdent 'int32'
        nkEmpty
    nkEmpty
    nkEmpty
    nkStmtList
      nkCall
        nkPar
          nkDotExpr
            nkDotExpr
              nkIdent 'self'
              nkIdent 'nsVt'
            nkIdent 'f2'
        nkCall
          nkIdent 'nsCheckNil'
          nkDotExpr
            nkIdent 'self'
            nkIdent 'nsObj'
        nkIdent 'i'
  nkProcDef
    nkPostfix
      nkIdent '*'
      nkIdent 'Count'
    nkEmpty
    nkGenericParams
      nkIdentDefs
        nkIdent 'T'
        nkEmpty
        nkEmpty
    nkFormalParams
      nkIdent 'int32'
      nkIdentDefs
        nkIdent 'self'
        nkBracketExpr
          nkIdent 'INamedRepo'
          nkIdent 'T'
        nkEmpty
    nkEmpty
    nkEmpty
    nkStmtList
      nkCall
        nkPar
          nkDotExpr
            nkDotExpr
              nkIdent 'self'
              nkIdent 'nsVt'
            nkIdent 'f3'
        nkCall
          nkIdent 'nsCheckNil'
          nkDotExpr
            nkIdent 'self'
            nkIdent 'nsObj'
  nkProcDef
    nkPostfix
      nkIdent '*'
      nkIdent '$'
    nkEmpty
    nkGenericParams
      nkIdentDefs
        nkIdent 'T'
        nkEmpty
        nkEmpty
    nkFormalParams
      nkIdent 'string'
      nkIdentDefs
        nkIdent 'self'
        nkBracketExpr
          nkIdent 'INamedRepo'
          nkIdent 'T'
        nkEmpty
    nkEmpty
    nkEmpty
    nkStmtList
      nkPrefix
        nkIdent '$'
        nkDotExpr
          nkIdent 'self'
          nkIdent 'nsObj'
  nkProcDef
    nkPostfix
      nkIdent '*'
      nkIdent 'ToString'
    nkEmpty
    nkGenericParams
      nkIdentDefs
        nkIdent 'T'
        nkEmpty
        nkEmpty
    nkFormalParams
      nkIdent 'string'
      nkIdentDefs
        nkIdent 'self'
        nkBracketExpr
          nkIdent 'INamedRepo'
          nkIdent 'T'
        nkEmpty
    nkEmpty
    nkEmpty
    nkStmtList
      nkPrefix
        nkIdent '$'
        nkDotExpr
          nkIdent 'self'
          nkIdent 'nsObj'
  nkConverterDef
    nkPostfix
      nkIdent '*'
      nkIdent 'nsTo_IRepo_T'
    nkEmpty
    nkGenericParams
      nkIdentDefs
        nkIdent 'T'
        nkEmpty
        nkEmpty
    nkFormalParams
      nkBracketExpr
        nkIdent 'IRepo'
        nkIdent 'T'
      nkIdentDefs
        nkIdent 'x'
        nkBracketExpr
          nkIdent 'INamedRepo'
          nkIdent 'T'
        nkEmpty
    nkEmpty
    nkEmpty
    nkStmtList
      nkObjConstr
        nkBracketExpr
          nkIdent 'IRepo'
          nkIdent 'T'
        nkExprColonExpr
          nkIdent 'nsObj'
          nkDotExpr
            nkIdent 'x'
            nkIdent 'nsObj'
        nkExprColonExpr
          nkIdent 'nsVt'
          nkIfExpr
            nkElifExpr
              nkCall
                nkIdent 'isNil'
                nkDotExpr
                  nkIdent 'x'
                  nkIdent 'nsVt'
              nkNilLit
            nkElseExpr
              nkDotExpr
                nkDotExpr
                  nkIdent 'x'
                  nkIdent 'nsVt'
                nkIdent 'up0'
  nkMethodDef
    nkPostfix
      nkIdent '*'
      nkIdent 'ToString'
    nkEmpty
    nkEmpty
    nkFormalParams
      nkIdent 'string'
      nkIdentDefs
        nkIdent 'self'
        nkIdent 'IntRepo'
        nkEmpty
    nkEmpty
    nkEmpty
    nkStmtList
      nkStrLit "Demo.IntRepo"
  nkProcDef
    nkPostfix
      nkIdent '*'
      nkIdent 'nsTypeOf'
    nkEmpty
    nkEmpty
    nkFormalParams
      nkIdent 'Type'
      nkIdentDefs
        nkIdent 't'
        nkBracketExpr
          nkIdent 'typedesc'
          nkIdent 'IntRepo'
        nkEmpty
    nkEmpty
    nkEmpty
    nkStmtList
      nkCall
        nkIdent 'nsTypeNamed'
        nkStrLit "Demo.IntRepo"
  nkMethodDef
    nkPostfix
      nkIdent '*'
      nkIdent 'nsTypeName'
    nkEmpty
    nkEmpty
    nkFormalParams
      nkIdent 'string'
      nkIdentDefs
        nkIdent 'self'
        nkIdent 'IntRepo'
        nkEmpty
    nkEmpty
    nkEmpty
    nkStmtList
      nkStrLit "Demo.IntRepo"
  nkProcDef
    nkPostfix
      nkIdent '*'
      nkIdent 'nsVtGet_IntRepo_INamedRepo_int'
    nkEmpty
    nkEmpty
    nkFormalParams
      nkPtrTy
        nkBracketExpr
          nkIdent 'nsVT_INamedRepo'
          nkIdent 'int32'
    nkEmpty
    nkEmpty
    nkStmtList
      nkVarSection
        nkIdentDefs
          nkPragmaExpr
            nkIdent 'nsStore'
            nkPragma
              nkIdent 'global'
          nkBracketExpr
            nkIdent 'nsVT_INamedRepo'
            nkIdent 'int32'
          nkEmpty
      nkIfStmt
        nkElifBranch
          nkPrefix
            nkIdent 'not'
            nkDotExpr
              nkIdent 'nsStore'
              nkIdent 'nsReady'
          nkStmtList
            nkAsgn
              nkIdent 'nsStore'
              nkObjConstr
                nkBracketExpr
                  nkIdent 'nsVT_INamedRepo'
                  nkIdent 'int32'
                nkExprColonExpr
                  nkIdent 'nsReady'
                  nkIdent 'true'
                nkExprColonExpr
                  nkIdent 'f0'
                  nkLambda
                    nkEmpty
                    nkEmpty
                    nkEmpty
                    nkFormalParams
                      nkIdent 'string'
                      nkIdentDefs
                        nkIdent 'self'
                        nkIdent 'RootRef'
                        nkEmpty
                    nkPragma
                      nkIdent 'nimcall'
                    nkEmpty
                    nkStmtList
                      nkCall
                        nkIdent 'Name'
                        nkCall
                          nkIdent 'IntRepo'
                          nkIdent 'self'
                nkExprColonExpr
                  nkIdent 'f1'
                  nkLambda
                    nkEmpty
                    nkEmpty
                    nkEmpty
                    nkFormalParams
                      nkEmpty
                      nkIdentDefs
                        nkIdent 'self'
                        nkIdent 'RootRef'
                        nkEmpty
                      nkIdentDefs
                        nkIdent 'item'
                        nkIdent 'int32'
                        nkEmpty
                    nkPragma
                      nkIdent 'nimcall'
                    nkEmpty
                    nkStmtList
                      nkCall
                        nkIdent 'Add'
                        nkCall
                          nkIdent 'IntRepo'
                          nkIdent 'self'
                        nkIdent 'item'
                nkExprColonExpr
                  nkIdent 'f2'
                  nkLambda
                    nkEmpty
                    nkEmpty
                    nkEmpty
                    nkFormalParams
                      nkIdent 'int32'
                      nkIdentDefs
                        nkIdent 'self'
                        nkIdent 'RootRef'
                        nkEmpty
                      nkIdentDefs
                        nkIdent 'i'
                        nkIdent 'int32'
                        nkEmpty
                    nkPragma
                      nkIdent 'nimcall'
                    nkEmpty
                    nkStmtList
                      nkCall
                        nkIdent 'Get'
                        nkCall
                          nkIdent 'IntRepo'
                          nkIdent 'self'
                        nkIdent 'i'
                nkExprColonExpr
                  nkIdent 'f3'
                  nkLambda
                    nkEmpty
                    nkEmpty
                    nkEmpty
                    nkFormalParams
                      nkIdent 'int32'
                      nkIdentDefs
                        nkIdent 'self'
                        nkIdent 'RootRef'
                        nkEmpty
                    nkPragma
                      nkIdent 'nimcall'
                    nkEmpty
                    nkStmtList
                      nkCall
                        nkIdent 'Count'
                        nkCall
                          nkIdent 'IntRepo'
                          nkIdent 'self'
                nkExprColonExpr
                  nkIdent 'up0'
                  nkCall
                    nkIdent 'nsVtGet_IntRepo_IRepo_int'
      nkCall
        nkIdent 'addr'
        nkIdent 'nsStore'
  nkConverterDef
    nkPostfix
      nkIdent '*'
      nkIdent 'nsTo_INamedRepo_int'
    nkEmpty
    nkEmpty
    nkFormalParams
      nkBracketExpr
        nkIdent 'INamedRepo'
        nkIdent 'int32'
      nkIdentDefs
        nkIdent 'x'
        nkIdent 'IntRepo'
        nkEmpty
    nkEmpty
    nkEmpty
    nkStmtList
      nkIfExpr
        nkElifExpr
          nkCall
            nkIdent 'isNil'
            nkIdent 'x'
          nkCall
            nkIdent 'default'
            nkBracketExpr
              nkIdent 'INamedRepo'
              nkIdent 'int32'
        nkElseExpr
          nkObjConstr
            nkBracketExpr
              nkIdent 'INamedRepo'
              nkIdent 'int32'
            nkExprColonExpr
              nkIdent 'nsObj'
              nkIdent 'x'
            nkExprColonExpr
              nkIdent 'nsVt'
              nkCall
                nkIdent 'nsVtGet_IntRepo_INamedRepo_int'
  nkProcDef
    nkPostfix
      nkIdent '*'
      nkIdent 'nsVtGet_IntRepo_IRepo_int'
    nkEmpty
    nkEmpty
    nkFormalParams
      nkPtrTy
        nkBracketExpr
          nkIdent 'nsVT_IRepo'
          nkIdent 'int32'
    nkEmpty
    nkEmpty
    nkStmtList
      nkVarSection
        nkIdentDefs
          nkPragmaExpr
            nkIdent 'nsStore'
            nkPragma
              nkIdent 'global'
          nkBracketExpr
            nkIdent 'nsVT_IRepo'
            nkIdent 'int32'
          nkEmpty
      nkIfStmt
        nkElifBranch
          nkPrefix
            nkIdent 'not'
            nkDotExpr
              nkIdent 'nsStore'
              nkIdent 'nsReady'
          nkStmtList
            nkAsgn
              nkIdent 'nsStore'
              nkObjConstr
                nkBracketExpr
                  nkIdent 'nsVT_IRepo'
                  nkIdent 'int32'
                nkExprColonExpr
                  nkIdent 'nsReady'
                  nkIdent 'true'
                nkExprColonExpr
                  nkIdent 'f0'
                  nkLambda
                    nkEmpty
                    nkEmpty
                    nkEmpty
                    nkFormalParams
                      nkEmpty
                      nkIdentDefs
                        nkIdent 'self'
                        nkIdent 'RootRef'
                        nkEmpty
                      nkIdentDefs
                        nkIdent 'item'
                        nkIdent 'int32'
                        nkEmpty
                    nkPragma
                      nkIdent 'nimcall'
                    nkEmpty
                    nkStmtList
                      nkCall
                        nkIdent 'Add'
                        nkCall
                          nkIdent 'IntRepo'
                          nkIdent 'self'
                        nkIdent 'item'
                nkExprColonExpr
                  nkIdent 'f1'
                  nkLambda
                    nkEmpty
                    nkEmpty
                    nkEmpty
                    nkFormalParams
                      nkIdent 'int32'
                      nkIdentDefs
                        nkIdent 'self'
                        nkIdent 'RootRef'
                        nkEmpty
                      nkIdentDefs
                        nkIdent 'i'
                        nkIdent 'int32'
                        nkEmpty
                    nkPragma
                      nkIdent 'nimcall'
                    nkEmpty
                    nkStmtList
                      nkCall
                        nkIdent 'Get'
                        nkCall
                          nkIdent 'IntRepo'
                          nkIdent 'self'
                        nkIdent 'i'
                nkExprColonExpr
                  nkIdent 'f2'
                  nkLambda
                    nkEmpty
                    nkEmpty
                    nkEmpty
                    nkFormalParams
                      nkIdent 'int32'
                      nkIdentDefs
                        nkIdent 'self'
                        nkIdent 'RootRef'
                        nkEmpty
                    nkPragma
                      nkIdent 'nimcall'
                    nkEmpty
                    nkStmtList
                      nkCall
                        nkIdent 'Count'
                        nkCall
                          nkIdent 'IntRepo'
                          nkIdent 'self'
      nkCall
        nkIdent 'addr'
        nkIdent 'nsStore'
  nkConverterDef
    nkPostfix
      nkIdent '*'
      nkIdent 'nsTo_IRepo_int'
    nkEmpty
    nkEmpty
    nkFormalParams
      nkBracketExpr
        nkIdent 'IRepo'
        nkIdent 'int32'
      nkIdentDefs
        nkIdent 'x'
        nkIdent 'IntRepo'
        nkEmpty
    nkEmpty
    nkEmpty
    nkStmtList
      nkIfExpr
        nkElifExpr
          nkCall
            nkIdent 'isNil'
            nkIdent 'x'
          nkCall
            nkIdent 'default'
            nkBracketExpr
              nkIdent 'IRepo'
              nkIdent 'int32'
        nkElseExpr
          nkObjConstr
            nkBracketExpr
              nkIdent 'IRepo'
              nkIdent 'int32'
            nkExprColonExpr
              nkIdent 'nsObj'
              nkIdent 'x'
            nkExprColonExpr
              nkIdent 'nsVt'
              nkCall
                nkIdent 'nsVtGet_IntRepo_IRepo_int'
  nkProcDef
    nkPostfix
      nkIdent '*'
      nkIdent 'Add'
    nkEmpty
    nkEmpty
    nkFormalParams
      nkEmpty
      nkIdentDefs
        nkIdent 'self'
        nkIdent 'IntRepo'
        nkEmpty
      nkIdentDefs
        nkIdent 'item'
        nkIdent 'int32'
        nkEmpty
    nkEmpty
    nkEmpty
    nkStmtList
      nkCall
        nkDotExpr
          nkDotExpr
            nkIdent 'self'
            nkIdent 'items'
          nkIdent 'Add'
        nkIdent 'item'
  nkProcDef
    nkPostfix
      nkIdent '*'
      nkIdent 'Get'
    nkEmpty
    nkEmpty
    nkFormalParams
      nkIdent 'int32'
      nkIdentDefs
        nkIdent 'self'
        nkIdent 'IntRepo'
        nkEmpty
      nkIdentDefs
        nkIdent 'i'
        nkIdent 'int32'
        nkEmpty
    nkPragma
      nkIdent 'discardable'
    nkEmpty
    nkStmtList
      nkReturnStmt
        nkBracketExpr
          nkDotExpr
            nkIdent 'self'
            nkIdent 'items'
          nkIdent 'i'
  nkProcDef
    nkPostfix
      nkIdent '*'
      nkIdent 'Count'
    nkEmpty
    nkEmpty
    nkFormalParams
      nkIdent 'int32'
      nkIdentDefs
        nkIdent 'self'
        nkIdent 'IntRepo'
        nkEmpty
    nkEmpty
    nkEmpty
    nkStmtList
      nkReturnStmt
        nkDotExpr
          nkDotExpr
            nkIdent 'self'
            nkIdent 'items'
          nkIdent 'Count'
  nkProcDef
    nkPostfix
      nkIdent '*'
      nkIdent 'Name'
    nkEmpty
    nkEmpty
    nkFormalParams
      nkIdent 'string'
      nkIdentDefs
        nkIdent 'self'
        nkIdent 'IntRepo'
        nkEmpty
    nkPragma
      nkIdent 'discardable'
    nkEmpty
    nkStmtList
      nkReturnStmt
        nkStrLit "ints"
  nkProcDef
    nkPostfix
      nkIdent '*'
      nkIdent 'nsCreate'
    nkEmpty
    nkEmpty
    nkFormalParams
      nkIdent 'IntRepo'
      nkIdentDefs
        nkIdent 't'
        nkBracketExpr
          nkIdent 'typedesc'
          nkIdent 'IntRepo'
        nkEmpty
    nkEmpty
    nkEmpty
    nkStmtList
      nkCall
        nkIdent 'newIntRepo'
  nkProcDef
    nkPostfix
      nkIdent '*'
      nkIdent 'initIntRepo'
    nkEmpty
    nkEmpty
    nkFormalParams
      nkEmpty
      nkIdentDefs
        nkIdent 'self'
        nkIdent 'IntRepo'
        nkEmpty
    nkEmpty
    nkEmpty
    nkStmtList
      nkAsgn
        nkDotExpr
          nkIdent 'self'
          nkIdent 'items'
        nkCall
          nkBracketExpr
            nkIdent 'newList'
            nkIdent 'int32'
  nkProcDef
    nkPostfix
      nkIdent '*'
      nkIdent 'newIntRepo'
    nkEmpty
    nkEmpty
    nkFormalParams
      nkIdent 'IntRepo'
    nkPragma
      nkIdent 'discardable'
    nkEmpty
    nkStmtList
      nkCall
        nkIdent 'new'
        nkIdent 'result'
      nkCall
        nkIdent 'initIntRepo'
        nkIdent 'result'
  nkMethodDef
    nkPostfix
      nkIdent '*'
      nkIdent 'ToString'
    nkEmpty
    nkGenericParams
      nkIdentDefs
        nkIdent 'T'
        nkEmpty
        nkEmpty
    nkFormalParams
      nkIdent 'string'
      nkIdentDefs
        nkIdent 'self'
        nkBracketExpr
          nkIdent 'Repo'
          nkIdent 'T'
        nkEmpty
    nkEmpty
    nkEmpty
    nkStmtList
      nkStrLit "Demo.Repo"
  nkProcDef
    nkPostfix
      nkIdent '*'
      nkIdent 'nsTypeOf'
    nkEmpty
    nkGenericParams
      nkIdentDefs
        nkIdent 'T'
        nkEmpty
        nkEmpty
    nkFormalParams
      nkIdent 'Type'
      nkIdentDefs
        nkIdent 't'
        nkBracketExpr
          nkIdent 'typedesc'
          nkBracketExpr
            nkIdent 'Repo'
            nkIdent 'T'
        nkEmpty
    nkEmpty
    nkEmpty
    nkStmtList
      nkCall
        nkIdent 'nsTypeNamed'
        nkCall
          nkIdent 'nsGenericName'
          nkStrLit "Demo.Repo"
          nkCall
            nkIdent 'FullName'
            nkCall
              nkIdent 'nsTypeOf'
              nkIdent 'T'
  nkMethodDef
    nkPostfix
      nkIdent '*'
      nkIdent 'nsTypeName'
    nkEmpty
    nkGenericParams
      nkIdentDefs
        nkIdent 'T'
        nkEmpty
        nkEmpty
    nkFormalParams
      nkIdent 'string'
      nkIdentDefs
        nkIdent 'self'
        nkBracketExpr
          nkIdent 'Repo'
          nkIdent 'T'
        nkEmpty
    nkEmpty
    nkEmpty
    nkStmtList
      nkStrLit "Demo.Repo"
  nkProcDef
    nkPostfix
      nkIdent '*'
      nkIdent 'nsVtGet_Repo_IRepo_T'
    nkEmpty
    nkGenericParams
      nkIdentDefs
        nkIdent 'T'
        nkEmpty
        nkEmpty
    nkFormalParams
      nkPtrTy
        nkBracketExpr
          nkIdent 'nsVT_IRepo'
          nkIdent 'T'
    nkEmpty
    nkEmpty
    nkStmtList
      nkVarSection
        nkIdentDefs
          nkPragmaExpr
            nkIdent 'nsStore'
            nkPragma
              nkIdent 'global'
          nkBracketExpr
            nkIdent 'nsVT_IRepo'
            nkIdent 'T'
          nkEmpty
      nkIfStmt
        nkElifBranch
          nkPrefix
            nkIdent 'not'
            nkDotExpr
              nkIdent 'nsStore'
              nkIdent 'nsReady'
          nkStmtList
            nkAsgn
              nkIdent 'nsStore'
              nkObjConstr
                nkBracketExpr
                  nkIdent 'nsVT_IRepo'
                  nkIdent 'T'
                nkExprColonExpr
                  nkIdent 'nsReady'
                  nkIdent 'true'
                nkExprColonExpr
                  nkIdent 'f0'
                  nkLambda
                    nkEmpty
                    nkEmpty
                    nkEmpty
                    nkFormalParams
                      nkEmpty
                      nkIdentDefs
                        nkIdent 'self'
                        nkIdent 'RootRef'
                        nkEmpty
                      nkIdentDefs
                        nkIdent 'item'
                        nkIdent 'T'
                        nkEmpty
                    nkPragma
                      nkIdent 'nimcall'
                    nkEmpty
                    nkStmtList
                      nkCall
                        nkIdent 'Add'
                        nkCall
                          nkBracketExpr
                            nkIdent 'Repo'
                            nkIdent 'T'
                          nkIdent 'self'
                        nkIdent 'item'
                nkExprColonExpr
                  nkIdent 'f1'
                  nkLambda
                    nkEmpty
                    nkEmpty
                    nkEmpty
                    nkFormalParams
                      nkIdent 'T'
                      nkIdentDefs
                        nkIdent 'self'
                        nkIdent 'RootRef'
                        nkEmpty
                      nkIdentDefs
                        nkIdent 'i'
                        nkIdent 'int32'
                        nkEmpty
                    nkPragma
                      nkIdent 'nimcall'
                    nkEmpty
                    nkStmtList
                      nkCall
                        nkIdent 'Get'
                        nkCall
                          nkBracketExpr
                            nkIdent 'Repo'
                            nkIdent 'T'
                          nkIdent 'self'
                        nkIdent 'i'
                nkExprColonExpr
                  nkIdent 'f2'
                  nkLambda
                    nkEmpty
                    nkEmpty
                    nkEmpty
                    nkFormalParams
                      nkIdent 'int32'
                      nkIdentDefs
                        nkIdent 'self'
                        nkIdent 'RootRef'
                        nkEmpty
                    nkPragma
                      nkIdent 'nimcall'
                    nkEmpty
                    nkStmtList
                      nkCall
                        nkIdent 'Count'
                        nkCall
                          nkBracketExpr
                            nkIdent 'Repo'
                            nkIdent 'T'
                          nkIdent 'self'
      nkCall
        nkIdent 'addr'
        nkIdent 'nsStore'
  nkConverterDef
    nkPostfix
      nkIdent '*'
      nkIdent 'nsTo_IRepo_T'
    nkEmpty
    nkGenericParams
      nkIdentDefs
        nkIdent 'T'
        nkEmpty
        nkEmpty
    nkFormalParams
      nkBracketExpr
        nkIdent 'IRepo'
        nkIdent 'T'
      nkIdentDefs
        nkIdent 'x'
        nkBracketExpr
          nkIdent 'Repo'
          nkIdent 'T'
        nkEmpty
    nkEmpty
    nkEmpty
    nkStmtList
      nkIfExpr
        nkElifExpr
          nkCall
            nkIdent 'isNil'
            nkIdent 'x'
          nkCall
            nkIdent 'default'
            nkBracketExpr
              nkIdent 'IRepo'
              nkIdent 'T'
        nkElseExpr
          nkObjConstr
            nkBracketExpr
              nkIdent 'IRepo'
              nkIdent 'T'
            nkExprColonExpr
              nkIdent 'nsObj'
              nkIdent 'x'
            nkExprColonExpr
              nkIdent 'nsVt'
              nkCall
                nkBracketExpr
                  nkIdent 'nsVtGet_Repo_IRepo_T'
                  nkIdent 'T'
  nkProcDef
    nkPostfix
      nkIdent '*'
      nkIdent 'Add'
    nkEmpty
    nkGenericParams
      nkIdentDefs
        nkIdent 'T'
        nkEmpty
        nkEmpty
    nkFormalParams
      nkEmpty
      nkIdentDefs
        nkIdent 'self'
        nkBracketExpr
          nkIdent 'Repo'
          nkIdent 'T'
        nkEmpty
      nkIdentDefs
        nkIdent 'item'
        nkIdent 'T'
        nkEmpty
    nkEmpty
    nkEmpty
    nkStmtList
      nkCall
        nkDotExpr
          nkDotExpr
            nkIdent 'self'
            nkIdent 'items'
          nkIdent 'Add'
        nkIdent 'item'
  nkProcDef
    nkPostfix
      nkIdent '*'
      nkIdent 'Get'
    nkEmpty
    nkGenericParams
      nkIdentDefs
        nkIdent 'T'
        nkEmpty
        nkEmpty
    nkFormalParams
      nkIdent 'T'
      nkIdentDefs
        nkIdent 'self'
        nkBracketExpr
          nkIdent 'Repo'
          nkIdent 'T'
        nkEmpty
      nkIdentDefs
        nkIdent 'i'
        nkIdent 'int32'
        nkEmpty
    nkPragma
      nkIdent 'discardable'
    nkEmpty
    nkStmtList
      nkReturnStmt
        nkBracketExpr
          nkDotExpr
            nkIdent 'self'
            nkIdent 'items'
          nkIdent 'i'
  nkProcDef
    nkPostfix
      nkIdent '*'
      nkIdent 'Count'
    nkEmpty
    nkGenericParams
      nkIdentDefs
        nkIdent 'T'
        nkEmpty
        nkEmpty
    nkFormalParams
      nkIdent 'int32'
      nkIdentDefs
        nkIdent 'self'
        nkBracketExpr
          nkIdent 'Repo'
          nkIdent 'T'
        nkEmpty
    nkEmpty
    nkEmpty
    nkStmtList
      nkReturnStmt
        nkDotExpr
          nkDotExpr
            nkIdent 'self'
            nkIdent 'items'
          nkIdent 'Count'
  nkProcDef
    nkPostfix
      nkIdent '*'
      nkIdent 'nsCreate'
    nkEmpty
    nkGenericParams
      nkIdentDefs
        nkIdent 'T'
        nkEmpty
        nkEmpty
    nkFormalParams
      nkBracketExpr
        nkIdent 'Repo'
        nkIdent 'T'
      nkIdentDefs
        nkIdent 't'
        nkBracketExpr
          nkIdent 'typedesc'
          nkBracketExpr
            nkIdent 'Repo'
            nkIdent 'T'
        nkEmpty
    nkEmpty
    nkEmpty
    nkStmtList
      nkCall
        nkBracketExpr
          nkIdent 'newRepo'
          nkIdent 'T'
  nkProcDef
    nkPostfix
      nkIdent '*'
      nkIdent 'initRepo'
    nkEmpty
    nkGenericParams
      nkIdentDefs
        nkIdent 'T'
        nkEmpty
        nkEmpty
    nkFormalParams
      nkEmpty
      nkIdentDefs
        nkIdent 'self'
        nkBracketExpr
          nkIdent 'Repo'
          nkIdent 'T'
        nkEmpty
    nkEmpty
    nkEmpty
    nkStmtList
      nkAsgn
        nkDotExpr
          nkIdent 'self'
          nkIdent 'items'
        nkCall
          nkBracketExpr
            nkIdent 'newList'
            nkIdent 'T'
  nkProcDef
    nkPostfix
      nkIdent '*'
      nkIdent 'newRepo'
    nkEmpty
    nkGenericParams
      nkIdentDefs
        nkIdent 'T'
        nkEmpty
        nkEmpty
    nkFormalParams
      nkBracketExpr
        nkIdent 'Repo'
        nkIdent 'T'
    nkPragma
      nkIdent 'discardable'
    nkEmpty
    nkStmtList
      nkCall
        nkIdent 'new'
        nkIdent 'result'
      nkCall
        nkIdent 'initRepo'
        nkIdent 'result'
  nkMethodDef
    nkPostfix
      nkIdent '*'
      nkIdent 'ToString'
    nkEmpty
    nkEmpty
    nkFormalParams
      nkIdent 'string'
      nkIdentDefs
        nkIdent 'self'
        nkIdent 'Money'
        nkEmpty
    nkEmpty
    nkEmpty
    nkStmtList
      nkStrLit "Demo.Money"
  nkProcDef
    nkPostfix
      nkIdent '*'
      nkIdent 'nsTypeOf'
    nkEmpty
    nkEmpty
    nkFormalParams
      nkIdent 'Type'
      nkIdentDefs
        nkIdent 't'
        nkBracketExpr
          nkIdent 'typedesc'
          nkIdent 'Money'
        nkEmpty
    nkEmpty
    nkEmpty
    nkStmtList
      nkCall
        nkIdent 'nsTypeNamed'
        nkStrLit "Demo.Money"
  nkMethodDef
    nkPostfix
      nkIdent '*'
      nkIdent 'nsTypeName'
    nkEmpty
    nkEmpty
    nkFormalParams
      nkIdent 'string'
      nkIdentDefs
        nkIdent 'self'
        nkIdent 'Money'
        nkEmpty
    nkEmpty
    nkEmpty
    nkStmtList
      nkStrLit "Demo.Money"
  nkProcDef
    nkPostfix
      nkIdent '*'
      nkIdent 'initMoney'
    nkEmpty
    nkEmpty
    nkFormalParams
      nkEmpty
      nkIdentDefs
        nkIdent 'self'
        nkIdent 'Money'
        nkEmpty
      nkIdentDefs
        nkIdent 'c'
        nkIdent 'int32'
        nkEmpty
    nkEmpty
    nkEmpty
    nkStmtList
      nkAsgn
        nkDotExpr
          nkIdent 'self'
          nkIdent 'Cents'
        nkIdent 'c'
  nkProcDef
    nkPostfix
      nkIdent '*'
      nkIdent 'newMoney'
    nkEmpty
    nkEmpty
    nkFormalParams
      nkIdent 'Money'
      nkIdentDefs
        nkIdent 'c'
        nkIdent 'int32'
        nkEmpty
    nkPragma
      nkIdent 'discardable'
    nkEmpty
    nkStmtList
      nkCall
        nkIdent 'new'
        nkIdent 'result'
      nkCall
        nkIdent 'initMoney'
        nkIdent 'result'
        nkIdent 'c'
  nkProcDef
    nkPostfix
      nkIdent '*'
      nkIdent 'CompareTo'
    nkEmpty
    nkEmpty
    nkFormalParams
      nkIdent 'int32'
      nkIdentDefs
        nkIdent 'self'
        nkIdent 'Money'
        nkEmpty
      nkIdentDefs
        nkIdent 'other'
        nkIdent 'Money'
        nkEmpty
    nkPragma
      nkIdent 'discardable'
    nkEmpty
    nkStmtList
      nkReturnStmt
        nkCall
          nkDotExpr
            nkDotExpr
              nkIdent 'self'
              nkIdent 'Cents'
            nkIdent 'CompareTo'
          nkDotExpr
            nkCall
              nkIdent 'nsCheckNil'
              nkIdent 'other'
            nkIdent 'Cents'
  nkMethodDef
    nkPostfix
      nkIdent '*'
      nkIdent 'ToString'
    nkEmpty
    nkEmpty
    nkFormalParams
      nkIdent 'string'
      nkIdentDefs
        nkIdent 'self'
        nkIdent 'Program'
        nkEmpty
    nkEmpty
    nkEmpty
    nkStmtList
      nkStrLit "Demo.Program"
  nkProcDef
    nkPostfix
      nkIdent '*'
      nkIdent 'nsTypeOf'
    nkEmpty
    nkEmpty
    nkFormalParams
      nkIdent 'Type'
      nkIdentDefs
        nkIdent 't'
        nkBracketExpr
          nkIdent 'typedesc'
          nkIdent 'Program'
        nkEmpty
    nkEmpty
    nkEmpty
    nkStmtList
      nkCall
        nkIdent 'nsTypeNamed'
        nkStrLit "Demo.Program"
  nkMethodDef
    nkPostfix
      nkIdent '*'
      nkIdent 'nsTypeName'
    nkEmpty
    nkEmpty
    nkFormalParams
      nkIdent 'string'
      nkIdentDefs
        nkIdent 'self'
        nkIdent 'Program'
        nkEmpty
    nkEmpty
    nkEmpty
    nkStmtList
      nkStrLit "Demo.Program"
  nkProcDef
    nkIdent 'Fill'
    nkEmpty
    nkGenericParams
      nkIdentDefs
        nkIdent 'T'
        nkEmpty
        nkEmpty
    nkFormalParams
      nkEmpty
      nkIdentDefs
        nkIdent 't'
        nkBracketExpr
          nkIdent 'typedesc'
          nkIdent 'Program'
        nkEmpty
      nkIdentDefs
        nkIdent 'r'
        nkBracketExpr
          nkIdent 'IRepo'
          nkIdent 'T'
        nkEmpty
      nkIdentDefs
        nkIdent 'a'
        nkIdent 'T'
        nkEmpty
      nkIdentDefs
        nkIdent 'b'
        nkIdent 'T'
        nkEmpty
    nkEmpty
    nkEmpty
    nkStmtList
      nkCall
        nkDotExpr
          nkIdent 'r'
          nkIdent 'Add'
        nkIdent 'a'
      nkCall
        nkDotExpr
          nkIdent 'r'
          nkIdent 'Add'
        nkIdent 'b'
  nkProcDef
    nkIdent 'Main'
    nkEmpty
    nkEmpty
    nkFormalParams
      nkEmpty
    nkEmpty
    nkEmpty
    nkStmtList
      nkVarSection
        nkIdentDefs
          nkIdent 'r'
          nkBracketExpr
            nkIdent 'IRepo'
            nkIdent 'int32'
          nkCall
            nkIdent 'newIntRepo'
      nkCall
        nkIdent 'Fill'
        nkIdent 'Program'
        nkIdent 'r'
        nkCall
          nkIdent 'int32'
          nkIntLit 3
        nkCall
          nkIdent 'int32'
          nkIntLit 4
      nkCall
        nkIdent 'WriteLine'
        nkInfix
          nkIdent '+'
          nkCall
            nkDotExpr
              nkIdent 'r'
              nkIdent 'Get'
            nkIntLit 1
          nkDotExpr
            nkIdent 'r'
            nkIdent 'Count'
      nkVarSection
        nkIdentDefs
          nkIdent 'nr'
          nkBracketExpr
            nkIdent 'INamedRepo'
            nkIdent 'int32'
          nkCall
            nkIdent 'newIntRepo'
      nkCall
        nkIdent 'WriteLine'
        nkCall
          nkDotExpr
            nkIdent 'nr'
            nkIdent 'Name'
      nkVarSection
        nkIdentDefs
          nkIdent 'up'
          nkBracketExpr
            nkIdent 'IRepo'
            nkIdent 'int32'
          nkIdent 'nr'
      nkCall
        nkDotExpr
          nkIdent 'up'
          nkIdent 'Add'
        nkCall
          nkIdent 'int32'
          nkIntLit 9
      nkCall
        nkIdent 'WriteLine'
        nkDotExpr
          nkIdent 'up'
          nkIdent 'Count'
      nkVarSection
        nkIdentDefs
          nkIdent 'sr'
          nkBracketExpr
            nkIdent 'IRepo'
            nkIdent 'string'
          nkCall
            nkBracketExpr
              nkIdent 'newRepo'
              nkIdent 'string'
      nkCall
        nkDotExpr
          nkIdent 'sr'
          nkIdent 'Add'
        nkStrLit "x"
      nkCall
        nkIdent 'WriteLine'
        nkInfix
          nkIdent '+'
          nkCall
            nkDotExpr
              nkIdent 'sr'
              nkIdent 'Get'
            nkIntLit 0
          nkDotExpr
            nkIdent 'sr'
            nkIdent 'Count'
      nkVarSection
        nkIdentDefs
          nkIdent 'a'
          nkIdent 'Money'
          nkCall
            nkIdent 'newMoney'
            nkIntLit 5
      nkCall
        nkIdent 'WriteLine'
        nkCall
          nkDotExpr
            nkCall
              nkIdent 'nsCheckNil'
              nkIdent 'a'
            nkIdent 'CompareTo'
          nkCall
            nkIdent 'newMoney'
            nkIntLit 7
  nkProcDef
    nkPostfix
      nkIdent '*'
      nkIdent 'nsCreate'
    nkEmpty
    nkEmpty
    nkFormalParams
      nkIdent 'Program'
      nkIdentDefs
        nkIdent 't'
        nkBracketExpr
          nkIdent 'typedesc'
          nkIdent 'Program'
        nkEmpty
    nkEmpty
    nkEmpty
    nkStmtList
      nkCall
        nkIdent 'newProgram'
  nkProcDef
    nkPostfix
      nkIdent '*'
      nkIdent 'initProgram'
    nkEmpty
    nkEmpty
    nkFormalParams
      nkEmpty
      nkIdentDefs
        nkIdent 'self'
        nkIdent 'Program'
        nkEmpty
    nkEmpty
    nkEmpty
    nkStmtList
  nkProcDef
    nkPostfix
      nkIdent '*'
      nkIdent 'newProgram'
    nkEmpty
    nkEmpty
    nkFormalParams
      nkIdent 'Program'
    nkPragma
      nkIdent 'discardable'
    nkEmpty
    nkStmtList
      nkCall
        nkIdent 'new'
        nkIdent 'result'
      nkCall
        nkIdent 'initProgram'
        nkIdent 'result'
  nkWhenStmt
    nkElifBranch
      nkIdent 'isMainModule'
      nkStmtList
        nkCall
          nkIdent 'Main'
