nkStmtList
  nkImportStmt
    nkStrLit "nsharp/intrinsics"
  nkFromStmt
    nkStrLit "System/Collections/Generic"
    nkIdent 'Count'
  nkPragma
    nkIdent 'push'
    nkExprColonExpr
      nkIdent 'overflowChecks'
      nkIdent 'off'
  nkImportStmt
    nkStrLit "System"
  nkImportStmt
    nkStrLit "Company/Products"
  nkTypeSection
    nkTypeDef
      nkPostfix
        nkIdent '*'
        nkIdent 'Program'
      nkEmpty
      nkRefTy
        nkObjectTy
          nkEmpty
          nkOfInherit
            nkIdent 'RootObj'
          nkRecList
  nkProcDef
    nkIdent 'Main'
    nkEmpty
    nkEmpty
    nkFormalParams
      nkEmpty
    nkEmpty
    nkEmpty
    nkStmtList
      nkVarSection
        nkIdentDefs
          nkIdent 'g'
          nkIdent 'Gadget'
          nkCall
            nkIdent 'newGadget'
      nkCall
        nkIdent 'WriteLine'
        nkCall
          nkDotExpr
            nkCall
              nkIdent 'nsCheckNil'
              nkIdent 'g'
            nkIdent 'Name'
      nkCall
        nkIdent 'WriteLine'
        nkCall
          nkIdent 'Count'
      nkVarSection
        nkIdentDefs
          nkIdent 'store'
          nkIdent 'Store'
          nkCall
            nkIdent 'newStore'
      nkVarSection
        nkIdentDefs
          nkIdent 'items'
          nkEmpty
          nkCall
            nkDotExpr
              nkCall
                nkIdent 'nsCheckNil'
                nkIdent 'store'
              nkIdent 'Items'
      nkCall
        nkIdent 'WriteLine'
        nkDotExpr
          nkIdent 'items'
          nkIdent 'Count'
      nkVarSection
        nkIdentDefs
          nkIdent 'half'
          nkIdent 'int32'
          nkCall
            nkIdent 'nsDiv'
            nkCall
              nkIdent 'Count'
            nkIntLit 2
      nkCall
        nkIdent 'WriteLine'
        nkIdent 'half'
      nkVarSection
        nkIdentDefs
          nkIdent 'label'
          nkIdent 'string'
          nkStrLit "n"
      nkCall
        nkIdent 'WriteLine'
        nkDotExpr
          nkIdent 'label'
          nkIdent 'Length'
  nkProcDef
    nkPostfix
      nkIdent '*'
      nkIdent 'initProgram'
    nkEmpty
    nkEmpty
    nkFormalParams
      nkEmpty
      nkIdentDefs
        nkIdent 'self'
        nkIdent 'Program'
        nkEmpty
    nkEmpty
    nkEmpty
    nkStmtList
  nkProcDef
    nkPostfix
      nkIdent '*'
      nkIdent 'newProgram'
    nkEmpty
    nkEmpty
    nkFormalParams
      nkIdent 'Program'
    nkPragma
      nkIdent 'discardable'
    nkEmpty
    nkStmtList
      nkCall
        nkIdent 'new'
        nkIdent 'result'
      nkCall
        nkIdent 'initProgram'
        nkIdent 'result'
  nkWhenStmt
    nkElifBranch
      nkIdent 'isMainModule'
      nkStmtList
        nkCall
          nkIdent 'Main'
