using System
using System.Collections.Generic
member Console.WriteLine = System | void
member Console.WriteLine = System | void
member Console.WriteLine = System | void
member Console.WriteLine = System | void
member Console.WriteLine = System | void
member Console.WriteLine = System | void
member Console.WriteLine = System | void
member Console.WriteLine = System | void
member Console.WriteLine = System | void
member Console.WriteLine = System | void
member Console.WriteLine = System | void
member Console.WriteLine = System | void
member Console.WriteLine = System | void
member Console.WriteLine = System | void
member Console.WriteLine = System | void
member Console.WriteLine = System | void
member Console.WriteLine = System | void
member Console.WriteLine = System | void
member Console.WriteLine = System | void
member Console.WriteLine = System | void
member Console.WriteLine = System | void
member HashSet.Count = System.Collections.Generic | int
member int.ToString = System | string
