nkStmtList
  nkImportStmt
    nkStrLit "nsharp/intrinsics"
  nkPragma
    nkIdent 'push'
    nkExprColonExpr
      nkIdent 'overflowChecks'
      nkIdent 'off'
  nkImportStmt
    nkStrLit "System"
  nkImportStmt
    nkStrLit "System/Collections/Generic"
  nkTypeSection
    nkTypeDef
      nkPostfix
        nkIdent '*'
        nkIdent 'Account'
      nkEmpty
      nkRefTy
        nkObjectTy
          nkEmpty
          nkOfInherit
            nkIdent 'RootObj'
          nkRecList
            nkIdentDefs
              nkIdent 'deposits'
              nkIdent 'int32'
              nkEmpty
            nkIdentDefs
              nkIdent 'withdrawals'
              nkIdent 'int32'
              nkEmpty
            nkIdentDefs
              nkIdent 'BalanceBacking'
              nkIdent 'int32'
              nkEmpty
    nkTypeDef
      nkPostfix
        nkIdent '*'
        nkIdent 'Grid'
      nkEmpty
      nkRefTy
        nkObjectTy
          nkEmpty
          nkOfInherit
            nkIdent 'RootObj'
          nkRecList
            nkIdentDefs
              nkIdent 'cells'
              nkBracketExpr
                nkIdent 'seq'
                nkIdent 'int32'
              nkEmpty
    nkTypeDef
      nkPostfix
        nkIdent '*'
        nkIdent 'Outer'
      nkEmpty
      nkRefTy
        nkObjectTy
          nkEmpty
          nkOfInherit
            nkIdent 'RootObj'
          nkRecList
    nkTypeDef
      nkPostfix
        nkIdent '*'
        nkIdent 'Node'
      nkEmpty
      nkRefTy
        nkObjectTy
          nkEmpty
          nkOfInherit
            nkIdent 'RootObj'
          nkRecList
            nkIdentDefs
              nkPostfix
                nkIdent '*'
                nkIdent 'Id'
              nkIdent 'int32'
              nkEmpty
    nkTypeDef
      nkPostfix
        nkIdent '*'
        nkIdent 'Leaf'
      nkEmpty
      nkRefTy
        nkObjectTy
          nkEmpty
          nkOfInherit
            nkIdent 'RootObj'
          nkRecList
            nkIdentDefs
              nkPostfix
                nkIdent '*'
                nkIdent 'Weight'
              nkIdent 'float64'
              nkEmpty
    nkTypeDef
      nkPostfix
        nkIdent '*'
        nkIdent 'Kind'
      nkEmpty
      nkDistinctTy
        nkIdent 'int32'
    nkTypeDef
      nkPostfix
        nkIdent '*'
        nkIdent 'Program'
      nkEmpty
      nkRefTy
        nkObjectTy
          nkEmpty
          nkOfInherit
            nkIdent 'RootObj'
          nkRecList
  nkVarSection
    nkIdentDefs
      nkIdent 'nsOuter_created'
      nkIdent 'int32'
      nkEmpty
  nkTemplateDef
    nkIdent 'created'
    nkEmpty
    nkEmpty
    nkFormalParams
      nkIdent 'untyped'
      nkIdentDefs
        nkIdent 't'
        nkBracketExpr
          nkIdent 'typedesc'
          nkIdent 'Outer'
        nkEmpty
    nkEmpty
    nkEmpty
    nkStmtList
      nkIdent 'nsOuter_created'
  nkTemplateDef
    nkPostfix
      nkIdent '*'
      nkIdent 'Small'
    nkEmpty
    nkEmpty
    nkFormalParams
      nkIdent 'Kind'
      nkIdentDefs
        nkIdent 't'
        nkBracketExpr
          nkIdent 'typedesc'
          nkIdent 'Kind'
        nkEmpty
    nkEmpty
    nkEmpty
    nkStmtList
      nkCall
        nkIdent 'Kind'
        nkIntLit 0
  nkTemplateDef
    nkPostfix
      nkIdent '*'
      nkIdent 'Large'
    nkEmpty
    nkEmpty
    nkFormalParams
      nkIdent 'Kind'
      nkIdentDefs
        nkIdent 't'
        nkBracketExpr
          nkIdent 'typedesc'
          nkIdent 'Kind'
        nkEmpty
    nkEmpty
    nkEmpty
    nkStmtList
      nkCall
        nkIdent 'Kind'
        nkInfix
          nkIdent '+'
          nkCall
            nkIdent 'int32'
            nkDotExpr
              nkIdent 'Kind'
              nkIdent 'Small'
          nkIntLit 1
  nkVarSection
    nkIdentDefs
      nkIdent 'nsProgram_counter'
      nkIdent 'int32'
      nkEmpty
  nkTemplateDef
    nkIdent 'counter'
    nkEmpty
    nkEmpty
    nkFormalParams
      nkIdent 'untyped'
      nkIdentDefs
        nkIdent 't'
        nkBracketExpr
          nkIdent 'typedesc'
          nkIdent 'Program'
        nkEmpty
    nkEmpty
    nkEmpty
    nkStmtList
      nkIdent 'nsProgram_counter'
  nkProcDef
    nkIdent 'nsStaticInitOuter'
    nkEmpty
    nkEmpty
    nkFormalParams
      nkEmpty
    nkEmpty
    nkEmpty
    nkEmpty
  nkProcDef
    nkIdent 'nsStaticInitProgram'
    nkEmpty
    nkEmpty
    nkFormalParams
      nkEmpty
    nkEmpty
    nkEmpty
    nkEmpty
  nkMethodDef
    nkPostfix
      nkIdent '*'
      nkIdent 'ToString'
    nkEmpty
    nkEmpty
    nkFormalParams
      nkIdent 'string'
      nkIdentDefs
        nkIdent 'self'
        nkIdent 'Account'
        nkEmpty
    nkEmpty
    nkEmpty
    nkEmpty
  nkProcDef
    nkPostfix
      nkIdent '*'
      nkIdent 'Balance'
    nkEmpty
    nkEmpty
    nkFormalParams
      nkIdent 'int32'
      nkIdentDefs
        nkIdent 'self'
        nkIdent 'Account'
        nkEmpty
    nkEmpty
    nkEmpty
    nkEmpty
  nkProcDef
    nkPostfix
      nkIdent '*'
      nkIdent 'Balance='
    nkEmpty
    nkEmpty
    nkFormalParams
      nkEmpty
      nkIdentDefs
        nkIdent 'self'
        nkIdent 'Account'
        nkEmpty
      nkIdentDefs
        nkIdent 'value'
        nkIdent 'int32'
        nkEmpty
    nkEmpty
    nkEmpty
    nkEmpty
  nkProcDef
    nkPostfix
      nkIdent '*'
      nkIdent 'Deposit'
    nkEmpty
    nkEmpty
    nkFormalParams
      nkEmpty
      nkIdentDefs
        nkIdent 'self'
        nkIdent 'Account'
        nkEmpty
      nkIdentDefs
        nkIdent 'n'
        nkIdent 'int32'
        nkEmpty
    nkEmpty
    nkEmpty
    nkEmpty
  nkProcDef
    nkPostfix
      nkIdent '*'
      nkIdent 'Withdraw'
    nkEmpty
    nkEmpty
    nkFormalParams
      nkEmpty
      nkIdentDefs
        nkIdent 'self'
        nkIdent 'Account'
        nkEmpty
      nkIdentDefs
        nkIdent 'n'
        nkIdent 'int32'
        nkEmpty
    nkEmpty
    nkEmpty
    nkEmpty
  nkProcDef
    nkPostfix
      nkIdent '*'
      nkIdent 'Summary'
    nkEmpty
    nkEmpty
    nkFormalParams
      nkIdent 'string'
      nkIdentDefs
        nkIdent 'self'
        nkIdent 'Account'
        nkEmpty
    nkPragma
      nkIdent 'discardable'
    nkEmpty
    nkEmpty
  nkProcDef
    nkPostfix
      nkIdent '*'
      nkIdent 'nsCreate'
    nkEmpty
    nkEmpty
    nkFormalParams
      nkIdent 'Account'
      nkIdentDefs
        nkIdent 't'
        nkBracketExpr
          nkIdent 'typedesc'
          nkIdent 'Account'
        nkEmpty
    nkEmpty
    nkEmpty
    nkEmpty
  nkProcDef
    nkPostfix
      nkIdent '*'
      nkIdent 'initAccount'
    nkEmpty
    nkEmpty
    nkFormalParams
      nkEmpty
      nkIdentDefs
        nkIdent 'self'
        nkIdent 'Account'
        nkEmpty
    nkEmpty
    nkEmpty
    nkEmpty
  nkProcDef
    nkPostfix
      nkIdent '*'
      nkIdent 'newAccount'
    nkEmpty
    nkEmpty
    nkFormalParams
      nkIdent 'Account'
    nkPragma
      nkIdent 'discardable'
    nkEmpty
    nkEmpty
  nkMethodDef
    nkPostfix
      nkIdent '*'
      nkIdent 'ToString'
    nkEmpty
    nkEmpty
    nkFormalParams
      nkIdent 'string'
      nkIdentDefs
        nkIdent 'self'
        nkIdent 'Grid'
        nkEmpty
    nkEmpty
    nkEmpty
    nkEmpty
  nkProcDef
    nkPostfix
      nkIdent '*'
      nkIdent '[]'
    nkEmpty
    nkEmpty
    nkFormalParams
      nkIdent 'int32'
      nkIdentDefs
        nkIdent 'self'
        nkIdent 'Grid'
        nkEmpty
      nkIdentDefs
        nkIdent 'i'
        nkIdent 'int32'
        nkEmpty
    nkEmpty
    nkEmpty
    nkEmpty
  nkProcDef
    nkPostfix
      nkIdent '*'
      nkIdent '[]='
    nkEmpty
    nkEmpty
    nkFormalParams
      nkEmpty
      nkIdentDefs
        nkIdent 'self'
        nkIdent 'Grid'
        nkEmpty
      nkIdentDefs
        nkIdent 'i'
        nkIdent 'int32'
        nkEmpty
      nkIdentDefs
        nkIdent 'value'
        nkIdent 'int32'
        nkEmpty
    nkEmpty
    nkEmpty
    nkEmpty
  nkProcDef
    nkPostfix
      nkIdent '*'
      nkIdent 'nsCreate'
    nkEmpty
    nkEmpty
    nkFormalParams
      nkIdent 'Grid'
      nkIdentDefs
        nkIdent 't'
        nkBracketExpr
          nkIdent 'typedesc'
          nkIdent 'Grid'
        nkEmpty
    nkEmpty
    nkEmpty
    nkEmpty
  nkProcDef
    nkPostfix
      nkIdent '*'
      nkIdent 'initGrid'
    nkEmpty
    nkEmpty
    nkFormalParams
      nkEmpty
      nkIdentDefs
        nkIdent 'self'
        nkIdent 'Grid'
        nkEmpty
    nkEmpty
    nkEmpty
    nkEmpty
  nkProcDef
    nkPostfix
      nkIdent '*'
      nkIdent 'newGrid'
    nkEmpty
    nkEmpty
    nkFormalParams
      nkIdent 'Grid'
    nkPragma
      nkIdent 'discardable'
    nkEmpty
    nkEmpty
  nkMethodDef
    nkPostfix
      nkIdent '*'
      nkIdent 'ToString'
    nkEmpty
    nkEmpty
    nkFormalParams
      nkIdent 'string'
      nkIdentDefs
        nkIdent 'self'
        nkIdent 'Outer'
        nkEmpty
    nkEmpty
    nkEmpty
    nkEmpty
  nkProcDef
    nkIdent 'Next'
    nkEmpty
    nkEmpty
    nkFormalParams
      nkIdent 'int32'
      nkIdentDefs
        nkIdent 't'
        nkBracketExpr
          nkIdent 'typedesc'
          nkIdent 'Outer'
        nkEmpty
    nkPragma
      nkIdent 'discardable'
    nkEmpty
    nkEmpty
  nkProcDef
    nkPostfix
      nkIdent '*'
      nkIdent 'Describe'
    nkEmpty
    nkEmpty
    nkFormalParams
      nkIdent 'string'
      nkIdentDefs
        nkIdent 't'
        nkBracketExpr
          nkIdent 'typedesc'
          nkIdent 'Outer'
        nkEmpty
      nkIdentDefs
        nkIdent 'size'
        nkIdent 'int32'
        nkEmpty
    nkPragma
      nkIdent 'discardable'
    nkEmpty
    nkEmpty
  nkProcDef
    nkPostfix
      nkIdent '*'
      nkIdent 'nsCreate'
    nkEmpty
    nkEmpty
    nkFormalParams
      nkIdent 'Outer'
      nkIdentDefs
        nkIdent 't'
        nkBracketExpr
          nkIdent 'typedesc'
          nkIdent 'Outer'
        nkEmpty
    nkEmpty
    nkEmpty
    nkEmpty
  nkProcDef
    nkPostfix
      nkIdent '*'
      nkIdent 'initOuter'
    nkEmpty
    nkEmpty
    nkFormalParams
      nkEmpty
      nkIdentDefs
        nkIdent 'self'
        nkIdent 'Outer'
        nkEmpty
    nkEmpty
    nkEmpty
    nkEmpty
  nkProcDef
    nkPostfix
      nkIdent '*'
      nkIdent 'newOuter'
    nkEmpty
    nkEmpty
    nkFormalParams
      nkIdent 'Outer'
    nkPragma
      nkIdent 'discardable'
    nkEmpty
    nkEmpty
  nkMethodDef
    nkPostfix
      nkIdent '*'
      nkIdent 'ToString'
    nkEmpty
    nkEmpty
    nkFormalParams
      nkIdent 'string'
      nkIdentDefs
        nkIdent 'self'
        nkIdent 'Node'
        nkEmpty
    nkEmpty
    nkEmpty
    nkEmpty
  nkProcDef
    nkPostfix
      nkIdent '*'
      nkIdent 'nsCreate'
    nkEmpty
    nkEmpty
    nkFormalParams
      nkIdent 'Node'
      nkIdentDefs
        nkIdent 't'
        nkBracketExpr
          nkIdent 'typedesc'
          nkIdent 'Node'
        nkEmpty
    nkEmpty
    nkEmpty
    nkEmpty
  nkProcDef
    nkPostfix
      nkIdent '*'
      nkIdent 'initNode'
    nkEmpty
    nkEmpty
    nkFormalParams
      nkEmpty
      nkIdentDefs
        nkIdent 'self'
        nkIdent 'Node'
        nkEmpty
    nkEmpty
    nkEmpty
    nkEmpty
  nkProcDef
    nkPostfix
      nkIdent '*'
      nkIdent 'newNode'
    nkEmpty
    nkEmpty
    nkFormalParams
      nkIdent 'Node'
    nkPragma
      nkIdent 'discardable'
    nkEmpty
    nkEmpty
  nkMethodDef
    nkPostfix
      nkIdent '*'
      nkIdent 'ToString'
    nkEmpty
    nkEmpty
    nkFormalParams
      nkIdent 'string'
      nkIdentDefs
        nkIdent 'self'
        nkIdent 'Leaf'
        nkEmpty
    nkEmpty
    nkEmpty
    nkEmpty
  nkProcDef
    nkPostfix
      nkIdent '*'
      nkIdent 'nsCreate'
    nkEmpty
    nkEmpty
    nkFormalParams
      nkIdent 'Leaf'
      nkIdentDefs
        nkIdent 't'
        nkBracketExpr
          nkIdent 'typedesc'
          nkIdent 'Leaf'
        nkEmpty
    nkEmpty
    nkEmpty
    nkEmpty
  nkProcDef
    nkPostfix
      nkIdent '*'
      nkIdent 'initLeaf'
    nkEmpty
    nkEmpty
    nkFormalParams
      nkEmpty
      nkIdentDefs
        nkIdent 'self'
        nkIdent 'Leaf'
        nkEmpty
    nkEmpty
    nkEmpty
    nkEmpty
  nkProcDef
    nkPostfix
      nkIdent '*'
      nkIdent 'newLeaf'
    nkEmpty
    nkEmpty
    nkFormalParams
      nkIdent 'Leaf'
    nkPragma
      nkIdent 'discardable'
    nkEmpty
    nkEmpty
  nkMethodDef
    nkPostfix
      nkIdent '*'
      nkIdent 'ToString'
    nkEmpty
    nkEmpty
    nkFormalParams
      nkIdent 'string'
      nkIdentDefs
        nkIdent 'self'
        nkIdent 'Program'
        nkEmpty
    nkEmpty
    nkEmpty
    nkEmpty
  nkProcDef
    nkIdent 'Tick'
    nkEmpty
    nkEmpty
    nkFormalParams
      nkIdent 'int32'
      nkIdentDefs
        nkIdent 't'
        nkBracketExpr
          nkIdent 'typedesc'
          nkIdent 'Program'
        nkEmpty
    nkPragma
      nkIdent 'discardable'
    nkEmpty
    nkEmpty
  nkProcDef
    nkIdent 'Pair'
    nkEmpty
    nkEmpty
    nkFormalParams
      nkIdent 'string'
      nkIdentDefs
        nkIdent 't'
        nkBracketExpr
          nkIdent 'typedesc'
          nkIdent 'Program'
        nkEmpty
      nkIdentDefs
        nkIdent 'a'
        nkIdent 'int32'
        nkEmpty
      nkIdentDefs
        nkIdent 'b'
        nkIdent 'int32'
        nkEmpty
    nkPragma
      nkIdent 'discardable'
    nkEmpty
    nkEmpty
  nkProcDef
    nkIdent 'Main'
    nkEmpty
    nkEmpty
    nkFormalParams
      nkEmpty
    nkEmpty
    nkEmpty
    nkEmpty
  nkProcDef
    nkPostfix
      nkIdent '*'
      nkIdent 'nsCreate'
    nkEmpty
    nkEmpty
    nkFormalParams
      nkIdent 'Program'
      nkIdentDefs
        nkIdent 't'
        nkBracketExpr
          nkIdent 'typedesc'
          nkIdent 'Program'
        nkEmpty
    nkEmpty
    nkEmpty
    nkEmpty
  nkProcDef
    nkPostfix
      nkIdent '*'
      nkIdent 'initProgram'
    nkEmpty
    nkEmpty
    nkFormalParams
      nkEmpty
      nkIdentDefs
        nkIdent 'self'
        nkIdent 'Program'
        nkEmpty
    nkEmpty
    nkEmpty
    nkEmpty
  nkProcDef
    nkPostfix
      nkIdent '*'
      nkIdent 'newProgram'
    nkEmpty
    nkEmpty
    nkFormalParams
      nkIdent 'Program'
    nkPragma
      nkIdent 'discardable'
    nkEmpty
    nkEmpty
  nkCall
    nkIdent 'nsStaticInitOuter'
  nkCall
    nkIdent 'nsStaticInitProgram'
  nkMethodDef
    nkPostfix
      nkIdent '*'
      nkIdent 'ToString'
    nkEmpty
    nkEmpty
    nkFormalParams
      nkIdent 'string'
      nkIdentDefs
        nkIdent 'self'
        nkIdent 'Account'
        nkEmpty
    nkEmpty
    nkEmpty
    nkStmtList
      nkStrLit "Demo.Account"
  nkProcDef
    nkPostfix
      nkIdent '*'
      nkIdent 'Balance'
    nkEmpty
    nkEmpty
    nkFormalParams
      nkIdent 'int32'
      nkIdentDefs
        nkIdent 'self'
        nkIdent 'Account'
        nkEmpty
    nkEmpty
    nkEmpty
    nkDotExpr
      nkIdent 'self'
      nkIdent 'BalanceBacking'
  nkProcDef
    nkPostfix
      nkIdent '*'
      nkIdent 'Balance='
    nkEmpty
    nkEmpty
    nkFormalParams
      nkEmpty
      nkIdentDefs
        nkIdent 'self'
        nkIdent 'Account'
        nkEmpty
      nkIdentDefs
        nkIdent 'value'
        nkIdent 'int32'
        nkEmpty
    nkEmpty
    nkEmpty
    nkAsgn
      nkDotExpr
        nkIdent 'self'
        nkIdent 'BalanceBacking'
      nkIdent 'value'
  nkProcDef
    nkPostfix
      nkIdent '*'
      nkIdent 'Deposit'
    nkEmpty
    nkEmpty
    nkFormalParams
      nkEmpty
      nkIdentDefs
        nkIdent 'self'
        nkIdent 'Account'
        nkEmpty
      nkIdentDefs
        nkIdent 'n'
        nkIdent 'int32'
        nkEmpty
    nkEmpty
    nkEmpty
    nkStmtList
      nkAsgn
        nkDotExpr
          nkIdent 'self'
          nkIdent 'Balance'
        nkInfix
          nkIdent '+'
          nkDotExpr
            nkIdent 'self'
            nkIdent 'Balance'
          nkIdent 'n'
      nkCommand
        nkIdent 'inc'
        nkDotExpr
          nkIdent 'self'
          nkIdent 'deposits'
  nkProcDef
    nkPostfix
      nkIdent '*'
      nkIdent 'Withdraw'
    nkEmpty
    nkEmpty
    nkFormalParams
      nkEmpty
      nkIdentDefs
        nkIdent 'self'
        nkIdent 'Account'
        nkEmpty
      nkIdentDefs
        nkIdent 'n'
        nkIdent 'int32'
        nkEmpty
    nkEmpty
    nkEmpty
    nkStmtList
      nkAsgn
        nkDotExpr
          nkIdent 'self'
          nkIdent 'Balance'
        nkInfix
          nkIdent '-'
          nkDotExpr
            nkIdent 'self'
            nkIdent 'Balance'
          nkIdent 'n'
      nkCommand
        nkIdent 'inc'
        nkDotExpr
          nkIdent 'self'
          nkIdent 'withdrawals'
  nkProcDef
    nkPostfix
      nkIdent '*'
      nkIdent 'Summary'
    nkEmpty
    nkEmpty
    nkFormalParams
      nkIdent 'string'
      nkIdentDefs
        nkIdent 'self'
        nkIdent 'Account'
        nkEmpty
    nkPragma
      nkIdent 'discardable'
    nkEmpty
    nkStmtList
      nkReturnStmt
        nkInfix
          nkIdent '+'
          nkInfix
            nkIdent '+'
            nkInfix
              nkIdent '+'
              nkInfix
                nkIdent '+'
                nkDotExpr
                  nkIdent 'self'
                  nkIdent 'deposits'
                nkStrLit "/"
              nkDotExpr
                nkIdent 'self'
                nkIdent 'withdrawals'
            nkStrLit " "
          nkDotExpr
            nkIdent 'self'
            nkIdent 'Balance'
  nkProcDef
    nkPostfix
      nkIdent '*'
      nkIdent 'nsCreate'
    nkEmpty
    nkEmpty
    nkFormalParams
      nkIdent 'Account'
      nkIdentDefs
        nkIdent 't'
        nkBracketExpr
          nkIdent 'typedesc'
          nkIdent 'Account'
        nkEmpty
    nkEmpty
    nkEmpty
    nkStmtList
      nkCall
        nkIdent 'newAccount'
  nkProcDef
    nkPostfix
      nkIdent '*'
      nkIdent 'initAccount'
    nkEmpty
    nkEmpty
    nkFormalParams
      nkEmpty
      nkIdentDefs
        nkIdent 'self'
        nkIdent 'Account'
        nkEmpty
    nkEmpty
    nkEmpty
    nkStmtList
      nkAsgn
        nkDotExpr
          nkIdent 'self'
          nkIdent 'deposits'
        nkIntLit 0
      nkAsgn
        nkDotExpr
          nkIdent 'self'
          nkIdent 'withdrawals'
        nkIntLit 0
      nkAsgn
        nkDotExpr
          nkIdent 'self'
          nkIdent 'BalanceBacking'
        nkIntLit 100
  nkProcDef
    nkPostfix
      nkIdent '*'
      nkIdent 'newAccount'
    nkEmpty
    nkEmpty
    nkFormalParams
      nkIdent 'Account'
    nkPragma
      nkIdent 'discardable'
    nkEmpty
    nkStmtList
      nkCall
        nkIdent 'new'
        nkIdent 'result'
      nkCall
        nkIdent 'initAccount'
        nkIdent 'result'
  nkMethodDef
    nkPostfix
      nkIdent '*'
      nkIdent 'ToString'
    nkEmpty
    nkEmpty
    nkFormalParams
      nkIdent 'string'
      nkIdentDefs
        nkIdent 'self'
        nkIdent 'Grid'
        nkEmpty
    nkEmpty
    nkEmpty
    nkStmtList
      nkStrLit "Demo.Grid"
  nkProcDef
    nkPostfix
      nkIdent '*'
      nkIdent '[]'
    nkEmpty
    nkEmpty
    nkFormalParams
      nkIdent 'int32'
      nkIdentDefs
        nkIdent 'self'
        nkIdent 'Grid'
        nkEmpty
      nkIdentDefs
        nkIdent 'i'
        nkIdent 'int32'
        nkEmpty
    nkEmpty
    nkEmpty
    nkStmtList
      nkReturnStmt
        nkBracketExpr
          nkDotExpr
            nkIdent 'self'
            nkIdent 'cells'
          nkIdent 'i'
  nkProcDef
    nkPostfix
      nkIdent '*'
      nkIdent '[]='
    nkEmpty
    nkEmpty
    nkFormalParams
      nkEmpty
      nkIdentDefs
        nkIdent 'self'
        nkIdent 'Grid'
        nkEmpty
      nkIdentDefs
        nkIdent 'i'
        nkIdent 'int32'
        nkEmpty
      nkIdentDefs
        nkIdent 'value'
        nkIdent 'int32'
        nkEmpty
    nkEmpty
    nkEmpty
    nkStmtList
      nkAsgn
        nkBracketExpr
          nkDotExpr
            nkIdent 'self'
            nkIdent 'cells'
          nkIdent 'i'
        nkIdent 'value'
  nkProcDef
    nkPostfix
      nkIdent '*'
      nkIdent 'nsCreate'
    nkEmpty
    nkEmpty
    nkFormalParams
      nkIdent 'Grid'
      nkIdentDefs
        nkIdent 't'
        nkBracketExpr
          nkIdent 'typedesc'
          nkIdent 'Grid'
        nkEmpty
    nkEmpty
    nkEmpty
    nkStmtList
      nkCall
        nkIdent 'newGrid'
  nkProcDef
    nkPostfix
      nkIdent '*'
      nkIdent 'initGrid'
    nkEmpty
    nkEmpty
    nkFormalParams
      nkEmpty
      nkIdentDefs
        nkIdent 'self'
        nkIdent 'Grid'
        nkEmpty
    nkEmpty
    nkEmpty
    nkStmtList
      nkAsgn
        nkDotExpr
          nkIdent 'self'
          nkIdent 'cells'
        nkCall
          nkBracketExpr
            nkIdent 'newSeq'
            nkIdent 'int32'
          nkIntLit 4
  nkProcDef
    nkPostfix
      nkIdent '*'
      nkIdent 'newGrid'
    nkEmpty
    nkEmpty
    nkFormalParams
      nkIdent 'Grid'
    nkPragma
      nkIdent 'discardable'
    nkEmpty
    nkStmtList
      nkCall
        nkIdent 'new'
        nkIdent 'result'
      nkCall
        nkIdent 'initGrid'
        nkIdent 'result'
  nkMethodDef
    nkPostfix
      nkIdent '*'
      nkIdent 'ToString'
    nkEmpty
    nkEmpty
    nkFormalParams
      nkIdent 'string'
      nkIdentDefs
        nkIdent 'self'
        nkIdent 'Outer'
        nkEmpty
    nkEmpty
    nkEmpty
    nkStmtList
      nkStrLit "Demo.Outer"
  nkProcDef
    nkIdent 'Next'
    nkEmpty
    nkEmpty
    nkFormalParams
      nkIdent 'int32'
      nkIdentDefs
        nkIdent 't'
        nkBracketExpr
          nkIdent 'typedesc'
          nkIdent 'Outer'
        nkEmpty
    nkPragma
      nkIdent 'discardable'
    nkEmpty
    nkStmtList
      nkReturnStmt
        nkCall
          nkIdent 'nsPreInc'
          nkDotExpr
            nkIdent 'Outer'
            nkIdent 'created'
  nkProcDef
    nkPostfix
      nkIdent '*'
      nkIdent 'Describe'
    nkEmpty
    nkEmpty
    nkFormalParams
      nkIdent 'string'
      nkIdentDefs
        nkIdent 't'
        nkBracketExpr
          nkIdent 'typedesc'
          nkIdent 'Outer'
        nkEmpty
      nkIdentDefs
        nkIdent 'size'
        nkIdent 'int32'
        nkEmpty
    nkPragma
      nkIdent 'discardable'
    nkEmpty
    nkStmtList
      nkReturnStmt
        nkCall
          nkDotExpr
            nkIfExpr
              nkElifExpr
                nkInfix
                  nkIdent '>'
                  nkIdent 'size'
                  nkIntLit 10
                nkDotExpr
                  nkIdent 'Kind'
                  nkIdent 'Large'
              nkElseExpr
                nkDotExpr
                  nkIdent 'Kind'
                  nkIdent 'Small'
            nkIdent 'ToString'
  nkProcDef
    nkPostfix
      nkIdent '*'
      nkIdent 'nsCreate'
    nkEmpty
    nkEmpty
    nkFormalParams
      nkIdent 'Outer'
      nkIdentDefs
        nkIdent 't'
        nkBracketExpr
          nkIdent 'typedesc'
          nkIdent 'Outer'
        nkEmpty
    nkEmpty
    nkEmpty
    nkStmtList
      nkCall
        nkIdent 'newOuter'
  nkProcDef
    nkPostfix
      nkIdent '*'
      nkIdent 'initOuter'
    nkEmpty
    nkEmpty
    nkFormalParams
      nkEmpty
      nkIdentDefs
        nkIdent 'self'
        nkIdent 'Outer'
        nkEmpty
    nkEmpty
    nkEmpty
    nkStmtList
  nkProcDef
    nkPostfix
      nkIdent '*'
      nkIdent 'newOuter'
    nkEmpty
    nkEmpty
    nkFormalParams
      nkIdent 'Outer'
    nkPragma
      nkIdent 'discardable'
    nkEmpty
    nkStmtList
      nkCall
        nkIdent 'new'
        nkIdent 'result'
      nkCall
        nkIdent 'initOuter'
        nkIdent 'result'
  nkMethodDef
    nkPostfix
      nkIdent '*'
      nkIdent 'ToString'
    nkEmpty
    nkEmpty
    nkFormalParams
      nkIdent 'string'
      nkIdentDefs
        nkIdent 'self'
        nkIdent 'Node'
        nkEmpty
    nkEmpty
    nkEmpty
    nkStmtList
      nkStrLit "Demo.Outer+Node"
  nkProcDef
    nkPostfix
      nkIdent '*'
      nkIdent 'nsCreate'
    nkEmpty
    nkEmpty
    nkFormalParams
      nkIdent 'Node'
      nkIdentDefs
        nkIdent 't'
        nkBracketExpr
          nkIdent 'typedesc'
          nkIdent 'Node'
        nkEmpty
    nkEmpty
    nkEmpty
    nkStmtList
      nkCall
        nkIdent 'newNode'
  nkProcDef
    nkPostfix
      nkIdent '*'
      nkIdent 'initNode'
    nkEmpty
    nkEmpty
    nkFormalParams
      nkEmpty
      nkIdentDefs
        nkIdent 'self'
        nkIdent 'Node'
        nkEmpty
    nkEmpty
    nkEmpty
    nkStmtList
      nkAsgn
        nkDotExpr
          nkIdent 'self'
          nkIdent 'Id'
        nkCall
          nkIdent 'Next'
          nkIdent 'Outer'
  nkProcDef
    nkPostfix
      nkIdent '*'
      nkIdent 'newNode'
    nkEmpty
    nkEmpty
    nkFormalParams
      nkIdent 'Node'
    nkPragma
      nkIdent 'discardable'
    nkEmpty
    nkStmtList
      nkCall
        nkIdent 'new'
        nkIdent 'result'
      nkCall
        nkIdent 'initNode'
        nkIdent 'result'
  nkMethodDef
    nkPostfix
      nkIdent '*'
      nkIdent 'ToString'
    nkEmpty
    nkEmpty
    nkFormalParams
      nkIdent 'string'
      nkIdentDefs
        nkIdent 'self'
        nkIdent 'Leaf'
        nkEmpty
    nkEmpty
    nkEmpty
    nkStmtList
      nkStrLit "Demo.Outer+Node+Leaf"
  nkProcDef
    nkPostfix
      nkIdent '*'
      nkIdent 'nsCreate'
    nkEmpty
    nkEmpty
    nkFormalParams
      nkIdent 'Leaf'
      nkIdentDefs
        nkIdent 't'
        nkBracketExpr
          nkIdent 'typedesc'
          nkIdent 'Leaf'
        nkEmpty
    nkEmpty
    nkEmpty
    nkStmtList
      nkCall
        nkIdent 'newLeaf'
  nkProcDef
    nkPostfix
      nkIdent '*'
      nkIdent 'initLeaf'
    nkEmpty
    nkEmpty
    nkFormalParams
      nkEmpty
      nkIdentDefs
        nkIdent 'self'
        nkIdent 'Leaf'
        nkEmpty
    nkEmpty
    nkEmpty
    nkStmtList
      nkAsgn
        nkDotExpr
          nkIdent 'self'
          nkIdent 'Weight'
        nkFloatLit 1.5
  nkProcDef
    nkPostfix
      nkIdent '*'
      nkIdent 'newLeaf'
    nkEmpty
    nkEmpty
    nkFormalParams
      nkIdent 'Leaf'
    nkPragma
      nkIdent 'discardable'
    nkEmpty
    nkStmtList
      nkCall
        nkIdent 'new'
        nkIdent 'result'
      nkCall
        nkIdent 'initLeaf'
        nkIdent 'result'
  nkCall
    nkIdent 'nsEnum'
    nkIdent 'Kind'
    nkIdent 'int32'
    nkIdent 'false'
    nkBracket
      nkTupleConstr
        nkStrLit "Small"
        nkCall
          nkIdent 'int64'
          nkCall
            nkIdent 'int32'
            nkDotExpr
              nkIdent 'Kind'
              nkIdent 'Small'
      nkTupleConstr
        nkStrLit "Large"
        nkCall
          nkIdent 'int64'
          nkCall
            nkIdent 'int32'
            nkDotExpr
              nkIdent 'Kind'
              nkIdent 'Large'
  nkMethodDef
    nkPostfix
      nkIdent '*'
      nkIdent 'ToString'
    nkEmpty
    nkEmpty
    nkFormalParams
      nkIdent 'string'
      nkIdentDefs
        nkIdent 'self'
        nkIdent 'Program'
        nkEmpty
    nkEmpty
    nkEmpty
    nkStmtList
      nkStrLit "Demo.Program"
  nkProcDef
    nkIdent 'Tick'
    nkEmpty
    nkEmpty
    nkFormalParams
      nkIdent 'int32'
      nkIdentDefs
        nkIdent 't'
        nkBracketExpr
          nkIdent 'typedesc'
          nkIdent 'Program'
        nkEmpty
    nkPragma
      nkIdent 'discardable'
    nkEmpty
    nkStmtList
      nkAsgn
        nkDotExpr
          nkIdent 'Program'
          nkIdent 'counter'
        nkInfix
          nkIdent '+'
          nkDotExpr
            nkIdent 'Program'
            nkIdent 'counter'
          nkIntLit 5
      nkReturnStmt
        nkDotExpr
          nkIdent 'Program'
          nkIdent 'counter'
  nkProcDef
    nkIdent 'Pair'
    nkEmpty
    nkEmpty
    nkFormalParams
      nkIdent 'string'
      nkIdentDefs
        nkIdent 't'
        nkBracketExpr
          nkIdent 'typedesc'
          nkIdent 'Program'
        nkEmpty
      nkIdentDefs
        nkIdent 'a'
        nkIdent 'int32'
        nkEmpty
      nkIdentDefs
        nkIdent 'b'
        nkIdent 'int32'
        nkEmpty
    nkPragma
      nkIdent 'discardable'
    nkEmpty
    nkStmtList
      nkReturnStmt
        nkInfix
          nkIdent '+'
          nkInfix
            nkIdent '+'
            nkIdent 'a'
            nkStrLit ","
          nkIdent 'b'
  nkProcDef
    nkIdent 'Main'
    nkEmpty
    nkEmpty
    nkFormalParams
      nkEmpty
    nkEmpty
    nkEmpty
    nkStmtList
      nkVarSection
        nkIdentDefs
          nkIdent 'acct'
          nkEmpty
          nkCall
            nkIdent 'newAccount'
      nkCall
        nkDotExpr
          nkCall
            nkIdent 'nsCheckNil'
            nkIdent 'acct'
          nkIdent 'Deposit'
        nkIntLit 50
      nkCall
        nkDotExpr
          nkCall
            nkIdent 'nsCheckNil'
            nkIdent 'acct'
          nkIdent 'Withdraw'
        nkIntLit 30
      nkCall
        nkDotExpr
          nkCall
            nkIdent 'nsCheckNil'
            nkIdent 'acct'
          nkIdent 'Deposit'
        nkIntLit 5
      nkCall
        nkIdent 'WriteLine'
        nkCall
          nkDotExpr
            nkCall
              nkIdent 'nsCheckNil'
              nkIdent 'acct'
            nkIdent 'Summary'
      nkVarSection
        nkIdentDefs
          nkIdent 'g'
          nkEmpty
          nkCall
            nkIdent 'newGrid'
      nkCall
        nkIdent 'nsInc'
        nkBracketExpr
          nkIdent 'g'
          nkIntLit 1
      nkCall
        nkIdent 'nsInc'
        nkBracketExpr
          nkIdent 'g'
          nkIntLit 1
      nkCall
        nkIdent 'nsInc'
        nkBracketExpr
          nkIdent 'g'
          nkIntLit 2
      nkCall
        nkIdent 'WriteLine'
        nkInfix
          nkIdent '+'
          nkBracketExpr
            nkIdent 'g'
            nkIntLit 1
          nkBracketExpr
            nkIdent 'g'
            nkIntLit 2
      nkVarSection
        nkIdentDefs
          nkIdent 'd'
          nkIdent 'float64'
          nkFloatLit 1.25
      nkCall
        nkIdent 'nsInc'
        nkIdent 'd'
      nkCall
        nkIdent 'WriteLine'
        nkIdent 'd'
      nkVarSection
        nkIdentDefs
          nkIdent 'n1'
          nkEmpty
          nkCall
            nkIdent 'newNode'
      nkVarSection
        nkIdentDefs
          nkIdent 'n2'
          nkEmpty
          nkCall
            nkIdent 'newNode'
      nkCall
        nkIdent 'WriteLine'
        nkInfix
          nkIdent '+'
          nkInfix
            nkIdent '+'
            nkDotExpr
              nkIdent 'n1'
              nkIdent 'Id'
            nkStrLit " "
          nkDotExpr
            nkIdent 'n2'
            nkIdent 'Id'
      nkCall
        nkIdent 'WriteLine'
        nkDotExpr
          nkCall
            nkIdent 'newLeaf'
          nkIdent 'Weight'
      nkCall
        nkIdent 'WriteLine'
        nkCall
          nkIdent 'newLeaf'
      nkCall
        nkIdent 'WriteLine'
        nkInfix
          nkIdent '+'
          nkInfix
            nkIdent '+'
            nkCall
              nkIdent 'Describe'
              nkIdent 'Outer'
              nkIntLit 3
            nkStrLit " "
          nkCall
            nkIdent 'Describe'
            nkIdent 'Outer'
            nkIntLit 30
      nkCall
        nkIdent 'WriteLine'
        nkInfix
          nkIdent '+'
          nkCall
            nkIdent 'nsVal'
            nkDotExpr
              nkIdent 'Program'
              nkIdent 'counter'
          nkCall
            nkIdent 'Tick'
            nkIdent 'Program'
      nkCall
        nkIdent 'WriteLine'
        nkCall
          nkIdent 'Pair'
          nkIdent 'Program'
          nkCall
            nkIdent 'nsVal'
            nkDotExpr
              nkIdent 'Program'
              nkIdent 'counter'
          nkCall
            nkIdent 'Tick'
            nkIdent 'Program'
      nkVarSection
        nkIdentDefs
          nkIdent 'x'
          nkIdent 'int32'
          nkIntLit 1
      nkVarSection
        nkIdentDefs
          nkIdent 'y'
          nkIdent 'int32'
          nkInfix
            nkIdent '+'
            nkCall
              nkIdent 'nsVal'
              nkIdent 'x'
            nkInfix
              nkIdent '*'
              nkBlockExpr
                nkEmpty
                nkStmtList
                  nkAsgn
                    nkIdent 'x'
                    nkIntLit 5
                  nkIdent 'x'
              nkIntLit 2
      nkCall
        nkIdent 'WriteLine'
        nkInfix
          nkIdent '+'
          nkInfix
            nkIdent '+'
            nkIdent 'y'
            nkStrLit " "
          nkIdent 'x'
  nkProcDef
    nkPostfix
      nkIdent '*'
      nkIdent 'nsCreate'
    nkEmpty
    nkEmpty
    nkFormalParams
      nkIdent 'Program'
      nkIdentDefs
        nkIdent 't'
        nkBracketExpr
          nkIdent 'typedesc'
          nkIdent 'Program'
        nkEmpty
    nkEmpty
    nkEmpty
    nkStmtList
      nkCall
        nkIdent 'newProgram'
  nkProcDef
    nkPostfix
      nkIdent '*'
      nkIdent 'initProgram'
    nkEmpty
    nkEmpty
    nkFormalParams
      nkEmpty
      nkIdentDefs
        nkIdent 'self'
        nkIdent 'Program'
        nkEmpty
    nkEmpty
    nkEmpty
    nkStmtList
  nkProcDef
    nkPostfix
      nkIdent '*'
      nkIdent 'newProgram'
    nkEmpty
    nkEmpty
    nkFormalParams
      nkIdent 'Program'
    nkPragma
      nkIdent 'discardable'
    nkEmpty
    nkStmtList
      nkCall
        nkIdent 'new'
        nkIdent 'result'
      nkCall
        nkIdent 'initProgram'
        nkIdent 'result'
  nkProcDef
    nkIdent 'nsStaticInitOuter'
    nkEmpty
    nkEmpty
    nkFormalParams
      nkEmpty
    nkEmpty
    nkEmpty
    nkStmtList
      nkAsgn
        nkIdent 'nsOuter_created'
        nkIntLit 0
  nkProcDef
    nkIdent 'nsStaticInitProgram'
    nkEmpty
    nkEmpty
    nkFormalParams
      nkEmpty
    nkEmpty
    nkEmpty
    nkStmtList
      nkAsgn
        nkIdent 'nsProgram_counter'
        nkIntLit 10
  nkWhenStmt
    nkElifBranch
      nkIdent 'isMainModule'
      nkStmtList
        nkCall
          nkIdent 'Main'
