nkStmtList
  nkImportStmt
    nkStrLit "nsharp/intrinsics"
  nkPragma
    nkIdent 'push'
    nkExprColonExpr
      nkIdent 'overflowChecks'
      nkIdent 'off'
  nkImportStmt
    nkStrLit "System"
  nkTypeSection
    nkTypeDef
      nkPostfix
        nkIdent '*'
        nkIdent 'Animal'
      nkEmpty
      nkRefTy
        nkObjectTy
          nkEmpty
          nkOfInherit
            nkIdent 'RootObj'
          nkRecList
            nkIdentDefs
              nkPostfix
                nkIdent '*'
                nkIdent 'name'
              nkIdent 'string'
              nkEmpty
    nkTypeDef
      nkPostfix
        nkIdent '*'
        nkIdent 'Dog'
      nkEmpty
      nkRefTy
        nkObjectTy
          nkEmpty
          nkOfInherit
            nkIdent 'Animal'
          nkRecList
    nkTypeDef
      nkPostfix
        nkIdent '*'
        nkIdent 'Puppy'
      nkEmpty
      nkRefTy
        nkObjectTy
          nkEmpty
          nkOfInherit
            nkIdent 'Dog'
          nkRecList
    nkTypeDef
      nkPostfix
        nkIdent '*'
        nkIdent 'Bird'
      nkEmpty
      nkRefTy
        nkObjectTy
          nkEmpty
          nkOfInherit
            nkIdent 'Animal'
          nkRecList
    nkTypeDef
      nkPostfix
        nkIdent '*'
        nkIdent 'Plain'
      nkEmpty
      nkRefTy
        nkObjectTy
          nkEmpty
          nkOfInherit
            nkIdent 'RootObj'
          nkRecList
    nkTypeDef
      nkPostfix
        nkIdent '*'
        nkIdent 'Point'
      nkEmpty
      nkObjectTy
        nkEmpty
        nkOfInherit
          nkIdent 'RootObj'
        nkRecList
          nkIdentDefs
            nkPostfix
              nkIdent '*'
              nkIdent 'X'
            nkIdent 'int32'
            nkEmpty
          nkIdentDefs
            nkPostfix
              nkIdent '*'
              nkIdent 'Y'
            nkIdent 'int32'
            nkEmpty
    nkTypeDef
      nkPostfix
        nkIdent '*'
        nkIdent 'Bare'
      nkEmpty
      nkObjectTy
        nkEmpty
        nkOfInherit
          nkIdent 'RootObj'
        nkRecList
          nkIdentDefs
            nkPostfix
              nkIdent '*'
              nkIdent 'V'
            nkIdent 'int32'
            nkEmpty
    nkTypeDef
      nkPostfix
        nkIdent '*'
        nkIdent 'Program'
      nkEmpty
      nkRefTy
        nkObjectTy
          nkEmpty
          nkOfInherit
            nkIdent 'RootObj'
          nkRecList
  nkMethodDef
    nkPostfix
      nkIdent '*'
      nkIdent 'ToString'
    nkEmpty
    nkEmpty
    nkFormalParams
      nkIdent 'string'
      nkIdentDefs
        nkIdent 'self'
        nkIdent 'Animal'
        nkEmpty
    nkEmpty
    nkEmpty
    nkEmpty
  nkProcDef
    nkPostfix
      nkIdent '*'
      nkIdent 'initAnimal'
    nkEmpty
    nkEmpty
    nkFormalParams
      nkEmpty
      nkIdentDefs
        nkIdent 'self'
        nkIdent 'Animal'
        nkEmpty
      nkIdentDefs
        nkIdent 'name'
        nkIdent 'string'
        nkEmpty
    nkEmpty
    nkEmpty
    nkEmpty
  nkProcDef
    nkPostfix
      nkIdent '*'
      nkIdent 'newAnimal'
    nkEmpty
    nkEmpty
    nkFormalParams
      nkIdent 'Animal'
      nkIdentDefs
        nkIdent 'name'
        nkIdent 'string'
        nkEmpty
    nkPragma
      nkIdent 'discardable'
    nkEmpty
    nkEmpty
  nkMethodDef
    nkPostfix
      nkIdent '*'
      nkIdent 'Sound'
    nkEmpty
    nkEmpty
    nkFormalParams
      nkIdent 'string'
      nkIdentDefs
        nkIdent 'self'
        nkIdent 'Animal'
        nkEmpty
    nkPragma
      nkIdent 'base'
    nkEmpty
    nkEmpty
  nkMethodDef
    nkPostfix
      nkIdent '*'
      nkIdent 'Describe'
    nkEmpty
    nkEmpty
    nkFormalParams
      nkIdent 'string'
      nkIdentDefs
        nkIdent 'self'
        nkIdent 'Animal'
        nkEmpty
    nkPragma
      nkIdent 'base'
    nkEmpty
    nkEmpty
  nkMethodDef
    nkPostfix
      nkIdent '*'
      nkIdent 'Legs'
    nkEmpty
    nkEmpty
    nkFormalParams
      nkIdent 'int32'
      nkIdentDefs
        nkIdent 'self'
        nkIdent 'Animal'
        nkEmpty
    nkPragma
      nkIdent 'base'
    nkEmpty
    nkEmpty
  nkProcDef
    nkPostfix
      nkIdent '*'
      nkIdent 'Kind'
    nkEmpty
    nkEmpty
    nkFormalParams
      nkIdent 'string'
      nkIdentDefs
        nkIdent 'self'
        nkIdent 'Animal'
        nkEmpty
    nkEmpty
    nkEmpty
    nkEmpty
  nkProcDef
    nkPostfix
      nkIdent '*'
      nkIdent 'initDog'
    nkEmpty
    nkEmpty
    nkFormalParams
      nkEmpty
      nkIdentDefs
        nkIdent 'self'
        nkIdent 'Dog'
        nkEmpty
      nkIdentDefs
        nkIdent 'name'
        nkIdent 'string'
        nkEmpty
    nkEmpty
    nkEmpty
    nkEmpty
  nkProcDef
    nkPostfix
      nkIdent '*'
      nkIdent 'newDog'
    nkEmpty
    nkEmpty
    nkFormalParams
      nkIdent 'Dog'
      nkIdentDefs
        nkIdent 'name'
        nkIdent 'string'
        nkEmpty
    nkPragma
      nkIdent 'discardable'
    nkEmpty
    nkEmpty
  nkMethodDef
    nkPostfix
      nkIdent '*'
      nkIdent 'Sound'
    nkEmpty
    nkEmpty
    nkFormalParams
      nkIdent 'string'
      nkIdentDefs
        nkIdent 'self'
        nkIdent 'Dog'
        nkEmpty
    nkEmpty
    nkEmpty
    nkEmpty
  nkMethodDef
    nkPostfix
      nkIdent '*'
      nkIdent 'Describe'
    nkEmpty
    nkEmpty
    nkFormalParams
      nkIdent 'string'
      nkIdentDefs
        nkIdent 'self'
        nkIdent 'Dog'
        nkEmpty
    nkEmpty
    nkEmpty
    nkEmpty
  nkMethodDef
    nkPostfix
      nkIdent '*'
      nkIdent 'ToString'
    nkEmpty
    nkEmpty
    nkFormalParams
      nkIdent 'string'
      nkIdentDefs
        nkIdent 'self'
        nkIdent 'Dog'
        nkEmpty
    nkEmpty
    nkEmpty
    nkEmpty
  nkProcDef
    nkPostfix
      nkIdent '*'
      nkIdent 'initPuppy'
    nkEmpty
    nkEmpty
    nkFormalParams
      nkEmpty
      nkIdentDefs
        nkIdent 'self'
        nkIdent 'Puppy'
        nkEmpty
      nkIdentDefs
        nkIdent 'name'
        nkIdent 'string'
        nkEmpty
    nkEmpty
    nkEmpty
    nkEmpty
  nkProcDef
    nkPostfix
      nkIdent '*'
      nkIdent 'newPuppy'
    nkEmpty
    nkEmpty
    nkFormalParams
      nkIdent 'Puppy'
      nkIdentDefs
        nkIdent 'name'
        nkIdent 'string'
        nkEmpty
    nkPragma
      nkIdent 'discardable'
    nkEmpty
    nkEmpty
  nkMethodDef
    nkPostfix
      nkIdent '*'
      nkIdent 'Sound'
    nkEmpty
    nkEmpty
    nkFormalParams
      nkIdent 'string'
      nkIdentDefs
        nkIdent 'self'
        nkIdent 'Puppy'
        nkEmpty
    nkEmpty
    nkEmpty
    nkEmpty
  nkProcDef
    nkPostfix
      nkIdent '*'
      nkIdent 'Kind'
    nkEmpty
    nkEmpty
    nkFormalParams
      nkIdent 'string'
      nkIdentDefs
        nkIdent 'self'
        nkIdent 'Puppy'
        nkEmpty
    nkEmpty
    nkEmpty
    nkEmpty
  nkMethodDef
    nkPostfix
      nkIdent '*'
      nkIdent 'ToString'
    nkEmpty
    nkEmpty
    nkFormalParams
      nkIdent 'string'
      nkIdentDefs
        nkIdent 'self'
        nkIdent 'Bird'
        nkEmpty
    nkEmpty
    nkEmpty
    nkEmpty
  nkProcDef
    nkPostfix
      nkIdent '*'
      nkIdent 'initBird'
    nkEmpty
    nkEmpty
    nkFormalParams
      nkEmpty
      nkIdentDefs
        nkIdent 'self'
        nkIdent 'Bird'
        nkEmpty
      nkIdentDefs
        nkIdent 'name'
        nkIdent 'string'
        nkEmpty
    nkEmpty
    nkEmpty
    nkEmpty
  nkProcDef
    nkPostfix
      nkIdent '*'
      nkIdent 'newBird'
    nkEmpty
    nkEmpty
    nkFormalParams
      nkIdent 'Bird'
      nkIdentDefs
        nkIdent 'name'
        nkIdent 'string'
        nkEmpty
    nkPragma
      nkIdent 'discardable'
    nkEmpty
    nkEmpty
  nkMethodDef
    nkPostfix
      nkIdent '*'
      nkIdent 'Sound'
    nkEmpty
    nkEmpty
    nkFormalParams
      nkIdent 'string'
      nkIdentDefs
        nkIdent 'self'
        nkIdent 'Bird'
        nkEmpty
    nkEmpty
    nkEmpty
    nkEmpty
  nkMethodDef
    nkPostfix
      nkIdent '*'
      nkIdent 'Legs'
    nkEmpty
    nkEmpty
    nkFormalParams
      nkIdent 'int32'
      nkIdentDefs
        nkIdent 'self'
        nkIdent 'Bird'
        nkEmpty
    nkEmpty
    nkEmpty
    nkEmpty
  nkMethodDef
    nkPostfix
      nkIdent '*'
      nkIdent 'ToString'
    nkEmpty
    nkEmpty
    nkFormalParams
      nkIdent 'string'
      nkIdentDefs
        nkIdent 'self'
        nkIdent 'Plain'
        nkEmpty
    nkEmpty
    nkEmpty
    nkEmpty
  nkProcDef
    nkPostfix
      nkIdent '*'
      nkIdent 'nsCreate'
    nkEmpty
    nkEmpty
    nkFormalParams
      nkIdent 'Plain'
      nkIdentDefs
        nkIdent 't'
        nkBracketExpr
          nkIdent 'typedesc'
          nkIdent 'Plain'
        nkEmpty
    nkEmpty
    nkEmpty
    nkEmpty
  nkProcDef
    nkPostfix
      nkIdent '*'
      nkIdent 'initPlain'
    nkEmpty
    nkEmpty
    nkFormalParams
      nkEmpty
      nkIdentDefs
        nkIdent 'self'
        nkIdent 'Plain'
        nkEmpty
    nkEmpty
    nkEmpty
    nkEmpty
  nkProcDef
    nkPostfix
      nkIdent '*'
      nkIdent 'newPlain'
    nkEmpty
    nkEmpty
    nkFormalParams
      nkIdent 'Plain'
    nkPragma
      nkIdent 'discardable'
    nkEmpty
    nkEmpty
  nkProcDef
    nkPostfix
      nkIdent '*'
      nkIdent '$'
    nkEmpty
    nkEmpty
    nkFormalParams
      nkIdent 'string'
      nkIdentDefs
        nkIdent 'self'
        nkIdent 'Point'
        nkEmpty
    nkEmpty
    nkEmpty
    nkEmpty
  nkProcDef
    nkPostfix
      nkIdent '*'
      nkIdent 'ToString'
    nkEmpty
    nkEmpty
    nkFormalParams
      nkIdent 'string'
      nkIdentDefs
        nkIdent 'self'
        nkIdent 'Point'
        nkEmpty
    nkEmpty
    nkEmpty
    nkEmpty
  nkProcDef
    nkPostfix
      nkIdent '*'
      nkIdent 'nsCreate'
    nkEmpty
    nkEmpty
    nkFormalParams
      nkIdent 'Point'
      nkIdentDefs
        nkIdent 't'
        nkBracketExpr
          nkIdent 'typedesc'
          nkIdent 'Point'
        nkEmpty
    nkEmpty
    nkEmpty
    nkEmpty
  nkProcDef
    nkPostfix
      nkIdent '*'
      nkIdent 'initPoint'
    nkEmpty
    nkEmpty
    nkFormalParams
      nkEmpty
      nkIdentDefs
        nkIdent 'self'
        nkIdent 'Point'
        nkEmpty
    nkEmpty
    nkEmpty
    nkEmpty
  nkProcDef
    nkPostfix
      nkIdent '*'
      nkIdent 'newPoint'
    nkEmpty
    nkEmpty
    nkFormalParams
      nkIdent 'Point'
    nkPragma
      nkIdent 'discardable'
    nkEmpty
    nkEmpty
  nkProcDef
    nkPostfix
      nkIdent '*'
      nkIdent 'ToString'
    nkEmpty
    nkEmpty
    nkFormalParams
      nkIdent 'string'
      nkIdentDefs
        nkIdent 'self'
        nkIdent 'Bare'
        nkEmpty
    nkEmpty
    nkEmpty
    nkEmpty
  nkProcDef
    nkPostfix
      nkIdent '*'
      nkIdent '$'
    nkEmpty
    nkEmpty
    nkFormalParams
      nkIdent 'string'
      nkIdentDefs
        nkIdent 'self'
        nkIdent 'Bare'
        nkEmpty
    nkEmpty
    nkEmpty
    nkEmpty
  nkProcDef
    nkPostfix
      nkIdent '*'
      nkIdent 'nsCreate'
    nkEmpty
    nkEmpty
    nkFormalParams
      nkIdent 'Bare'
      nkIdentDefs
        nkIdent 't'
        nkBracketExpr
          nkIdent 'typedesc'
          nkIdent 'Bare'
        nkEmpty
    nkEmpty
    nkEmpty
    nkEmpty
  nkProcDef
    nkPostfix
      nkIdent '*'
      nkIdent 'initBare'
    nkEmpty
    nkEmpty
    nkFormalParams
      nkEmpty
      nkIdentDefs
        nkIdent 'self'
        nkIdent 'Bare'
        nkEmpty
    nkEmpty
    nkEmpty
    nkEmpty
  nkProcDef
    nkPostfix
      nkIdent '*'
      nkIdent 'newBare'
    nkEmpty
    nkEmpty
    nkFormalParams
      nkIdent 'Bare'
    nkPragma
      nkIdent 'discardable'
    nkEmpty
    nkEmpty
  nkMethodDef
    nkPostfix
      nkIdent '*'
      nkIdent 'ToString'
    nkEmpty
    nkEmpty
    nkFormalParams
      nkIdent 'string'
      nkIdentDefs
        nkIdent 'self'
        nkIdent 'Program'
        nkEmpty
    nkEmpty
    nkEmpty
    nkEmpty
  nkProcDef
    nkIdent 'Main'
    nkEmpty
    nkEmpty
    nkFormalParams
      nkEmpty
    nkEmpty
    nkEmpty
    nkEmpty
  nkProcDef
    nkPostfix
      nkIdent '*'
      nkIdent 'nsCreate'
    nkEmpty
    nkEmpty
    nkFormalParams
      nkIdent 'Program'
      nkIdentDefs
        nkIdent 't'
        nkBracketExpr
          nkIdent 'typedesc'
          nkIdent 'Program'
        nkEmpty
    nkEmpty
    nkEmpty
    nkEmpty
  nkProcDef
    nkPostfix
      nkIdent '*'
      nkIdent 'initProgram'
    nkEmpty
    nkEmpty
    nkFormalParams
      nkEmpty
      nkIdentDefs
        nkIdent 'self'
        nkIdent 'Program'
        nkEmpty
    nkEmpty
    nkEmpty
    nkEmpty
  nkProcDef
    nkPostfix
      nkIdent '*'
      nkIdent 'newProgram'
    nkEmpty
    nkEmpty
    nkFormalParams
      nkIdent 'Program'
    nkPragma
      nkIdent 'discardable'
    nkEmpty
    nkEmpty
  nkMethodDef
    nkPostfix
      nkIdent '*'
      nkIdent 'ToString'
    nkEmpty
    nkEmpty
    nkFormalParams
      nkIdent 'string'
      nkIdentDefs
        nkIdent 'self'
        nkIdent 'Animal'
        nkEmpty
    nkEmpty
    nkEmpty
    nkStmtList
      nkStrLit "Zoo.Animal"
  nkProcDef
    nkPostfix
      nkIdent '*'
      nkIdent 'initAnimal'
    nkEmpty
    nkEmpty
    nkFormalParams
      nkEmpty
      nkIdentDefs
        nkIdent 'self'
        nkIdent 'Animal'
        nkEmpty
      nkIdentDefs
        nkIdent 'name'
        nkIdent 'string'
        nkEmpty
    nkEmpty
    nkEmpty
    nkStmtList
      nkAsgn
        nkDotExpr
          nkIdent 'self'
          nkIdent 'name'
        nkIdent 'name'
  nkProcDef
    nkPostfix
      nkIdent '*'
      nkIdent 'newAnimal'
    nkEmpty
    nkEmpty
    nkFormalParams
      nkIdent 'Animal'
      nkIdentDefs
        nkIdent 'name'
        nkIdent 'string'
        nkEmpty
    nkPragma
      nkIdent 'discardable'
    nkEmpty
    nkStmtList
      nkCall
        nkIdent 'new'
        nkIdent 'result'
      nkCall
        nkIdent 'initAnimal'
        nkIdent 'result'
        nkIdent 'name'
  nkMethodDef
    nkPostfix
      nkIdent '*'
      nkIdent 'Sound'
    nkEmpty
    nkEmpty
    nkFormalParams
      nkIdent 'string'
      nkIdentDefs
        nkIdent 'self'
        nkIdent 'Animal'
        nkEmpty
    nkPragma
      nkIdent 'base'
    nkEmpty
    nkStmtList
      nkRaiseStmt
        nkCall
          nkIdent 'newException'
          nkIdent 'Defect'
          nkStrLit "abstract member called: Sound"
  nkMethodDef
    nkPostfix
      nkIdent '*'
      nkIdent 'Describe'
    nkEmpty
    nkEmpty
    nkFormalParams
      nkIdent 'string'
      nkIdentDefs
        nkIdent 'self'
        nkIdent 'Animal'
        nkEmpty
    nkPragma
      nkIdent 'base'
    nkEmpty
    nkStmtList
      nkReturnStmt
        nkInfix
          nkIdent '+'
          nkInfix
            nkIdent '+'
            nkDotExpr
              nkIdent 'self'
              nkIdent 'name'
            nkStrLit " says "
          nkCall
            nkDotExpr
              nkIdent 'self'
              nkIdent 'Sound'
  nkMethodDef
    nkPostfix
      nkIdent '*'
      nkIdent 'Legs'
    nkEmpty
    nkEmpty
    nkFormalParams
      nkIdent 'int32'
      nkIdentDefs
        nkIdent 'self'
        nkIdent 'Animal'
        nkEmpty
    nkPragma
      nkIdent 'base'
    nkEmpty
    nkStmtList
      nkReturnStmt
        nkIntLit 4
  nkProcDef
    nkPostfix
      nkIdent '*'
      nkIdent 'Kind'
    nkEmpty
    nkEmpty
    nkFormalParams
      nkIdent 'string'
      nkIdentDefs
        nkIdent 'self'
        nkIdent 'Animal'
        nkEmpty
    nkEmpty
    nkEmpty
    nkStmtList
      nkReturnStmt
        nkStrLit "animal"
  nkProcDef
    nkPostfix
      nkIdent '*'
      nkIdent 'initDog'
    nkEmpty
    nkEmpty
    nkFormalParams
      nkEmpty
      nkIdentDefs
        nkIdent 'self'
        nkIdent 'Dog'
        nkEmpty
      nkIdentDefs
        nkIdent 'name'
        nkIdent 'string'
        nkEmpty
    nkEmpty
    nkEmpty
    nkStmtList
      nkCall
        nkIdent 'initAnimal'
        nkIdent 'self'
        nkIdent 'name'
  nkProcDef
    nkPostfix
      nkIdent '*'
      nkIdent 'newDog'
    nkEmpty
    nkEmpty
    nkFormalParams
      nkIdent 'Dog'
      nkIdentDefs
        nkIdent 'name'
        nkIdent 'string'
        nkEmpty
    nkPragma
      nkIdent 'discardable'
    nkEmpty
    nkStmtList
      nkCall
        nkIdent 'new'
        nkIdent 'result'
      nkCall
        nkIdent 'initDog'
        nkIdent 'result'
        nkIdent 'name'
  nkMethodDef
    nkPostfix
      nkIdent '*'
      nkIdent 'Sound'
    nkEmpty
    nkEmpty
    nkFormalParams
      nkIdent 'string'
      nkIdentDefs
        nkIdent 'self'
        nkIdent 'Dog'
        nkEmpty
    nkEmpty
    nkEmpty
    nkStmtList
      nkReturnStmt
        nkStrLit "woof"
  nkMethodDef
    nkPostfix
      nkIdent '*'
      nkIdent 'Describe'
    nkEmpty
    nkEmpty
    nkFormalParams
      nkIdent 'string'
      nkIdentDefs
        nkIdent 'self'
        nkIdent 'Dog'
        nkEmpty
    nkEmpty
    nkEmpty
    nkStmtList
      nkReturnStmt
        nkInfix
          nkIdent '+'
          nkStrLit "Dog: "
          nkCommand
            nkIdent 'procCall'
            nkCall
              nkIdent 'Describe'
              nkCall
                nkIdent 'Animal'
                nkIdent 'self'
  nkMethodDef
    nkPostfix
      nkIdent '*'
      nkIdent 'ToString'
    nkEmpty
    nkEmpty
    nkFormalParams
      nkIdent 'string'
      nkIdentDefs
        nkIdent 'self'
        nkIdent 'Dog'
        nkEmpty
    nkEmpty
    nkEmpty
    nkStmtList
      nkReturnStmt
        nkInfix
          nkIdent '+'
          nkInfix
            nkIdent '+'
            nkStrLit "Dog("
            nkDotExpr
              nkIdent 'self'
              nkIdent 'name'
          nkStrLit ")"
  nkProcDef
    nkPostfix
      nkIdent '*'
      nkIdent 'initPuppy'
    nkEmpty
    nkEmpty
    nkFormalParams
      nkEmpty
      nkIdentDefs
        nkIdent 'self'
        nkIdent 'Puppy'
        nkEmpty
      nkIdentDefs
        nkIdent 'name'
        nkIdent 'string'
        nkEmpty
    nkEmpty
    nkEmpty
    nkStmtList
      nkCall
        nkIdent 'initDog'
        nkIdent 'self'
        nkIdent 'name'
  nkProcDef
    nkPostfix
      nkIdent '*'
      nkIdent 'newPuppy'
    nkEmpty
    nkEmpty
    nkFormalParams
      nkIdent 'Puppy'
      nkIdentDefs
        nkIdent 'name'
        nkIdent 'string'
        nkEmpty
    nkPragma
      nkIdent 'discardable'
    nkEmpty
    nkStmtList
      nkCall
        nkIdent 'new'
        nkIdent 'result'
      nkCall
        nkIdent 'initPuppy'
        nkIdent 'result'
        nkIdent 'name'
  nkMethodDef
    nkPostfix
      nkIdent '*'
      nkIdent 'Sound'
    nkEmpty
    nkEmpty
    nkFormalParams
      nkIdent 'string'
      nkIdentDefs
        nkIdent 'self'
        nkIdent 'Puppy'
        nkEmpty
    nkEmpty
    nkEmpty
    nkStmtList
      nkReturnStmt
        nkStrLit "yip"
  nkProcDef
    nkPostfix
      nkIdent '*'
      nkIdent 'Kind'
    nkEmpty
    nkEmpty
    nkFormalParams
      nkIdent 'string'
      nkIdentDefs
        nkIdent 'self'
        nkIdent 'Puppy'
        nkEmpty
    nkEmpty
    nkEmpty
    nkStmtList
      nkReturnStmt
        nkStrLit "puppy"
  nkMethodDef
    nkPostfix
      nkIdent '*'
      nkIdent 'ToString'
    nkEmpty
    nkEmpty
    nkFormalParams
      nkIdent 'string'
      nkIdentDefs
        nkIdent 'self'
        nkIdent 'Bird'
        nkEmpty
    nkEmpty
    nkEmpty
    nkStmtList
      nkStrLit "Zoo.Bird"
  nkProcDef
    nkPostfix
      nkIdent '*'
      nkIdent 'initBird'
    nkEmpty
    nkEmpty
    nkFormalParams
      nkEmpty
      nkIdentDefs
        nkIdent 'self'
        nkIdent 'Bird'
        nkEmpty
      nkIdentDefs
        nkIdent 'name'
        nkIdent 'string'
        nkEmpty
    nkEmpty
    nkEmpty
    nkStmtList
      nkCall
        nkIdent 'initAnimal'
        nkIdent 'self'
        nkIdent 'name'
  nkProcDef
    nkPostfix
      nkIdent '*'
      nkIdent 'newBird'
    nkEmpty
    nkEmpty
    nkFormalParams
      nkIdent 'Bird'
      nkIdentDefs
        nkIdent 'name'
        nkIdent 'string'
        nkEmpty
    nkPragma
      nkIdent 'discardable'
    nkEmpty
    nkStmtList
      nkCall
        nkIdent 'new'
        nkIdent 'result'
      nkCall
        nkIdent 'initBird'
        nkIdent 'result'
        nkIdent 'name'
  nkMethodDef
    nkPostfix
      nkIdent '*'
      nkIdent 'Sound'
    nkEmpty
    nkEmpty
    nkFormalParams
      nkIdent 'string'
      nkIdentDefs
        nkIdent 'self'
        nkIdent 'Bird'
        nkEmpty
    nkEmpty
    nkEmpty
    nkStmtList
      nkReturnStmt
        nkStrLit "tweet"
  nkMethodDef
    nkPostfix
      nkIdent '*'
      nkIdent 'Legs'
    nkEmpty
    nkEmpty
    nkFormalParams
      nkIdent 'int32'
      nkIdentDefs
        nkIdent 'self'
        nkIdent 'Bird'
        nkEmpty
    nkEmpty
    nkEmpty
    nkStmtList
      nkReturnStmt
        nkInfix
          nkIdent '-'
          nkCommand
            nkIdent 'procCall'
            nkCall
              nkIdent 'Legs'
              nkCall
                nkIdent 'Animal'
                nkIdent 'self'
          nkIntLit 2
  nkMethodDef
    nkPostfix
      nkIdent '*'
      nkIdent 'ToString'
    nkEmpty
    nkEmpty
    nkFormalParams
      nkIdent 'string'
      nkIdentDefs
        nkIdent 'self'
        nkIdent 'Plain'
        nkEmpty
    nkEmpty
    nkEmpty
    nkStmtList
      nkStrLit "Zoo.Plain"
  nkProcDef
    nkPostfix
      nkIdent '*'
      nkIdent 'nsCreate'
    nkEmpty
    nkEmpty
    nkFormalParams
      nkIdent 'Plain'
      nkIdentDefs
        nkIdent 't'
        nkBracketExpr
          nkIdent 'typedesc'
          nkIdent 'Plain'
        nkEmpty
    nkEmpty
    nkEmpty
    nkStmtList
      nkCall
        nkIdent 'newPlain'
  nkProcDef
    nkPostfix
      nkIdent '*'
      nkIdent 'initPlain'
    nkEmpty
    nkEmpty
    nkFormalParams
      nkEmpty
      nkIdentDefs
        nkIdent 'self'
        nkIdent 'Plain'
        nkEmpty
    nkEmpty
    nkEmpty
    nkStmtList
  nkProcDef
    nkPostfix
      nkIdent '*'
      nkIdent 'newPlain'
    nkEmpty
    nkEmpty
    nkFormalParams
      nkIdent 'Plain'
    nkPragma
      nkIdent 'discardable'
    nkEmpty
    nkStmtList
      nkCall
        nkIdent 'new'
        nkIdent 'result'
      nkCall
        nkIdent 'initPlain'
        nkIdent 'result'
  nkProcDef
    nkPostfix
      nkIdent '*'
      nkIdent '$'
    nkEmpty
    nkEmpty
    nkFormalParams
      nkIdent 'string'
      nkIdentDefs
        nkIdent 'self'
        nkIdent 'Point'
        nkEmpty
    nkEmpty
    nkEmpty
    nkStmtList
      nkCall
        nkIdent 'ToString'
        nkIdent 'self'
  nkProcDef
    nkPostfix
      nkIdent '*'
      nkIdent 'ToString'
    nkEmpty
    nkEmpty
    nkFormalParams
      nkIdent 'string'
      nkIdentDefs
        nkIdent 'self'
        nkIdent 'Point'
        nkEmpty
    nkEmpty
    nkEmpty
    nkStmtList
      nkReturnStmt
        nkInfix
          nkIdent '+'
          nkInfix
            nkIdent '+'
            nkInfix
              nkIdent '+'
              nkInfix
                nkIdent '+'
                nkStrLit "("
                nkDotExpr
                  nkIdent 'self'
                  nkIdent 'X'
              nkStrLit ", "
            nkDotExpr
              nkIdent 'self'
              nkIdent 'Y'
          nkStrLit ")"
  nkProcDef
    nkPostfix
      nkIdent '*'
      nkIdent 'nsCreate'
    nkEmpty
    nkEmpty
    nkFormalParams
      nkIdent 'Point'
      nkIdentDefs
        nkIdent 't'
        nkBracketExpr
          nkIdent 'typedesc'
          nkIdent 'Point'
        nkEmpty
    nkEmpty
    nkEmpty
    nkStmtList
      nkCall
        nkIdent 'newPoint'
  nkProcDef
    nkPostfix
      nkIdent '*'
      nkIdent 'initPoint'
    nkEmpty
    nkEmpty
    nkFormalParams
      nkEmpty
      nkIdentDefs
        nkIdent 'self'
        nkIdent 'Point'
        nkEmpty
    nkEmpty
    nkEmpty
    nkStmtList
  nkProcDef
    nkPostfix
      nkIdent '*'
      nkIdent 'newPoint'
    nkEmpty
    nkEmpty
    nkFormalParams
      nkIdent 'Point'
    nkPragma
      nkIdent 'discardable'
    nkEmpty
    nkStmtList
      nkCall
        nkIdent 'initPoint'
        nkIdent 'result'
  nkProcDef
    nkPostfix
      nkIdent '*'
      nkIdent 'ToString'
    nkEmpty
    nkEmpty
    nkFormalParams
      nkIdent 'string'
      nkIdentDefs
        nkIdent 'self'
        nkIdent 'Bare'
        nkEmpty
    nkEmpty
    nkEmpty
    nkStmtList
      nkStrLit "Zoo.Bare"
  nkProcDef
    nkPostfix
      nkIdent '*'
      nkIdent '$'
    nkEmpty
    nkEmpty
    nkFormalParams
      nkIdent 'string'
      nkIdentDefs
        nkIdent 'self'
        nkIdent 'Bare'
        nkEmpty
    nkEmpty
    nkEmpty
    nkStmtList
      nkCall
        nkIdent 'ToString'
        nkIdent 'self'
  nkProcDef
    nkPostfix
      nkIdent '*'
      nkIdent 'nsCreate'
    nkEmpty
    nkEmpty
    nkFormalParams
      nkIdent 'Bare'
      nkIdentDefs
        nkIdent 't'
        nkBracketExpr
          nkIdent 'typedesc'
          nkIdent 'Bare'
        nkEmpty
    nkEmpty
    nkEmpty
    nkStmtList
      nkCall
        nkIdent 'newBare'
  nkProcDef
    nkPostfix
      nkIdent '*'
      nkIdent 'initBare'
    nkEmpty
    nkEmpty
    nkFormalParams
      nkEmpty
      nkIdentDefs
        nkIdent 'self'
        nkIdent 'Bare'
        nkEmpty
    nkEmpty
    nkEmpty
    nkStmtList
  nkProcDef
    nkPostfix
      nkIdent '*'
      nkIdent 'newBare'
    nkEmpty
    nkEmpty
    nkFormalParams
      nkIdent 'Bare'
    nkPragma
      nkIdent 'discardable'
    nkEmpty
    nkStmtList
      nkCall
        nkIdent 'initBare'
        nkIdent 'result'
  nkMethodDef
    nkPostfix
      nkIdent '*'
      nkIdent 'ToString'
    nkEmpty
    nkEmpty
    nkFormalParams
      nkIdent 'string'
      nkIdentDefs
        nkIdent 'self'
        nkIdent 'Program'
        nkEmpty
    nkEmpty
    nkEmpty
    nkStmtList
      nkStrLit "Zoo.Program"
  nkProcDef
    nkIdent 'Main'
    nkEmpty
    nkEmpty
    nkFormalParams
      nkEmpty
    nkEmpty
    nkEmpty
    nkStmtList
      nkVarSection
        nkIdentDefs
          nkIdent 'zoo'
          nkBracketExpr
            nkIdent 'seq'
            nkIdent 'Animal'
          nkPrefix
            nkIdent '@'
            nkBracket
              nkCall
                nkIdent 'Animal'
                nkCall
                  nkIdent 'newDog'
                  nkStrLit "rex"
              nkCall
                nkIdent 'Animal'
                nkCall
                  nkIdent 'newBird'
                  nkStrLit "tweety"
              nkCall
                nkIdent 'Animal'
                nkCall
                  nkIdent 'newPuppy'
                  nkStrLit "bit"
      nkForStmt
        nkIdent 'a'
        nkIdent 'zoo'
        nkStmtList
          nkCall
            nkIdent 'WriteLine'
            nkCall
              nkDotExpr
                nkCall
                  nkIdent 'nsCheckNil'
                  nkIdent 'a'
                nkIdent 'Describe'
          nkCall
            nkIdent 'WriteLine'
            nkDotExpr
              nkCall
                nkIdent 'nsCheckNil'
                nkIdent 'a'
              nkIdent 'Legs'
          nkCall
            nkIdent 'WriteLine'
            nkCall
              nkDotExpr
                nkCall
                  nkIdent 'nsCheckNil'
                  nkIdent 'a'
                nkIdent 'Kind'
      nkVarSection
        nkIdentDefs
          nkIdent 'p'
          nkIdent 'Puppy'
          nkCall
            nkIdent 'newPuppy'
            nkStrLit "max"
      nkCall
        nkIdent 'WriteLine'
        nkCall
          nkDotExpr
            nkCall
              nkIdent 'nsCheckNil'
              nkIdent 'p'
            nkIdent 'Kind'
      nkCall
        nkIdent 'WriteLine'
        nkIdent 'p'
      nkCall
        nkIdent 'WriteLine'
        nkBracketExpr
          nkIdent 'zoo'
          nkIntLit 1
      nkCall
        nkIdent 'WriteLine'
        nkCall
          nkIdent 'newPlain'
      nkCall
        nkIdent 'WriteLine'
        nkCall
          nkDotExpr
            nkCall
              nkIdent 'nsCheckNil'
              nkBracketExpr
                nkIdent 'zoo'
                nkIntLit 0
            nkIdent 'ToString'
      nkVarSection
        nkIdentDefs
          nkIdent 'pt'
          nkIdent 'Point'
          nkCall
            nkIdent 'newPoint'
      nkAsgn
        nkDotExpr
          nkIdent 'pt'
          nkIdent 'X'
        nkIntLit 3
      nkAsgn
        nkDotExpr
          nkIdent 'pt'
          nkIdent 'Y'
        nkIntLit 4
      nkCall
        nkIdent 'WriteLine'
        nkIdent 'pt'
      nkCall
        nkIdent 'WriteLine'
        nkInfix
          nkIdent '+'
          nkStrLit "at "
          nkIdent 'pt'
      nkCall
        nkIdent 'WriteLine'
        nkCall
          nkIdent 'newBare'
  nkProcDef
    nkPostfix
      nkIdent '*'
      nkIdent 'nsCreate'
    nkEmpty
    nkEmpty
    nkFormalParams
      nkIdent 'Program'
      nkIdentDefs
        nkIdent 't'
        nkBracketExpr
          nkIdent 'typedesc'
          nkIdent 'Program'
        nkEmpty
    nkEmpty
    nkEmpty
    nkStmtList
      nkCall
        nkIdent 'newProgram'
  nkProcDef
    nkPostfix
      nkIdent '*'
      nkIdent 'initProgram'
    nkEmpty
    nkEmpty
    nkFormalParams
      nkEmpty
      nkIdentDefs
        nkIdent 'self'
        nkIdent 'Program'
        nkEmpty
    nkEmpty
    nkEmpty
    nkStmtList
  nkProcDef
    nkPostfix
      nkIdent '*'
      nkIdent 'newProgram'
    nkEmpty
    nkEmpty
    nkFormalParams
      nkIdent 'Program'
    nkPragma
      nkIdent 'discardable'
    nkEmpty
    nkStmtList
      nkCall
        nkIdent 'new'
        nkIdent 'result'
      nkCall
        nkIdent 'initProgram'
        nkIdent 'result'
  nkWhenStmt
    nkElifBranch
      nkIdent 'isMainModule'
      nkStmtList
        nkCall
          nkIdent 'Main'
