using System
using System.Collections.Generic
member ArgumentException.Message = System | string
member Console.WriteLine = System | void
member Console.WriteLine = System | void
member Console.WriteLine = System | void
member Console.WriteLine = System | void
member Console.WriteLine = System | void
member Console.WriteLine = System | void
member Console.WriteLine = System | void
member Console.WriteLine = System | void
member Console.WriteLine = System | void
member Console.WriteLine = System | void
member Console.WriteLine = System | void
member Console.WriteLine = System | void
member Console.WriteLine = System | void
member Console.WriteLine = System | void
member Console.WriteLine = System | void
member Console.WriteLine = System | void
member Console.WriteLine = System | void
member Console.WriteLine = System | void
member Console.WriteLine = System | void
member Console.WriteLine = System | void
member Console.WriteLine = System | void
member Console.WriteLine = System | void
member Console.WriteLine = System | void
member Console.WriteLine = System | void
member Console.WriteLine = System | void
member Console.WriteLine = System | void
member Console.WriteLine = System | void
member Dictionary.Add = System.Collections.Generic | void
member Dictionary.Add = System.Collections.Generic | void
member Dictionary.Clear = System.Collections.Generic | void
member Dictionary.ContainsValue = System.Collections.Generic | bool
member Dictionary.Count = System.Collections.Generic | int
member Dictionary.Count = System.Collections.Generic | int
member Dictionary.Remove = System.Collections.Generic | bool
member Dictionary.Remove = System.Collections.Generic | bool
member Dictionary.TryAdd = System.Collections.Generic | bool
member Dictionary.TryAdd = System.Collections.Generic | bool
member KeyCollection.CopyTo = System.Collections.Generic | void
member KeyCollection.Count = System.Collections.Generic | int
member KeyCollection.Count = System.Collections.Generic | int
member KeyNotFoundException.Message = System | string
member SortedDictionary.Add = System.Collections.Generic | void
member SortedDictionary.ContainsKey = System.Collections.Generic | bool
member SortedDictionary.Count = System.Collections.Generic | int
member SortedDictionary.Remove = System.Collections.Generic | bool
member SortedList.Add = System.Collections.Generic | void
member SortedList.Add = System.Collections.Generic | void
member SortedList.IndexOfKey = System.Collections.Generic | int
member SortedList.IndexOfValue = System.Collections.Generic | int
member SortedList.RemoveAt = System.Collections.Generic | void
