using System
member Console.WriteLine = System | void
member Console.WriteLine = System | void
member Console.WriteLine = System | void
member Console.WriteLine = System | void
member Console.WriteLine = System | void
member Console.WriteLine = System | void
member Console.WriteLine = System | void
member Console.WriteLine = System | void
member Console.WriteLine = System | void
member Console.WriteLine = System | void
member Console.WriteLine = System | void
member Console.WriteLine = System | void
member Console.WriteLine = System | void
member OverflowException.Message = System | string
member OverflowException.Message = System | string
member OverflowException.Message = System | string
member OverflowException.Message = System | string
